INFO: [VRFC 10-2263] Analyzing Verilog file "D:/FPGA/Vivaldo Project/PUCCH FORMAT 0/PUCCH-FORMAT-0/Cyclic_Shift_Generator/phase_generator/phase_generator/phase_generator.ip_user_files/ip/modulo_12_1_nomalize/new/modulo_12.v" into library xil_defaultlib
INFO: [VRFC 10-311] analyzing module modulo_12
INFO: [VRFC 10-2263] Analyzing Verilog file "D:/FPGA/Vivaldo Project/PUCCH FORMAT 0/PUCCH-FORMAT-0/Cyclic_Shift_Generator/phase_generator/phase_generator/phase_generator.ip_user_files/ip/modulo_12_1_nomalize/sim/modulo_12_1_nomalize.v" into library xil_defaultlib
INFO: [VRFC 10-311] analyzing module modulo_12_1_nomalize
INFO: [VRFC 10-2263] Analyzing Verilog file "D:/FPGA/Vivaldo Project/PUCCH FORMAT 0/PUCCH-FORMAT-0/Cyclic_Shift_Generator/phase_generator/phase_generator/phase_generator.ip_user_files/ip/dis_alpha_gen_0/new/dis_alpha_gen.v" into library xil_defaultlib
INFO: [VRFC 10-311] analyzing module dis_alpha_gen
INFO: [VRFC 10-2263] Analyzing Verilog file "D:/FPGA/Vivaldo Project/PUCCH FORMAT 0/PUCCH-FORMAT-0/Cyclic_Shift_Generator/phase_generator/phase_generator/phase_generator.ip_user_files/ip/dis_alpha_gen_0/sim/dis_alpha_gen_0.v" into library xil_defaultlib
INFO: [VRFC 10-311] analyzing module dis_alpha_gen_0
INFO: [VRFC 10-2263] Analyzing Verilog file "D:/FPGA/Vivaldo Project/PUCCH FORMAT 0/PUCCH-FORMAT-0/Cyclic_Shift_Generator/phase_generator/phase_generator/phase_generator.ip_user_files/ip/modulo_12_0/sim/modulo_12_0.v" into library xil_defaultlib
INFO: [VRFC 10-311] analyzing module modulo_12_0
INFO: [VRFC 10-2263] Analyzing Verilog file "D:/FPGA/Vivaldo Project/PUCCH FORMAT 0/PUCCH-FORMAT-0/Cyclic_Shift_Generator/phase_generator/phase_generator/phase_generator.ip_user_files/ip/scramble_sequence_8bits_0/scamble_sequence.srcs/sources_1/new/scramble_sequence.v" into library xil_defaultlib
INFO: [VRFC 10-311] analyzing module scramble_sequence_8bits
INFO: [VRFC 10-311] analyzing module x1_x2_init
INFO: [VRFC 10-2263] Analyzing Verilog file "D:/FPGA/Vivaldo Project/PUCCH FORMAT 0/PUCCH-FORMAT-0/Cyclic_Shift_Generator/phase_generator/phase_generator/phase_generator.ip_user_files/ip/scramble_sequence_8bits_0/sim/scramble_sequence_8bits_0.v" into library xil_defaultlib
INFO: [VRFC 10-311] analyzing module scramble_sequence_8bits_0
INFO: [VRFC 10-2263] Analyzing Verilog file "D:/FPGA/Vivaldo Project/PUCCH FORMAT 0/PUCCH-FORMAT-0/Cyclic_Shift_Generator/phase_generator/phase_generator/phase_generator.srcs/sources_1/new/phase_generator.v" into library xil_defaultlib
INFO: [VRFC 10-311] analyzing module phase_generator
INFO: [VRFC 10-311] analyzing module ack_selection
INFO: [VRFC 10-2263] Analyzing Verilog file "D:/FPGA/Vivaldo Project/PUCCH FORMAT 0/PUCCH-FORMAT-0/Cyclic_Shift_Generator/phase_generator/phase_generator/phase_generator.srcs/sim_1/new/tb.v" into library xil_defaultlib
INFO: [VRFC 10-311] analyzing module tb
