Vivado Simulator 2019.2
Copyright 1986-1999, 2001-2019 Xilinx, Inc. All Rights Reserved.
Running: D:/Xilinx/Vivado/2019.2/bin/unwrapped/win64.o/xelab.exe -wto 60f2c524edc648469501b532ad886952 --incr --debug typical --relax --mt 2 -L xil_defaultlib -L blk_mem_gen_v8_4_4 -L xbip_utils_v3_0_10 -L c_reg_fd_v12_0_6 -L xbip_dsp48_wrapper_v3_0_4 -L xbip_pipe_v3_0_6 -L xbip_dsp48_addsub_v3_0_6 -L xbip_addsub_v3_0_6 -L c_addsub_v12_0_14 -L xbip_bram18k_v3_0_6 -L mult_gen_v12_0_16 -L axi_utils_v2_0_6 -L cordic_v6_0_16 -L cmpy_v6_0_18 -L fifo_generator_v13_2_5 -L xlconstant_v1_1_6 -L xlconcat_v2_1_3 -L xlslice_v1_0_2 -L c_mux_bit_v12_0_6 -L c_shift_ram_v12_0_14 -L floating_point_v7_0_17 -L xfft_v9_1_3 -L unisims_ver -L unimacro_ver -L secureip -L xpm --snapshot tb_behav xil_defaultlib.tb xil_defaultlib.glbl -log elaborate.log 
Using 2 slave threads.
Starting static elaboration
Pass Through NonSizing Optimizer
WARNING: [VRFC 10-3715] size mismatch in mixed language port association, vhdl port 'm_axis_dout_tdata' [D:/FPGA/Vivaldo Project/PUCCH-FORMAT-0/pucch0/pucch0.srcs/sources_1/bd/pucch0/ipshared/74e7/correlation.srcs/sources_1/new/correlation.v:120]
WARNING: [VRFC 10-3091] actual bit length 256 differs from formal bit length 128 for port 'dina' [D:/FPGA/Vivaldo Project/PUCCH-FORMAT-0/pucch0/pucch0.srcs/sources_1/bd/pucch0/ipshared/7569/rx_duplication.srcs/sources_1/new/rx_duplication.v:57]
WARNING: [VRFC 10-3091] actual bit length 256 differs from formal bit length 128 for port 'douta' [D:/FPGA/Vivaldo Project/PUCCH-FORMAT-0/pucch0/pucch0.srcs/sources_1/bd/pucch0/ipshared/7569/rx_duplication.srcs/sources_1/new/rx_duplication.v:58]
WARNING: [VRFC 10-3091] actual bit length 256 differs from formal bit length 128 for port 'dina' [D:/FPGA/Vivaldo Project/PUCCH-FORMAT-0/pucch0/pucch0.srcs/sources_1/bd/pucch0/ipshared/7569/rx_duplication.srcs/sources_1/new/rx_duplication.v:64]
WARNING: [VRFC 10-3091] actual bit length 256 differs from formal bit length 128 for port 'douta' [D:/FPGA/Vivaldo Project/PUCCH-FORMAT-0/pucch0/pucch0.srcs/sources_1/bd/pucch0/ipshared/7569/rx_duplication.srcs/sources_1/new/rx_duplication.v:65]
WARNING: [VRFC 10-5021] port 'ena' is not connected on this instance [D:/FPGA/Vivaldo Project/PUCCH-FORMAT-0/pucch0/pucch0.srcs/sources_1/bd/pucch0/ipshared/7569/rx_duplication.srcs/sources_1/new/rx_duplication.v:53]
WARNING: [VRFC 10-5021] port 'ena' is not connected on this instance [D:/FPGA/Vivaldo Project/PUCCH-FORMAT-0/pucch0/pucch0.srcs/sources_1/bd/pucch0/ipshared/7569/rx_duplication.srcs/sources_1/new/rx_duplication.v:60]
Completed static elaboration
Starting simulation data flow analysis
Completed simulation data flow analysis
Time Resolution for simulation is 1ps
Compiling package std.standard
Compiling package std.textio
Compiling package ieee.std_logic_1164
Compiling package ieee.numeric_std
Compiling package xbip_utils_v3_0_10.xbip_utils_v3_0_10_pkg
Compiling package cmpy_v6_0_18.cmpy_v6_0_18_viv_comp
Compiling package axi_utils_v2_0_6.axi_utils_v2_0_6_pkg
Compiling package mult_gen_v12_0_16.mult_gen_v12_0_16_pkg
Compiling package ieee.std_logic_arith
Compiling package ieee.std_logic_signed
Compiling package cmpy_v6_0_18.cmpy_v6_0_18_pkg
Compiling package unisim.vcomponents
Compiling package mult_gen_v12_0_16.dsp_pkg
Compiling package ieee.vital_timing
Compiling package ieee.vital_primitives
Compiling package unisim.vpkg
Compiling package mult_gen_v12_0_16.mult_gen_v12_0_16_viv_comp
Compiling package ieee.std_logic_unsigned
Compiling package cordic_v6_0_16.cordic_v6_0_16_viv_comp
Compiling package xbip_pipe_v3_0_6.xbip_pipe_v3_0_6_viv_comp
Compiling package ieee.math_real
Compiling package axi_utils_v2_0_6.global_util_pkg
Compiling package axi_utils_v2_0_6.axi_utils_comps
Compiling package cordic_v6_0_16.cordic_pack
Compiling package cordic_v6_0_16.cordic_hdl_comps
Compiling package c_addsub_v12_0_14.c_addsub_v12_0_14_viv_comp
Compiling package xbip_addsub_v3_0_6.xbip_addsub_v3_0_6_viv_comp
Compiling package c_addsub_v12_0_14.c_addsub_v12_0_14_pkg
Compiling package c_addsub_v12_0_14.c_addsub_v12_0_14_pkg_legacy
Compiling package c_reg_fd_v12_0_6.c_reg_fd_v12_0_6_viv_comp
Compiling package xfft_v9_1_3.xfft_v9_1_3_viv_comp
Compiling package floating_point_v7_0_17.floating_point_v7_0_17_consts
Compiling package floating_point_v7_0_17.floating_point_v7_0_17_exp_table...
Compiling package floating_point_v7_0_17.floating_point_v7_0_17_pkg
Compiling package xfft_v9_1_3.pkg
Compiling package xfft_v9_1_3.xfft_v9_1_3_axi_pkg
Compiling package c_shift_ram_v12_0_14.c_shift_ram_v12_0_14_pkg
Compiling package c_mux_bit_v12_0_6.c_mux_bit_v12_0_6_viv_comp
Compiling package xpm.vcomponents
Compiling package ieee.std_logic_textio
Compiling package xfft_v9_1_3.quarter_sin_tw_table
Compiling package xfft_v9_1_3.quarter2_sin_tw_table
Compiling module fifo_generator_v13_2_5.fifo_generator_v13_2_5_bhv_ver_s...
Compiling module fifo_generator_v13_2_5.fifo_generator_v13_2_5_CONV_VER(...
Compiling module fifo_generator_v13_2_5.fifo_generator_vlog_beh(C_COMMON...
Compiling module xil_defaultlib.combine_fifo_generator_0
Compiling module xil_defaultlib.combine_rx_sym
Compiling module xil_defaultlib.pucch0_combine_rx_sym_0_0
Compiling module fifo_generator_v13_2_5.fifo_generator_v13_2_5_bhv_ver_s...
Compiling module fifo_generator_v13_2_5.fifo_generator_v13_2_5_CONV_VER(...
Compiling module fifo_generator_v13_2_5.fifo_generator_vlog_beh(C_COMMON...
Compiling module xil_defaultlib.correlation_fifo_generator_0
Compiling module xil_defaultlib.correlation_fifo_generator_1
Compiling module fifo_generator_v13_2_5.fifo_generator_v13_2_5_bhv_ver_s...
Compiling module fifo_generator_v13_2_5.fifo_generator_v13_2_5_CONV_VER(...
Compiling module fifo_generator_v13_2_5.fifo_generator_vlog_beh(C_COMMON...
Compiling module xil_defaultlib.xcorr_fifo
Compiling architecture xilinx of entity cmpy_v6_0_18.delay_line [\delay_line(c_xdevicefamily="vir...]
Compiling architecture xilinx of entity cmpy_v6_0_18.delay_line [\delay_line(c_xdevicefamily="vir...]
Compiling architecture xilinx of entity cmpy_v6_0_18.delay_line [\delay_line(c_xdevicefamily="vir...]
Compiling architecture xilinx of entity cmpy_v6_0_18.delay_line [\delay_line(c_xdevicefamily="vir...]
Compiling architecture xilinx of entity mult_gen_v12_0_16.delay_line [\delay_line(c_xdevicefamily="vir...]
Compiling architecture xilinx of entity mult_gen_v12_0_16.delay_line [\delay_line(c_xdevicefamily="vir...]
Compiling architecture dsp48e2_v of entity unisim.DSP48E2 [\DSP48E2(acascreg=2,alumodereg=0...]
Compiling architecture xilinx of entity mult_gen_v12_0_16.delay_line [\delay_line(c_xdevicefamily="vir...]
Compiling architecture xilinx of entity mult_gen_v12_0_16.op_resize [\op_resize(ai_width=17,ao_width=...]
Compiling architecture xilinx of entity mult_gen_v12_0_16.dsp [\dsp(c_xdevicefamily="virtexuplu...]
Compiling architecture xilinx of entity cmpy_v6_0_18.cmpy_3_dsp48_mult [\cmpy_3_dsp48_mult(c_xdevicefami...]
Compiling architecture xilinx of entity mult_gen_v12_0_16.delay_line [\delay_line(c_xdevicefamily="vir...]
Compiling architecture xilinx of entity mult_gen_v12_0_16.delay_line [\delay_line(c_xdevicefamily="vir...]
Compiling architecture dsp48e2_v of entity unisim.DSP48E2 [\DSP48E2(alumodereg=0,amultsel="...]
Compiling architecture xilinx of entity mult_gen_v12_0_16.dsp [\dsp(c_xdevicefamily="virtexuplu...]
Compiling architecture xilinx of entity cmpy_v6_0_18.cmpy_3_dsp48_mult [\cmpy_3_dsp48_mult(c_xdevicefami...]
Compiling architecture xilinx of entity mult_gen_v12_0_16.dsp [\dsp(c_xdevicefamily="virtexuplu...]
Compiling architecture xilinx of entity cmpy_v6_0_18.cmpy_3_dsp48_mult [\cmpy_3_dsp48_mult(c_xdevicefami...]
Compiling architecture xilinx of entity cmpy_v6_0_18.input_negation [\input_negation(c_xdevicefamily=...]
Compiling architecture xilinx of entity cmpy_v6_0_18.delay_line [\delay_line(c_xdevicefamily="vir...]
Compiling architecture xilinx of entity cmpy_v6_0_18.delay_line [\delay_line(c_xdevicefamily="vir...]
Compiling architecture xilinx of entity cmpy_v6_0_18.cmpy_3_dsp48 [\cmpy_3_dsp48(c_xdevicefamily="v...]
Compiling architecture xilinx of entity cmpy_v6_0_18.cmpy_v6_0_18_synth [\cmpy_v6_0_18_synth(c_xdevicefam...]
Compiling architecture xilinx of entity cmpy_v6_0_18.cmpy_v6_0_18_viv [\cmpy_v6_0_18_viv(c_xdevicefamil...]
Compiling architecture xilinx of entity cmpy_v6_0_18.cmpy_v6_0_18 [\cmpy_v6_0_18(c_xdevicefamily="v...]
Compiling architecture xcorr_cmpy_0_arch of entity xil_defaultlib.xcorr_cmpy_0 [xcorr_cmpy_0_default]
Compiling architecture xcorr_cmpy_1_arch of entity xil_defaultlib.xcorr_cmpy_1 [xcorr_cmpy_1_default]
Compiling architecture xcorr_cmpy_2_arch of entity xil_defaultlib.xcorr_cmpy_2 [xcorr_cmpy_2_default]
Compiling architecture xcorr_cmpy_3_arch of entity xil_defaultlib.xcorr_cmpy_3 [xcorr_cmpy_3_default]
Compiling architecture xcorr_cmpy_4_arch of entity xil_defaultlib.xcorr_cmpy_4 [xcorr_cmpy_4_default]
Compiling architecture xcorr_cmpy_5_arch of entity xil_defaultlib.xcorr_cmpy_5 [xcorr_cmpy_5_default]
Compiling architecture xcorr_cmpy_6_arch of entity xil_defaultlib.xcorr_cmpy_6 [xcorr_cmpy_6_default]
Compiling architecture xcorr_cmpy_7_arch of entity xil_defaultlib.xcorr_cmpy_7 [xcorr_cmpy_7_default]
Compiling architecture xcorr_cmpy_8_arch of entity xil_defaultlib.xcorr_cmpy_8 [xcorr_cmpy_8_default]
Compiling architecture xcorr_cmpy_9_arch of entity xil_defaultlib.xcorr_cmpy_9 [xcorr_cmpy_9_default]
Compiling architecture xcorr_cmpy_10_arch of entity xil_defaultlib.xcorr_cmpy_10 [xcorr_cmpy_10_default]
Compiling architecture xcorr_cmpy_11_arch of entity xil_defaultlib.xcorr_cmpy_11 [xcorr_cmpy_11_default]
Compiling module xil_defaultlib.xcorr_12
Compiling module xil_defaultlib.correlation_xcorr_12_0
Compiling architecture lut2_v of entity unisim.LUT2 [\LUT2(init="1000")(0,3)\]
Compiling architecture mult_and_v of entity unisim.MULT_AND [mult_and_default]
Compiling architecture muxcy_v of entity unisim.MUXCY [muxcy_default]
Compiling architecture xorcy_v of entity unisim.XORCY [xorcy_default]
Compiling architecture xilinx of entity mult_gen_v12_0_16.op_resize [\op_resize(ai_width=21,bi_width=...]
Compiling architecture xilinx of entity mult_gen_v12_0_16.luts [\luts(c_xdevicefamily="virtexupl...]
Compiling architecture xilinx of entity mult_gen_v12_0_16.mult_gen_v12_0_16_viv [\mult_gen_v12_0_16_viv(c_verbosi...]
Compiling architecture xilinx of entity mult_gen_v12_0_16.mult_gen_v12_0_16 [\mult_gen_v12_0_16(c_xdevicefami...]
Compiling architecture correlation_mult_gen_0_arch of entity xil_defaultlib.correlation_mult_gen_0 [correlation_mult_gen_0_default]
Compiling architecture correlation_mult_gen_1_arch of entity xil_defaultlib.correlation_mult_gen_1 [correlation_mult_gen_1_default]
Compiling architecture synth of entity xbip_pipe_v3_0_6.xbip_pipe_v3_0_6_viv [\xbip_pipe_v3_0_6_viv(c_latency=...]
Compiling architecture struct_all of entity cordic_v6_0_16.delay [\delay(delay_len=1,family="virte...]
Compiling architecture rtl of entity c_addsub_v12_0_14.c_addsub_v12_0_14_lut6_legacy [\c_addsub_v12_0_14_lut6_legacy(c...]
Compiling architecture synth of entity c_addsub_v12_0_14.c_addsub_v12_0_14_fabric_legacy [\c_addsub_v12_0_14_fabric_legacy...]
Compiling architecture synth of entity c_addsub_v12_0_14.c_addsub_v12_0_14_legacy [\c_addsub_v12_0_14_legacy(c_fami...]
Compiling architecture synth of entity c_addsub_v12_0_14.c_addsub_v12_0_14_viv [\c_addsub_v12_0_14_viv(c_xdevice...]
Compiling architecture synth of entity cordic_v6_0_16.addsub [\addsub(family="virtexuplus",add...]
Compiling architecture struct_all of entity cordic_v6_0_16.delay [\delay(delay_len=1,family="virte...]
Compiling architecture struct_all of entity cordic_v6_0_16.delay [\delay(delay_len=10,family="virt...]
Compiling architecture synth of entity cordic_v6_0_16.cordic_sqrt_mod [\cordic_sqrt_mod(p_xdevicefamily...]
Compiling architecture struct_all of entity cordic_v6_0_16.delay [\delay(delay_len=1,family="virte...]
Compiling architecture rtl of entity c_addsub_v12_0_14.c_addsub_v12_0_14_lut6_legacy [\c_addsub_v12_0_14_lut6_legacy(c...]
Compiling architecture synth of entity c_addsub_v12_0_14.c_addsub_v12_0_14_fabric_legacy [\c_addsub_v12_0_14_fabric_legacy...]
Compiling architecture synth of entity c_addsub_v12_0_14.c_addsub_v12_0_14_legacy [\c_addsub_v12_0_14_legacy(c_fami...]
Compiling architecture synth of entity c_addsub_v12_0_14.c_addsub_v12_0_14_viv [\c_addsub_v12_0_14_viv(c_xdevice...]
Compiling architecture synth of entity cordic_v6_0_16.addsub [\addsub(family="virtexuplus",add...]
Compiling architecture struct_all of entity cordic_v6_0_16.delay [\delay(delay_len=11,family="virt...]
Compiling architecture synth of entity cordic_v6_0_16.cordic_sqrt_mod [\cordic_sqrt_mod(p_xdevicefamily...]
Compiling architecture rtl of entity c_addsub_v12_0_14.c_addsub_v12_0_14_lut6_legacy [\c_addsub_v12_0_14_lut6_legacy(c...]
Compiling architecture synth of entity c_addsub_v12_0_14.c_addsub_v12_0_14_fabric_legacy [\c_addsub_v12_0_14_fabric_legacy...]
Compiling architecture synth of entity c_addsub_v12_0_14.c_addsub_v12_0_14_legacy [\c_addsub_v12_0_14_legacy(c_fami...]
Compiling architecture synth of entity c_addsub_v12_0_14.c_addsub_v12_0_14_viv [\c_addsub_v12_0_14_viv(c_xdevice...]
Compiling architecture synth of entity cordic_v6_0_16.addsub [\addsub(family="virtexuplus",add...]
Compiling architecture struct_all of entity cordic_v6_0_16.delay [\delay(delay_len=1,family="virte...]
Compiling architecture struct_all of entity cordic_v6_0_16.delay [\delay(delay_len=9,family="virte...]
Compiling architecture synth of entity cordic_v6_0_16.cordic_sqrt_mod [\cordic_sqrt_mod(p_xdevicefamily...]
Compiling architecture struct_all of entity cordic_v6_0_16.delay [\delay(delay_len=1,family="virte...]
Compiling architecture rtl of entity c_addsub_v12_0_14.c_addsub_v12_0_14_lut6_legacy [\c_addsub_v12_0_14_lut6_legacy(c...]
Compiling architecture synth of entity c_addsub_v12_0_14.c_addsub_v12_0_14_fabric_legacy [\c_addsub_v12_0_14_fabric_legacy...]
Compiling architecture synth of entity c_addsub_v12_0_14.c_addsub_v12_0_14_legacy [\c_addsub_v12_0_14_legacy(c_fami...]
Compiling architecture synth of entity c_addsub_v12_0_14.c_addsub_v12_0_14_viv [\c_addsub_v12_0_14_viv(c_xdevice...]
Compiling architecture synth of entity cordic_v6_0_16.addsub [\addsub(family="virtexuplus",add...]
Compiling architecture struct_all of entity cordic_v6_0_16.delay [\delay(delay_len=12,family="virt...]
Compiling architecture synth of entity cordic_v6_0_16.cordic_sqrt_mod [\cordic_sqrt_mod(p_xdevicefamily...]
Compiling architecture rtl of entity c_addsub_v12_0_14.c_addsub_v12_0_14_lut6_legacy [\c_addsub_v12_0_14_lut6_legacy(c...]
Compiling architecture synth of entity c_addsub_v12_0_14.c_addsub_v12_0_14_fabric_legacy [\c_addsub_v12_0_14_fabric_legacy...]
Compiling architecture synth of entity c_addsub_v12_0_14.c_addsub_v12_0_14_legacy [\c_addsub_v12_0_14_legacy(c_fami...]
Compiling architecture synth of entity c_addsub_v12_0_14.c_addsub_v12_0_14_viv [\c_addsub_v12_0_14_viv(c_xdevice...]
Compiling architecture synth of entity cordic_v6_0_16.addsub [\addsub(family="virtexuplus",add...]
Compiling architecture struct_all of entity cordic_v6_0_16.delay [\delay(delay_len=1,family="virte...]
Compiling architecture struct_all of entity cordic_v6_0_16.delay [\delay(delay_len=8,family="virte...]
Compiling architecture synth of entity cordic_v6_0_16.cordic_sqrt_mod [\cordic_sqrt_mod(p_xdevicefamily...]
Compiling architecture struct_all of entity cordic_v6_0_16.delay [\delay(delay_len=1,family="virte...]
Compiling architecture rtl of entity c_addsub_v12_0_14.c_addsub_v12_0_14_lut6_legacy [\c_addsub_v12_0_14_lut6_legacy(c...]
Compiling architecture synth of entity c_addsub_v12_0_14.c_addsub_v12_0_14_fabric_legacy [\c_addsub_v12_0_14_fabric_legacy...]
Compiling architecture synth of entity c_addsub_v12_0_14.c_addsub_v12_0_14_legacy [\c_addsub_v12_0_14_legacy(c_fami...]
Compiling architecture synth of entity c_addsub_v12_0_14.c_addsub_v12_0_14_viv [\c_addsub_v12_0_14_viv(c_xdevice...]
Compiling architecture synth of entity cordic_v6_0_16.addsub [\addsub(family="virtexuplus",add...]
Compiling architecture struct_all of entity cordic_v6_0_16.delay [\delay(delay_len=13,family="virt...]
Compiling architecture synth of entity cordic_v6_0_16.cordic_sqrt_mod [\cordic_sqrt_mod(p_xdevicefamily...]
Compiling architecture rtl of entity c_addsub_v12_0_14.c_addsub_v12_0_14_lut6_legacy [\c_addsub_v12_0_14_lut6_legacy(c...]
Compiling architecture synth of entity c_addsub_v12_0_14.c_addsub_v12_0_14_fabric_legacy [\c_addsub_v12_0_14_fabric_legacy...]
Compiling architecture synth of entity c_addsub_v12_0_14.c_addsub_v12_0_14_legacy [\c_addsub_v12_0_14_legacy(c_fami...]
Compiling architecture synth of entity c_addsub_v12_0_14.c_addsub_v12_0_14_viv [\c_addsub_v12_0_14_viv(c_xdevice...]
Compiling architecture synth of entity cordic_v6_0_16.addsub [\addsub(family="virtexuplus",add...]
Compiling architecture struct_all of entity cordic_v6_0_16.delay [\delay(delay_len=1,family="virte...]
Compiling architecture struct_all of entity cordic_v6_0_16.delay [\delay(delay_len=7,family="virte...]
Compiling architecture synth of entity cordic_v6_0_16.cordic_sqrt_mod [\cordic_sqrt_mod(p_xdevicefamily...]
Compiling architecture struct_all of entity cordic_v6_0_16.delay [\delay(delay_len=1,family="virte...]
Compiling architecture rtl of entity c_addsub_v12_0_14.c_addsub_v12_0_14_lut6_legacy [\c_addsub_v12_0_14_lut6_legacy(c...]
Compiling architecture synth of entity c_addsub_v12_0_14.c_addsub_v12_0_14_fabric_legacy [\c_addsub_v12_0_14_fabric_legacy...]
Compiling architecture synth of entity c_addsub_v12_0_14.c_addsub_v12_0_14_legacy [\c_addsub_v12_0_14_legacy(c_fami...]
Compiling architecture synth of entity c_addsub_v12_0_14.c_addsub_v12_0_14_viv [\c_addsub_v12_0_14_viv(c_xdevice...]
Compiling architecture synth of entity cordic_v6_0_16.addsub [\addsub(family="virtexuplus",add...]
Compiling architecture struct_all of entity cordic_v6_0_16.delay [\delay(delay_len=14,family="virt...]
Compiling architecture synth of entity cordic_v6_0_16.cordic_sqrt_mod [\cordic_sqrt_mod(p_xdevicefamily...]
Compiling architecture rtl of entity c_addsub_v12_0_14.c_addsub_v12_0_14_lut6_legacy [\c_addsub_v12_0_14_lut6_legacy(c...]
Compiling architecture synth of entity c_addsub_v12_0_14.c_addsub_v12_0_14_fabric_legacy [\c_addsub_v12_0_14_fabric_legacy...]
Compiling architecture synth of entity c_addsub_v12_0_14.c_addsub_v12_0_14_legacy [\c_addsub_v12_0_14_legacy(c_fami...]
Compiling architecture synth of entity c_addsub_v12_0_14.c_addsub_v12_0_14_viv [\c_addsub_v12_0_14_viv(c_xdevice...]
Compiling architecture synth of entity cordic_v6_0_16.addsub [\addsub(family="virtexuplus",add...]
Compiling architecture struct_all of entity cordic_v6_0_16.delay [\delay(delay_len=1,family="virte...]
Compiling architecture struct_all of entity cordic_v6_0_16.delay [\delay(delay_len=6,family="virte...]
Compiling architecture synth of entity cordic_v6_0_16.cordic_sqrt_mod [\cordic_sqrt_mod(p_xdevicefamily...]
Compiling architecture struct_all of entity cordic_v6_0_16.delay [\delay(delay_len=1,family="virte...]
Compiling architecture rtl of entity c_addsub_v12_0_14.c_addsub_v12_0_14_lut6_legacy [\c_addsub_v12_0_14_lut6_legacy(c...]
Compiling architecture synth of entity c_addsub_v12_0_14.c_addsub_v12_0_14_fabric_legacy [\c_addsub_v12_0_14_fabric_legacy...]
Compiling architecture synth of entity c_addsub_v12_0_14.c_addsub_v12_0_14_legacy [\c_addsub_v12_0_14_legacy(c_fami...]
Compiling architecture synth of entity c_addsub_v12_0_14.c_addsub_v12_0_14_viv [\c_addsub_v12_0_14_viv(c_xdevice...]
Compiling architecture synth of entity cordic_v6_0_16.addsub [\addsub(family="virtexuplus",add...]
Compiling architecture struct_all of entity cordic_v6_0_16.delay [\delay(delay_len=15,family="virt...]
Compiling architecture synth of entity cordic_v6_0_16.cordic_sqrt_mod [\cordic_sqrt_mod(p_xdevicefamily...]
Compiling architecture rtl of entity c_addsub_v12_0_14.c_addsub_v12_0_14_lut6_legacy [\c_addsub_v12_0_14_lut6_legacy(c...]
Compiling architecture synth of entity c_addsub_v12_0_14.c_addsub_v12_0_14_fabric_legacy [\c_addsub_v12_0_14_fabric_legacy...]
Compiling architecture synth of entity c_addsub_v12_0_14.c_addsub_v12_0_14_legacy [\c_addsub_v12_0_14_legacy(c_fami...]
Compiling architecture synth of entity c_addsub_v12_0_14.c_addsub_v12_0_14_viv [\c_addsub_v12_0_14_viv(c_xdevice...]
Compiling architecture synth of entity cordic_v6_0_16.addsub [\addsub(family="virtexuplus",add...]
Compiling architecture struct_all of entity cordic_v6_0_16.delay [\delay(delay_len=1,family="virte...]
Compiling architecture struct_all of entity cordic_v6_0_16.delay [\delay(delay_len=5,family="virte...]
Compiling architecture synth of entity cordic_v6_0_16.cordic_sqrt_mod [\cordic_sqrt_mod(p_xdevicefamily...]
Compiling architecture struct_all of entity cordic_v6_0_16.delay [\delay(delay_len=1,family="virte...]
Compiling architecture rtl of entity c_addsub_v12_0_14.c_addsub_v12_0_14_lut6_legacy [\c_addsub_v12_0_14_lut6_legacy(c...]
Compiling architecture synth of entity c_addsub_v12_0_14.c_addsub_v12_0_14_fabric_legacy [\c_addsub_v12_0_14_fabric_legacy...]
Compiling architecture synth of entity c_addsub_v12_0_14.c_addsub_v12_0_14_legacy [\c_addsub_v12_0_14_legacy(c_fami...]
Compiling architecture synth of entity c_addsub_v12_0_14.c_addsub_v12_0_14_viv [\c_addsub_v12_0_14_viv(c_xdevice...]
Compiling architecture synth of entity cordic_v6_0_16.addsub [\addsub(family="virtexuplus",add...]
Compiling architecture struct_all of entity cordic_v6_0_16.delay [\delay(delay_len=16,family="virt...]
Compiling architecture synth of entity cordic_v6_0_16.cordic_sqrt_mod [\cordic_sqrt_mod(p_xdevicefamily...]
Compiling architecture rtl of entity c_addsub_v12_0_14.c_addsub_v12_0_14_lut6_legacy [\c_addsub_v12_0_14_lut6_legacy(c...]
Compiling architecture synth of entity c_addsub_v12_0_14.c_addsub_v12_0_14_fabric_legacy [\c_addsub_v12_0_14_fabric_legacy...]
Compiling architecture synth of entity c_addsub_v12_0_14.c_addsub_v12_0_14_legacy [\c_addsub_v12_0_14_legacy(c_fami...]
Compiling architecture synth of entity c_addsub_v12_0_14.c_addsub_v12_0_14_viv [\c_addsub_v12_0_14_viv(c_xdevice...]
Compiling architecture synth of entity cordic_v6_0_16.addsub [\addsub(family="virtexuplus",add...]
Compiling architecture struct_all of entity cordic_v6_0_16.delay [\delay(delay_len=1,family="virte...]
Compiling architecture struct_all of entity cordic_v6_0_16.delay [\delay(delay_len=4,family="virte...]
Compiling architecture synth of entity cordic_v6_0_16.cordic_sqrt_mod [\cordic_sqrt_mod(p_xdevicefamily...]
Compiling architecture struct_all of entity cordic_v6_0_16.delay [\delay(delay_len=1,family="virte...]
Compiling architecture rtl of entity c_addsub_v12_0_14.c_addsub_v12_0_14_lut6_legacy [\c_addsub_v12_0_14_lut6_legacy(c...]
Compiling architecture synth of entity c_addsub_v12_0_14.c_addsub_v12_0_14_fabric_legacy [\c_addsub_v12_0_14_fabric_legacy...]
Compiling architecture synth of entity c_addsub_v12_0_14.c_addsub_v12_0_14_legacy [\c_addsub_v12_0_14_legacy(c_fami...]
Compiling architecture synth of entity c_addsub_v12_0_14.c_addsub_v12_0_14_viv [\c_addsub_v12_0_14_viv(c_xdevice...]
Compiling architecture synth of entity cordic_v6_0_16.addsub [\addsub(family="virtexuplus",add...]
Compiling architecture struct_all of entity cordic_v6_0_16.delay [\delay(delay_len=17,family="virt...]
Compiling architecture synth of entity cordic_v6_0_16.cordic_sqrt_mod [\cordic_sqrt_mod(p_xdevicefamily...]
Compiling architecture rtl of entity c_addsub_v12_0_14.c_addsub_v12_0_14_lut6_legacy [\c_addsub_v12_0_14_lut6_legacy(c...]
Compiling architecture synth of entity c_addsub_v12_0_14.c_addsub_v12_0_14_fabric_legacy [\c_addsub_v12_0_14_fabric_legacy...]
Compiling architecture synth of entity c_addsub_v12_0_14.c_addsub_v12_0_14_legacy [\c_addsub_v12_0_14_legacy(c_fami...]
Compiling architecture synth of entity c_addsub_v12_0_14.c_addsub_v12_0_14_viv [\c_addsub_v12_0_14_viv(c_xdevice...]
Compiling architecture synth of entity cordic_v6_0_16.addsub [\addsub(family="virtexuplus",add...]
Compiling architecture struct_all of entity cordic_v6_0_16.delay [\delay(delay_len=1,family="virte...]
Compiling architecture struct_all of entity cordic_v6_0_16.delay [\delay(delay_len=3,family="virte...]
Compiling architecture synth of entity cordic_v6_0_16.cordic_sqrt_mod [\cordic_sqrt_mod(p_xdevicefamily...]
Compiling architecture struct_all of entity cordic_v6_0_16.delay [\delay(delay_len=1,family="virte...]
Compiling architecture rtl of entity c_addsub_v12_0_14.c_addsub_v12_0_14_lut6_legacy [\c_addsub_v12_0_14_lut6_legacy(c...]
Compiling architecture synth of entity c_addsub_v12_0_14.c_addsub_v12_0_14_fabric_legacy [\c_addsub_v12_0_14_fabric_legacy...]
Compiling architecture synth of entity c_addsub_v12_0_14.c_addsub_v12_0_14_legacy [\c_addsub_v12_0_14_legacy(c_fami...]
Compiling architecture synth of entity c_addsub_v12_0_14.c_addsub_v12_0_14_viv [\c_addsub_v12_0_14_viv(c_xdevice...]
Compiling architecture synth of entity cordic_v6_0_16.addsub [\addsub(family="virtexuplus",add...]
Compiling architecture struct_all of entity cordic_v6_0_16.delay [\delay(delay_len=18,family="virt...]
Compiling architecture synth of entity cordic_v6_0_16.cordic_sqrt_mod [\cordic_sqrt_mod(p_xdevicefamily...]
Compiling architecture rtl of entity c_addsub_v12_0_14.c_addsub_v12_0_14_lut6_legacy [\c_addsub_v12_0_14_lut6_legacy(c...]
Compiling architecture synth of entity c_addsub_v12_0_14.c_addsub_v12_0_14_fabric_legacy [\c_addsub_v12_0_14_fabric_legacy...]
Compiling architecture synth of entity c_addsub_v12_0_14.c_addsub_v12_0_14_legacy [\c_addsub_v12_0_14_legacy(c_fami...]
Compiling architecture synth of entity c_addsub_v12_0_14.c_addsub_v12_0_14_viv [\c_addsub_v12_0_14_viv(c_xdevice...]
Compiling architecture synth of entity cordic_v6_0_16.addsub [\addsub(family="virtexuplus",add...]
Compiling architecture struct_all of entity cordic_v6_0_16.delay [\delay(delay_len=1,family="virte...]
Compiling architecture struct_all of entity cordic_v6_0_16.delay [\delay(delay_len=2,family="virte...]
Compiling architecture synth of entity cordic_v6_0_16.cordic_sqrt_mod [\cordic_sqrt_mod(p_xdevicefamily...]
Compiling architecture struct_all of entity cordic_v6_0_16.delay [\delay(delay_len=1,family="virte...]
Compiling architecture rtl of entity c_addsub_v12_0_14.c_addsub_v12_0_14_lut6_legacy [\c_addsub_v12_0_14_lut6_legacy(c...]
Compiling architecture synth of entity c_addsub_v12_0_14.c_addsub_v12_0_14_fabric_legacy [\c_addsub_v12_0_14_fabric_legacy...]
Compiling architecture synth of entity c_addsub_v12_0_14.c_addsub_v12_0_14_legacy [\c_addsub_v12_0_14_legacy(c_fami...]
Compiling architecture synth of entity c_addsub_v12_0_14.c_addsub_v12_0_14_viv [\c_addsub_v12_0_14_viv(c_xdevice...]
Compiling architecture synth of entity cordic_v6_0_16.addsub [\addsub(family="virtexuplus",add...]
Compiling architecture struct_all of entity cordic_v6_0_16.delay [\delay(delay_len=19,family="virt...]
Compiling architecture synth of entity cordic_v6_0_16.cordic_sqrt_mod [\cordic_sqrt_mod(p_xdevicefamily...]
Compiling architecture rtl of entity c_addsub_v12_0_14.c_addsub_v12_0_14_lut6_legacy [\c_addsub_v12_0_14_lut6_legacy(c...]
Compiling architecture synth of entity c_addsub_v12_0_14.c_addsub_v12_0_14_fabric_legacy [\c_addsub_v12_0_14_fabric_legacy...]
Compiling architecture synth of entity c_addsub_v12_0_14.c_addsub_v12_0_14_legacy [\c_addsub_v12_0_14_legacy(c_fami...]
Compiling architecture synth of entity c_addsub_v12_0_14.c_addsub_v12_0_14_viv [\c_addsub_v12_0_14_viv(c_xdevice...]
Compiling architecture synth of entity cordic_v6_0_16.addsub [\addsub(family="virtexuplus",add...]
Compiling architecture struct_all of entity cordic_v6_0_16.delay [\delay(delay_len=1,family="virte...]
Compiling architecture struct_all of entity cordic_v6_0_16.delay [\delay(delay_len=1,family="virte...]
Compiling architecture synth of entity cordic_v6_0_16.cordic_sqrt_mod [\cordic_sqrt_mod(p_xdevicefamily...]
Compiling architecture struct_all of entity cordic_v6_0_16.delay [\delay(delay_len=1,family="virte...]
Compiling architecture rtl of entity c_addsub_v12_0_14.c_addsub_v12_0_14_lut6_legacy [\c_addsub_v12_0_14_lut6_legacy(c...]
Compiling architecture synth of entity c_addsub_v12_0_14.c_addsub_v12_0_14_fabric_legacy [\c_addsub_v12_0_14_fabric_legacy...]
Compiling architecture synth of entity c_addsub_v12_0_14.c_addsub_v12_0_14_legacy [\c_addsub_v12_0_14_legacy(c_fami...]
Compiling architecture synth of entity c_addsub_v12_0_14.c_addsub_v12_0_14_viv [\c_addsub_v12_0_14_viv(c_xdevice...]
Compiling architecture synth of entity cordic_v6_0_16.addsub [\addsub(family="virtexuplus",add...]
Compiling architecture struct_all of entity cordic_v6_0_16.delay [\delay(delay_len=20,family="virt...]
Compiling architecture synth of entity cordic_v6_0_16.cordic_sqrt_mod [\cordic_sqrt_mod(p_xdevicefamily...]
Compiling architecture rtl of entity c_addsub_v12_0_14.c_addsub_v12_0_14_lut6_legacy [\c_addsub_v12_0_14_lut6_legacy(c...]
Compiling architecture synth of entity c_addsub_v12_0_14.c_addsub_v12_0_14_fabric_legacy [\c_addsub_v12_0_14_fabric_legacy...]
Compiling architecture synth of entity c_addsub_v12_0_14.c_addsub_v12_0_14_legacy [\c_addsub_v12_0_14_legacy(c_fami...]
Compiling architecture synth of entity c_addsub_v12_0_14.c_addsub_v12_0_14_viv [\c_addsub_v12_0_14_viv(c_xdevice...]
Compiling architecture synth of entity cordic_v6_0_16.addsub [\addsub(family="virtexuplus",add...]
Compiling architecture struct_all of entity cordic_v6_0_16.delay [\delay(delay_len=1,family="virte...]
Compiling architecture struct_all of entity cordic_v6_0_16.delay [\delay(delay_len=0,family="virte...]
Compiling architecture synth of entity cordic_v6_0_16.cordic_sqrt_mod [\cordic_sqrt_mod(p_xdevicefamily...]
Compiling architecture rtl of entity c_addsub_v12_0_14.c_addsub_v12_0_14_lut6_legacy [\c_addsub_v12_0_14_lut6_legacy(c...]
Compiling architecture synth of entity c_addsub_v12_0_14.c_addsub_v12_0_14_fabric_legacy [\c_addsub_v12_0_14_fabric_legacy...]
Compiling architecture synth of entity c_addsub_v12_0_14.c_addsub_v12_0_14_legacy [\c_addsub_v12_0_14_legacy(c_fami...]
Compiling architecture synth of entity c_addsub_v12_0_14.c_addsub_v12_0_14_viv [\c_addsub_v12_0_14_viv(c_xdevice...]
Compiling architecture synth of entity cordic_v6_0_16.addsub [\addsub(family="virtexuplus",add...]
Compiling architecture struct_all of entity cordic_v6_0_16.delay [\delay(delay_len=21,family="virt...]
Compiling architecture synth of entity cordic_v6_0_16.cordic_sqrt_mod [\cordic_sqrt_mod(p_xdevicefamily...]
Compiling architecture struct_all of entity cordic_v6_0_16.delay [\delay(delay_len=1,family="virte...]
Compiling architecture struct_all of entity cordic_v6_0_16.delay_bit [\delay_bit(delay_len=1,family="v...]
Compiling architecture struct_all of entity cordic_v6_0_16.delay_bit [\delay_bit(delay_len=22,family="...]
Compiling architecture synth of entity cordic_v6_0_16.cordic_sqrt [\cordic_sqrt(p_xdevicefamily="vi...]
Compiling architecture synth of entity cordic_v6_0_16.cordic_v6_0_16_synth [\cordic_v6_0_16_synth(c_architec...]
Compiling architecture synth of entity cordic_v6_0_16.cordic_v6_0_16_viv [\cordic_v6_0_16_viv(c_architectu...]
Compiling architecture xilinx of entity cordic_v6_0_16.cordic_v6_0_16 [\cordic_v6_0_16(c_architecture=2...]
Compiling architecture correlation_cordic_0_arch of entity xil_defaultlib.correlation_cordic_0 [correlation_cordic_0_default]
Compiling module xil_defaultlib.correlation
Compiling module xil_defaultlib.pucch0_correlation_0_0
Compiling architecture xilinx of entity mult_gen_v12_0_16.op_resize [\op_resize(ai_width=11,ai_type=1...]
Compiling architecture xilinx of entity mult_gen_v12_0_16.luts [\luts(c_xdevicefamily="virtexupl...]
Compiling architecture xilinx of entity mult_gen_v12_0_16.mult_gen_v12_0_16_viv [\mult_gen_v12_0_16_viv(c_verbosi...]
Compiling architecture xilinx of entity mult_gen_v12_0_16.mult_gen_v12_0_16 [\mult_gen_v12_0_16(c_xdevicefami...]
Compiling architecture m30_mul0_arch of entity xil_defaultlib.m30_mul0 [m30_mul0_default]
Compiling architecture xilinx of entity mult_gen_v12_0_16.op_resize [\op_resize(ai_width=6,bi_width=5...]
Compiling architecture xilinx of entity mult_gen_v12_0_16.luts [\luts(c_xdevicefamily="virtexupl...]
Compiling architecture xilinx of entity mult_gen_v12_0_16.mult_gen_v12_0_16_viv [\mult_gen_v12_0_16_viv(c_verbosi...]
Compiling architecture xilinx of entity mult_gen_v12_0_16.mult_gen_v12_0_16 [\mult_gen_v12_0_16(c_xdevicefami...]
Compiling architecture m30_mul1_arch of entity xil_defaultlib.m30_mul1 [m30_mul1_default]
Compiling module xil_defaultlib.modulo_30
Compiling module xil_defaultlib.modulo_30_0
Compiling module xil_defaultlib.x1_x2_init
Compiling module xil_defaultlib.scramble_sequence_8bits
Compiling module xil_defaultlib.scramble_sequence_8bits_0
Compiling module xil_defaultlib.modulo_30_1
Compiling module xil_defaultlib.scramble_sequence_1bit
Compiling module xil_defaultlib.scramble_sequence_1bit_0
Compiling module xil_defaultlib.modulo_30_2
Compiling module blk_mem_gen_v8_4_4.blk_mem_gen_v8_4_4_output_stage(...
Compiling module blk_mem_gen_v8_4_4.blk_mem_gen_v8_4_4_softecc_outpu...
Compiling module blk_mem_gen_v8_4_4.blk_mem_gen_v8_4_4_mem_module(C_...
Compiling module blk_mem_gen_v8_4_4.blk_mem_gen_v8_4_4(C_FAMILY="vir...
Compiling module xil_defaultlib.blk_mem_gen_0
Compiling module xil_defaultlib.extend_valid_new(number_cycles=9...
Compiling module xil_defaultlib.phi_matrix
Compiling module xil_defaultlib.phi_matrix_0
Compiling module xil_defaultlib.base_sequence
Compiling module xil_defaultlib.ba_se_0
Compiling module xil_defaultlib.ack_selection
Compiling architecture xilinx of entity mult_gen_v12_0_16.op_resize [\op_resize(ai_width=9,ai_type=1,...]
Compiling architecture xilinx of entity mult_gen_v12_0_16.luts [\luts(c_xdevicefamily="virtexupl...]
Compiling architecture xilinx of entity mult_gen_v12_0_16.mult_gen_v12_0_16_viv [\mult_gen_v12_0_16_viv(c_verbosi...]
Compiling architecture xilinx of entity mult_gen_v12_0_16.mult_gen_v12_0_16 [\mult_gen_v12_0_16(c_xdevicefami...]
Compiling architecture modulo12_mult_gen_2_arch of entity xil_defaultlib.modulo12_mult_gen_2 [modulo12_mult_gen_2_default]
Compiling architecture xilinx of entity mult_gen_v12_0_16.op_resize [\op_resize(ai_width=6,bi_width=4...]
Compiling architecture xilinx of entity mult_gen_v12_0_16.luts [\luts(c_xdevicefamily="virtexupl...]
Compiling architecture xilinx of entity mult_gen_v12_0_16.mult_gen_v12_0_16_viv [\mult_gen_v12_0_16_viv(c_verbosi...]
Compiling architecture xilinx of entity mult_gen_v12_0_16.mult_gen_v12_0_16 [\mult_gen_v12_0_16(c_xdevicefami...]
Compiling architecture modulo12_mult_gen_1_arch of entity xil_defaultlib.modulo12_mult_gen_1 [modulo12_mult_gen_1_default]
Compiling module xil_defaultlib.modulo_12
Compiling module xil_defaultlib.alpha_modulo_12_0
Compiling architecture xilinx of entity mult_gen_v12_0_16.op_resize [\op_resize(ai_width=4,bi_width=4...]
Compiling architecture xilinx of entity mult_gen_v12_0_16.luts [\luts(c_xdevicefamily="virtexupl...]
Compiling architecture xilinx of entity mult_gen_v12_0_16.mult_gen_v12_0_16_viv [\mult_gen_v12_0_16_viv(c_verbosi...]
Compiling architecture xilinx of entity mult_gen_v12_0_16.mult_gen_v12_0_16 [\mult_gen_v12_0_16(c_xdevicefami...]
Compiling architecture mult_gen_dis_alpha_arch of entity xil_defaultlib.mult_gen_dis_alpha [mult_gen_dis_alpha_default]
Compiling module xil_defaultlib.dis_alpha_gen
Compiling module xil_defaultlib.dis_alpha_gen_0
Compiling module xil_defaultlib.modulo_12_1_nomalize
Compiling module xil_defaultlib.phase_gen
Compiling module xil_defaultlib.cyc_phase_gen_0
Compiling module xil_defaultlib.cyclic_fifo_generator_0
Compiling architecture xilinx of entity cmpy_v6_0_18.delay_line [\delay_line(c_xdevicefamily="vir...]
Compiling architecture xilinx of entity cmpy_v6_0_18.cmpy_3_dsp48 [\cmpy_3_dsp48(c_xdevicefamily="v...]
Compiling architecture xilinx of entity cmpy_v6_0_18.cmpy_v6_0_18_synth [\cmpy_v6_0_18_synth(c_xdevicefam...]
Compiling architecture xilinx of entity cmpy_v6_0_18.cmpy_v6_0_18_viv [\cmpy_v6_0_18_viv(c_xdevicefamil...]
Compiling architecture xilinx of entity cmpy_v6_0_18.cmpy_v6_0_18 [\cmpy_v6_0_18(c_xdevicefamily="v...]
Compiling architecture cyclic_cmpy_0_arch of entity xil_defaultlib.cyclic_cmpy_0 [cyclic_cmpy_0_default]
Compiling module xil_defaultlib.cyclic_gen
Compiling module xil_defaultlib.pucch0_cyclic_gen_0_0
Compiling module xil_defaultlib.pucch0_cyclic_gen_0_1
Compiling module xil_defaultlib.extend_valid_new(number_cycles=1...
Compiling module xil_defaultlib.rasing_edge
Compiling module xil_defaultlib.delay_N(WIDTH=1)
Compiling module xil_defaultlib.extend_valid_new(number_cycles=1...
Compiling module xil_defaultlib.demapping
Compiling module xil_defaultlib.pucch0_demapping_0_0
Compiling module xil_defaultlib.extend_valid
Compiling module xil_defaultlib.delay_N(N=6,WIDTH=1)
Compiling module xil_defaultlib.des_cnt(WIDTH=4)
Compiling module xil_defaultlib.delay_N(N=5,WIDTH=4)
Compiling module xil_defaultlib.des_cnt(WIDTH=9)
Compiling module xil_defaultlib.delay_N(N=5,WIDTH=9)
Compiling module xil_defaultlib.des_cnt(WIDTH=5)
Compiling module xil_defaultlib.delay_N(N=5,WIDTH=5)
Compiling module xil_defaultlib.des_cnt
Compiling module xil_defaultlib.delay_N(N=5,WIDTH=8)
Compiling module xil_defaultlib.frame_sync
Compiling module xil_defaultlib.pucch0_frame_sync_0_3
Compiling module xil_defaultlib.pucch0_frame_sync_0_4
Compiling module xil_defaultlib.layer2_parameter
Compiling module xil_defaultlib.pucch0_layer2_parameter_0_0
Compiling module xil_defaultlib.extend_valid_4096
Compiling module xil_defaultlib.ctr_pre_fft
Compiling module xil_defaultlib.ctr_pre_fft_0
Compiling architecture xilinx of entity axi_utils_v2_0_6.glb_srl_fifo [\glb_srl_fifo(width=1,has_uvprot...]
Compiling architecture xilinx of entity axi_utils_v2_0_6.glb_ifx_slave [\glb_ifx_slave(width=1,has_uvpro...]
Compiling architecture synth of entity xfft_v9_1_3.axi_wrapper_input_fifo [\axi_wrapper_input_fifo(c_fifo_w...]
Compiling architecture xilinx of entity axi_utils_v2_0_6.glb_srl_fifo [\glb_srl_fifo(width=33,has_uvpro...]
Compiling architecture xilinx of entity axi_utils_v2_0_6.glb_ifx_slave [\glb_ifx_slave(width=33,has_uvpr...]
Compiling architecture synth of entity xfft_v9_1_3.axi_wrapper_input_fifo [\axi_wrapper_input_fifo(c_fifo_w...]
Compiling architecture xilinx of entity axi_utils_v2_0_6.glb_srl_fifo [\glb_srl_fifo(width=59,has_uvpro...]
Compiling architecture xilinx of entity axi_utils_v2_0_6.glb_ifx_master [\glb_ifx_master(width=59,afull_t...]
Compiling architecture synth of entity xfft_v9_1_3.axi_wrapper_output_fifo [\axi_wrapper_output_fifo(c_fifo_...]
Compiling architecture synth of entity xfft_v9_1_3.axi_wrapper [\axi_wrapper(c_nfft_max=12,c_arc...]
Compiling architecture xilinx of entity xfft_v9_1_3.equ_rtl [\equ_rtl(c_xdevicefamily="virtex...]
Compiling architecture xilinx of entity xfft_v9_1_3.r22_cnt_ctrl [\r22_cnt_ctrl(c_xdevicefamily="v...]
Compiling architecture xilinx of entity xfft_v9_1_3.r22_cnt_ctrl [\r22_cnt_ctrl(c_xdevicefamily="v...]
Compiling architecture struct of entity c_shift_ram_v12_0_14.c_shift_ram_v12_0_14_legacy [\c_shift_ram_v12_0_14_legacy(c_x...]
Compiling architecture synth of entity c_shift_ram_v12_0_14.c_shift_ram_v12_0_14_viv [\c_shift_ram_v12_0_14_viv(c_xdev...]
Compiling architecture xilinx of entity xfft_v9_1_3.shift_ram [\shift_ram(c_xdevicefamily="virt...]
Compiling architecture struct of entity c_shift_ram_v12_0_14.c_shift_ram_v12_0_14_legacy [\c_shift_ram_v12_0_14_legacy(c_x...]
Compiling architecture synth of entity c_shift_ram_v12_0_14.c_shift_ram_v12_0_14_viv [\c_shift_ram_v12_0_14_viv(c_xdev...]
Compiling architecture xilinx of entity xfft_v9_1_3.shift_ram [\shift_ram(c_xdevicefamily="virt...]
Compiling architecture fd_v of entity unisim.FD [fd_default]
Compiling architecture struct of entity c_shift_ram_v12_0_14.c_shift_ram_v12_0_14_legacy [\c_shift_ram_v12_0_14_legacy(c_x...]
Compiling architecture synth of entity c_shift_ram_v12_0_14.c_shift_ram_v12_0_14_viv [\c_shift_ram_v12_0_14_viv(c_xdev...]
Compiling architecture xilinx of entity xfft_v9_1_3.shift_ram [\shift_ram(c_xdevicefamily="virt...]
Compiling architecture struct of entity c_shift_ram_v12_0_14.c_shift_ram_v12_0_14_legacy [\c_shift_ram_v12_0_14_legacy(c_x...]
Compiling architecture synth of entity c_shift_ram_v12_0_14.c_shift_ram_v12_0_14_viv [\c_shift_ram_v12_0_14_viv(c_xdev...]
Compiling architecture xilinx of entity xfft_v9_1_3.shift_ram [\shift_ram(c_xdevicefamily="virt...]
Compiling architecture struct of entity c_shift_ram_v12_0_14.c_shift_ram_v12_0_14_legacy [\c_shift_ram_v12_0_14_legacy(c_x...]
Compiling architecture synth of entity c_shift_ram_v12_0_14.c_shift_ram_v12_0_14_viv [\c_shift_ram_v12_0_14_viv(c_xdev...]
Compiling architecture xilinx of entity xfft_v9_1_3.shift_ram [\shift_ram(c_xdevicefamily="virt...]
Compiling architecture struct of entity c_shift_ram_v12_0_14.c_shift_ram_v12_0_14_legacy [\c_shift_ram_v12_0_14_legacy(c_x...]
Compiling architecture synth of entity c_shift_ram_v12_0_14.c_shift_ram_v12_0_14_viv [\c_shift_ram_v12_0_14_viv(c_xdev...]
Compiling architecture xilinx of entity xfft_v9_1_3.shift_ram [\shift_ram(c_xdevicefamily="virt...]
Compiling architecture xilinx of entity xfft_v9_1_3.shift_ram [\shift_ram(c_xdevicefamily="virt...]
Compiling architecture lut3_v of entity unisim.LUT3 [\LUT3(init="11001010")(0,7)\]
Compiling architecture xilinx of entity xfft_v9_1_3.mux_bus2 [\mux_bus2(c_xdevicefamily="virte...]
Compiling architecture xilinx of entity xfft_v9_1_3.r22_delay_mux [\r22_delay_mux(c_xdevicefamily="...]
Compiling architecture xilinx of entity xfft_v9_1_3.r22_delay_mux [\r22_delay_mux(c_xdevicefamily="...]
Compiling architecture xilinx of entity xfft_v9_1_3.shift_ram [\shift_ram(c_xdevicefamily="virt...]
Compiling architecture xilinx of entity xfft_v9_1_3.shift_ram [\shift_ram(c_xdevicefamily="virt...]
Compiling architecture rb18_internal_vhdl_v of entity unisim.RB18_INTERNAL_VHDL [\RB18_INTERNAL_VHDL(bram_size=18...]
Compiling architecture ramb18e1_v of entity unisim.RAMB18E1 [\RAMB18E1(dob_reg=1,read_width_b...]
Compiling architecture ramb18_v of entity unisim.RAMB18 [\RAMB18(dob_reg=1,read_width_b=9...]
Compiling architecture xilinx of entity xfft_v9_1_3.dpm [\dpm(c_xdevicefamily="virtexuplu...]
Compiling architecture xilinx of entity xfft_v9_1_3.r22_memory [\r22_memory(c_xdevicefamily="vir...]
Compiling architecture dsp48e1_v of entity unisim.DSP48E1 [\DSP48E1(adreg=0,carryinreg=0,ca...]
Compiling architecture dsp48e_v of entity unisim.DSP48E [\DSP48E(carryinreg=0,carryinselr...]
Compiling architecture xilinx of entity xfft_v9_1_3.butterfly_DSP48E_SIMD_bypass [\butterfly_DSP48E_SIMD_bypass(da...]
Compiling architecture xilinx of entity xfft_v9_1_3.bf_dsp_bypass [\bf_dsp_bypass(c_xdevicefamily="...]
Compiling architecture xilinx of entity xfft_v9_1_3.r22_bfly_byp [\r22_bfly_byp(c_xdevicefamily="v...]
Compiling architecture xilinx of entity xfft_v9_1_3.r22_bf [\r22_bf(c_xdevicefamily="virtexu...]
Compiling architecture xilinx of entity xfft_v9_1_3.shift_ram [\shift_ram(c_xdevicefamily="virt...]
Compiling architecture xilinx of entity xfft_v9_1_3.shift_ram [\shift_ram(c_xdevicefamily="virt...]
Compiling architecture xilinx of entity xfft_v9_1_3.shift_ram [\shift_ram(c_xdevicefamily="virt...]
Compiling architecture xilinx of entity xfft_v9_1_3.shift_ram [\shift_ram(c_xdevicefamily="virt...]
Compiling architecture xilinx of entity xfft_v9_1_3.mux_bus2 [\mux_bus2(c_xdevicefamily="virte...]
Compiling architecture xilinx of entity xfft_v9_1_3.r22_delay_mux [\r22_delay_mux(c_xdevicefamily="...]
Compiling architecture xilinx of entity xfft_v9_1_3.r22_delay_mux [\r22_delay_mux(c_xdevicefamily="...]
Compiling architecture xilinx of entity xfft_v9_1_3.shift_ram [\shift_ram(c_xdevicefamily="virt...]
Compiling architecture xilinx of entity xfft_v9_1_3.shift_ram [\shift_ram(c_xdevicefamily="virt...]
Compiling architecture rb18_internal_vhdl_v of entity unisim.RB18_INTERNAL_VHDL [\RB18_INTERNAL_VHDL(bram_size=18...]
Compiling architecture ramb18e1_v of entity unisim.RAMB18E1 [\RAMB18E1(dob_reg=1,read_width_b...]
Compiling architecture ramb18_v of entity unisim.RAMB18 [\RAMB18(dob_reg=1,read_width_b=1...]
Compiling architecture xilinx of entity xfft_v9_1_3.dpm [\dpm(c_xdevicefamily="virtexuplu...]
Compiling architecture xilinx of entity xfft_v9_1_3.r22_memory [\r22_memory(c_xdevicefamily="vir...]
Compiling architecture lut2_v of entity unisim.LUT2 [\LUT2(init="10001000")(0,7)\]
Compiling architecture dsp48e1_v of entity unisim.DSP48E1 [\DSP48E1(adreg=0,carryinreg=0,ca...]
Compiling architecture dsp48e_v of entity unisim.DSP48E [\DSP48E(carryinreg=0,carryinselr...]
Compiling architecture xilinx of entity xfft_v9_1_3.butterfly_DSP48E_bypass [\butterfly_DSP48E_bypass(data_wi...]
Compiling architecture xilinx of entity xfft_v9_1_3.bf_dsp_bypass [\bf_dsp_bypass(c_xdevicefamily="...]
Compiling architecture xilinx of entity xfft_v9_1_3.r22_bfly_byp [\r22_bfly_byp(c_xdevicefamily="v...]
Compiling architecture xilinx of entity xfft_v9_1_3.r22_bf [\r22_bf(c_xdevicefamily="virtexu...]
Compiling architecture structural of entity c_reg_fd_v12_0_6.c_reg_fd_v12_0_6_viv [\c_reg_fd_v12_0_6_viv(c_width=12...]
Compiling architecture rtl of entity c_addsub_v12_0_14.c_addsub_v12_0_14_lut6_legacy [\c_addsub_v12_0_14_lut6_legacy(c...]
Compiling architecture synth of entity c_addsub_v12_0_14.c_addsub_v12_0_14_fabric_legacy [\c_addsub_v12_0_14_fabric_legacy...]
Compiling architecture synth of entity c_addsub_v12_0_14.c_addsub_v12_0_14_legacy [\c_addsub_v12_0_14_legacy(c_fami...]
Compiling architecture synth of entity c_addsub_v12_0_14.c_addsub_v12_0_14_viv [\c_addsub_v12_0_14_viv(c_xdevice...]
Compiling architecture xilinx of entity xfft_v9_1_3.adder [\adder(c_xdevicefamily="virtexup...]
Compiling architecture lut6_v of entity unisim.LUT6 [\LUT6(init="11111111000000001111...]
Compiling architecture xilinx of entity xfft_v9_1_3.mux_bus4 [\mux_bus4(c_xdevicefamily="virte...]
Compiling architecture xilinx of entity xfft_v9_1_3.twos_comp [\twos_comp(c_data_width=10,c_has...]
Compiling architecture lut6_v of entity unisim.LUT6 [\LUT6(init="10000000000000000000...]
Compiling architecture fde_v of entity unisim.FDE [fde_default]
Compiling architecture xilinx of entity xfft_v9_1_3.logic_gate [\logic_gate(c_xdevicefamily="vir...]
Compiling architecture xilinx of entity xfft_v9_1_3.twgen_quarter_sin [\twgen_quarter_sin(c_xdevicefami...]
Compiling architecture xilinx of entity xfft_v9_1_3.twiddle_gen [\twiddle_gen(c_xdevicefamily="vi...]
Compiling architecture xilinx of entity xfft_v9_1_3.r22_tw_gen [\r22_tw_gen(c_xdevicefamily="vir...]
Compiling architecture xilinx of entity cmpy_v6_0_18.delay_line [\delay_line(c_xdevicefamily="vir...]
Compiling architecture xilinx of entity cmpy_v6_0_18.delay_line [\delay_line(c_xdevicefamily="vir...]
Compiling architecture xilinx of entity mult_gen_v12_0_16.delay_line [\delay_line(c_xdevicefamily="vir...]
Compiling architecture xilinx of entity mult_gen_v12_0_16.delay_line [\delay_line(c_xdevicefamily="vir...]
Compiling architecture xilinx of entity mult_gen_v12_0_16.delay_line [\delay_line(c_xdevicefamily="vir...]
Compiling architecture xilinx of entity mult_gen_v12_0_16.op_resize [\op_resize(ai_width=18,bi_width=...]
Compiling architecture xilinx of entity mult_gen_v12_0_16.dsp [\dsp(c_xdevicefamily="virtexuplu...]
Compiling architecture xilinx of entity cmpy_v6_0_18.cmpy_3_dsp48_mult [\cmpy_3_dsp48_mult(c_xdevicefami...]
Compiling architecture xilinx of entity mult_gen_v12_0_16.delay_line [\delay_line(c_xdevicefamily="vir...]
Compiling architecture xilinx of entity mult_gen_v12_0_16.delay_line [\delay_line(c_xdevicefamily="vir...]
Compiling architecture xilinx of entity mult_gen_v12_0_16.op_resize [\op_resize(ai_width=19,bi_width=...]
Compiling architecture xilinx of entity mult_gen_v12_0_16.dsp [\dsp(c_xdevicefamily="virtexuplu...]
Compiling architecture xilinx of entity cmpy_v6_0_18.cmpy_3_dsp48_mult [\cmpy_3_dsp48_mult(c_xdevicefami...]
Compiling architecture xilinx of entity mult_gen_v12_0_16.dsp [\dsp(c_xdevicefamily="virtexuplu...]
Compiling architecture xilinx of entity cmpy_v6_0_18.cmpy_3_dsp48_mult [\cmpy_3_dsp48_mult(c_xdevicefami...]
Compiling architecture xilinx of entity cmpy_v6_0_18.input_negation [\input_negation(c_xdevicefamily=...]
Compiling architecture xilinx of entity cmpy_v6_0_18.delay_line [\delay_line(c_xdevicefamily="vir...]
Compiling architecture xilinx of entity cmpy_v6_0_18.delay_line [\delay_line(c_xdevicefamily="vir...]
Compiling architecture xilinx of entity cmpy_v6_0_18.cmpy_3_dsp48 [\cmpy_3_dsp48(c_xdevicefamily="v...]
Compiling architecture xilinx of entity cmpy_v6_0_18.cmpy_v6_0_18_synth [\cmpy_v6_0_18_synth(c_xdevicefam...]
Compiling architecture xilinx of entity xfft_v9_1_3.cmpy [\cmpy(c_xdevicefamily="virtexupl...]
Compiling architecture xilinx of entity xfft_v9_1_3.logic_gate [\logic_gate(c_xdevicefamily="vir...]
Compiling architecture xilinx of entity xfft_v9_1_3.shift_ram [\shift_ram(c_xdevicefamily="virt...]
Compiling architecture xilinx of entity xfft_v9_1_3.logic_gate [\logic_gate(c_xdevicefamily="vir...]
Compiling architecture rtl of entity c_addsub_v12_0_14.c_addsub_v12_0_14_lut6_legacy [\c_addsub_v12_0_14_lut6_legacy(c...]
Compiling architecture synth of entity c_addsub_v12_0_14.c_addsub_v12_0_14_fabric_legacy [\c_addsub_v12_0_14_fabric_legacy...]
Compiling architecture synth of entity c_addsub_v12_0_14.c_addsub_v12_0_14_legacy [\c_addsub_v12_0_14_legacy(c_fami...]
Compiling architecture synth of entity c_addsub_v12_0_14.c_addsub_v12_0_14_viv [\c_addsub_v12_0_14_viv(c_xdevice...]
Compiling architecture xilinx of entity xfft_v9_1_3.unbiased_round [\unbiased_round(c_xdevicefamily=...]
Compiling architecture xilinx of entity xfft_v9_1_3.shift_ram [\shift_ram(c_xdevicefamily="virt...]
Compiling architecture xilinx of entity xfft_v9_1_3.shift_ram [\shift_ram(c_xdevicefamily="virt...]
Compiling architecture xilinx of entity xfft_v9_1_3.r22_pe [\r22_pe(c_xdevicefamily="virtexu...]
Compiling architecture synth of entity xfft_v9_1_3.srl_fifo [\srl_fifo(c_width=1)\]
Compiling architecture xilinx of entity xfft_v9_1_3.r22_cnt_ctrl [\r22_cnt_ctrl(c_xdevicefamily="v...]
Compiling architecture xilinx of entity xfft_v9_1_3.r22_cnt_ctrl [\r22_cnt_ctrl(c_xdevicefamily="v...]
Compiling architecture struct of entity c_shift_ram_v12_0_14.c_shift_ram_v12_0_14_legacy [\c_shift_ram_v12_0_14_legacy(c_x...]
Compiling architecture synth of entity c_shift_ram_v12_0_14.c_shift_ram_v12_0_14_viv [\c_shift_ram_v12_0_14_viv(c_xdev...]
Compiling architecture xilinx of entity xfft_v9_1_3.shift_ram [\shift_ram(c_xdevicefamily="virt...]
Compiling architecture xilinx of entity xfft_v9_1_3.shift_ram [\shift_ram(c_xdevicefamily="virt...]
Compiling architecture xilinx of entity xfft_v9_1_3.shift_ram [\shift_ram(c_xdevicefamily="virt...]
Compiling architecture xilinx of entity xfft_v9_1_3.mux_bus2 [\mux_bus2(c_xdevicefamily="virte...]
Compiling architecture xilinx of entity xfft_v9_1_3.r22_delay_mux [\r22_delay_mux(c_xdevicefamily="...]
Compiling architecture xilinx of entity xfft_v9_1_3.r22_delay_mux [\r22_delay_mux(c_xdevicefamily="...]
Compiling architecture xilinx of entity xfft_v9_1_3.shift_ram [\shift_ram(c_xdevicefamily="virt...]
Compiling architecture xilinx of entity xfft_v9_1_3.shift_ram [\shift_ram(c_xdevicefamily="virt...]
Compiling architecture rb18_internal_vhdl_v of entity unisim.RB18_INTERNAL_VHDL [\RB18_INTERNAL_VHDL(bram_size=18...]
Compiling architecture ramb18e1_v of entity unisim.RAMB18E1 [\RAMB18E1(doa_reg=1,dob_reg=1,ra...]
Compiling architecture xilinx of entity xfft_v9_1_3.dpm [\dpm(c_xdevicefamily="virtexuplu...]
Compiling architecture xilinx of entity xfft_v9_1_3.r22_memory [\r22_memory(c_xdevicefamily="vir...]
Compiling architecture xilinx of entity xfft_v9_1_3.butterfly_DSP48E_SIMD_bypass [\butterfly_DSP48E_SIMD_bypass(da...]
Compiling architecture xilinx of entity xfft_v9_1_3.bf_dsp_bypass [\bf_dsp_bypass(c_xdevicefamily="...]
Compiling architecture xilinx of entity xfft_v9_1_3.r22_bfly_byp [\r22_bfly_byp(c_xdevicefamily="v...]
Compiling architecture xilinx of entity xfft_v9_1_3.r22_bf [\r22_bf(c_xdevicefamily="virtexu...]
Compiling architecture xilinx of entity xfft_v9_1_3.shift_ram [\shift_ram(c_xdevicefamily="virt...]
Compiling architecture xilinx of entity xfft_v9_1_3.mux_bus2 [\mux_bus2(c_xdevicefamily="virte...]
Compiling architecture xilinx of entity xfft_v9_1_3.r22_delay_mux [\r22_delay_mux(c_xdevicefamily="...]
Compiling architecture xilinx of entity xfft_v9_1_3.r22_delay_mux [\r22_delay_mux(c_xdevicefamily="...]
Compiling architecture xilinx of entity xfft_v9_1_3.shift_ram [\shift_ram(c_xdevicefamily="virt...]
Compiling architecture xilinx of entity xfft_v9_1_3.shift_ram [\shift_ram(c_xdevicefamily="virt...]
Compiling architecture struct of entity c_shift_ram_v12_0_14.c_shift_ram_v12_0_14_legacy [\c_shift_ram_v12_0_14_legacy(c_x...]
Compiling architecture synth of entity c_shift_ram_v12_0_14.c_shift_ram_v12_0_14_viv [\c_shift_ram_v12_0_14_viv(c_xdev...]
Compiling architecture synth of entity xfft_v9_1_3.r22_srl_memory [\r22_srl_memory(c_xdevicefamily=...]
Compiling architecture xilinx of entity xfft_v9_1_3.r22_memory [\r22_memory(c_xdevicefamily="vir...]
Compiling architecture xilinx of entity xfft_v9_1_3.butterfly_DSP48E_bypass [\butterfly_DSP48E_bypass(data_wi...]
Compiling architecture xilinx of entity xfft_v9_1_3.bf_dsp_bypass [\bf_dsp_bypass(c_xdevicefamily="...]
Compiling architecture xilinx of entity xfft_v9_1_3.r22_bfly_byp [\r22_bfly_byp(c_xdevicefamily="v...]
Compiling architecture xilinx of entity xfft_v9_1_3.r22_bf [\r22_bf(c_xdevicefamily="virtexu...]
Compiling architecture xilinx of entity xfft_v9_1_3.shift_ram [\shift_ram(c_xdevicefamily="virt...]
Compiling architecture struct of entity c_shift_ram_v12_0_14.c_shift_ram_v12_0_14_legacy [\c_shift_ram_v12_0_14_legacy(c_x...]
Compiling architecture synth of entity c_shift_ram_v12_0_14.c_shift_ram_v12_0_14_viv [\c_shift_ram_v12_0_14_viv(c_xdev...]
Compiling architecture xilinx of entity xfft_v9_1_3.shift_ram [\shift_ram(c_xdevicefamily="virt...]
Compiling architecture structural of entity c_reg_fd_v12_0_6.c_reg_fd_v12_0_6_viv [\c_reg_fd_v12_0_6_viv(c_width=10...]
Compiling architecture rtl of entity c_addsub_v12_0_14.c_addsub_v12_0_14_lut6_legacy [\c_addsub_v12_0_14_lut6_legacy(c...]
Compiling architecture synth of entity c_addsub_v12_0_14.c_addsub_v12_0_14_fabric_legacy [\c_addsub_v12_0_14_fabric_legacy...]
Compiling architecture synth of entity c_addsub_v12_0_14.c_addsub_v12_0_14_legacy [\c_addsub_v12_0_14_legacy(c_fami...]
Compiling architecture synth of entity c_addsub_v12_0_14.c_addsub_v12_0_14_viv [\c_addsub_v12_0_14_viv(c_xdevice...]
Compiling architecture xilinx of entity xfft_v9_1_3.adder [\adder(c_xdevicefamily="virtexup...]
Compiling architecture xilinx of entity xfft_v9_1_3.mux_bus4 [\mux_bus4(c_xdevicefamily="virte...]
Compiling architecture xilinx of entity xfft_v9_1_3.twgen_distmem [\twgen_distmem(pipeline_fwd_inv=...]
Compiling architecture xilinx of entity xfft_v9_1_3.twiddle_gen [\twiddle_gen(c_xdevicefamily="vi...]
Compiling architecture xilinx of entity xfft_v9_1_3.r22_tw_gen [\r22_tw_gen(c_xdevicefamily="vir...]
Compiling architecture xilinx of entity cmpy_v6_0_18.delay_line [\delay_line(c_xdevicefamily="vir...]
Compiling architecture xilinx of entity cmpy_v6_0_18.delay_line [\delay_line(c_xdevicefamily="vir...]
Compiling architecture xilinx of entity mult_gen_v12_0_16.op_resize [\op_resize(ai_width=22,bi_width=...]
Compiling architecture xilinx of entity mult_gen_v12_0_16.dsp [\dsp(c_xdevicefamily="virtexuplu...]
Compiling architecture xilinx of entity cmpy_v6_0_18.cmpy_3_dsp48_mult [\cmpy_3_dsp48_mult(c_xdevicefami...]
Compiling architecture xilinx of entity cmpy_v6_0_18.delay_line [\delay_line(c_xdevicefamily="vir...]
Compiling architecture dsp48e2_v of entity unisim.DSP48E2 [\DSP48E2(acascreg=2,alumodereg=0...]
Compiling architecture xilinx of entity mult_gen_v12_0_16.op_resize [\op_resize(ai_width=21,bi_width=...]
Compiling architecture xilinx of entity mult_gen_v12_0_16.dsp [\dsp(c_xdevicefamily="virtexuplu...]
Compiling architecture xilinx of entity cmpy_v6_0_18.cmpy_3_dsp48_mult [\cmpy_3_dsp48_mult(c_xdevicefami...]
Compiling architecture xilinx of entity mult_gen_v12_0_16.dsp [\dsp(c_xdevicefamily="virtexuplu...]
Compiling architecture xilinx of entity cmpy_v6_0_18.cmpy_3_dsp48_mult [\cmpy_3_dsp48_mult(c_xdevicefami...]
Compiling architecture xilinx of entity cmpy_v6_0_18.input_negation [\input_negation(c_xdevicefamily=...]
Compiling architecture xilinx of entity cmpy_v6_0_18.delay_line [\delay_line(c_xdevicefamily="vir...]
Compiling architecture xilinx of entity cmpy_v6_0_18.cmpy_3_dsp48 [\cmpy_3_dsp48(c_xdevicefamily="v...]
Compiling architecture xilinx of entity cmpy_v6_0_18.cmpy_v6_0_18_synth [\cmpy_v6_0_18_synth(c_xdevicefam...]
Compiling architecture xilinx of entity xfft_v9_1_3.cmpy [\cmpy(c_xdevicefamily="virtexupl...]
Compiling architecture xilinx of entity xfft_v9_1_3.shift_ram [\shift_ram(c_xdevicefamily="virt...]
Compiling architecture xilinx of entity xfft_v9_1_3.logic_gate [\logic_gate(c_xdevicefamily="vir...]
Compiling architecture rtl of entity c_addsub_v12_0_14.c_addsub_v12_0_14_lut6_legacy [\c_addsub_v12_0_14_lut6_legacy(c...]
Compiling architecture synth of entity c_addsub_v12_0_14.c_addsub_v12_0_14_fabric_legacy [\c_addsub_v12_0_14_fabric_legacy...]
Compiling architecture synth of entity c_addsub_v12_0_14.c_addsub_v12_0_14_legacy [\c_addsub_v12_0_14_legacy(c_fami...]
Compiling architecture synth of entity c_addsub_v12_0_14.c_addsub_v12_0_14_viv [\c_addsub_v12_0_14_viv(c_xdevice...]
Compiling architecture xilinx of entity xfft_v9_1_3.unbiased_round [\unbiased_round(c_xdevicefamily=...]
Compiling architecture xilinx of entity xfft_v9_1_3.shift_ram [\shift_ram(c_xdevicefamily="virt...]
Compiling architecture xilinx of entity xfft_v9_1_3.shift_ram [\shift_ram(c_xdevicefamily="virt...]
Compiling architecture xilinx of entity xfft_v9_1_3.r22_pe [\r22_pe(c_xdevicefamily="virtexu...]
Compiling architecture xilinx of entity xfft_v9_1_3.r22_cnt_ctrl [\r22_cnt_ctrl(c_xdevicefamily="v...]
Compiling architecture xilinx of entity xfft_v9_1_3.r22_cnt_ctrl [\r22_cnt_ctrl(c_xdevicefamily="v...]
Compiling architecture struct of entity c_shift_ram_v12_0_14.c_shift_ram_v12_0_14_legacy [\c_shift_ram_v12_0_14_legacy(c_x...]
Compiling architecture synth of entity c_shift_ram_v12_0_14.c_shift_ram_v12_0_14_viv [\c_shift_ram_v12_0_14_viv(c_xdev...]
Compiling architecture xilinx of entity xfft_v9_1_3.shift_ram [\shift_ram(c_xdevicefamily="virt...]
Compiling architecture xilinx of entity xfft_v9_1_3.shift_ram [\shift_ram(c_xdevicefamily="virt...]
Compiling architecture xilinx of entity xfft_v9_1_3.shift_ram [\shift_ram(c_xdevicefamily="virt...]
Compiling architecture xilinx of entity xfft_v9_1_3.mux_bus2 [\mux_bus2(c_xdevicefamily="virte...]
Compiling architecture xilinx of entity xfft_v9_1_3.r22_delay_mux [\r22_delay_mux(c_xdevicefamily="...]
Compiling architecture xilinx of entity xfft_v9_1_3.r22_delay_mux [\r22_delay_mux(c_xdevicefamily="...]
Compiling architecture xilinx of entity xfft_v9_1_3.shift_ram [\shift_ram(c_xdevicefamily="virt...]
Compiling architecture xilinx of entity xfft_v9_1_3.shift_ram [\shift_ram(c_xdevicefamily="virt...]
Compiling architecture struct of entity c_shift_ram_v12_0_14.c_shift_ram_v12_0_14_legacy [\c_shift_ram_v12_0_14_legacy(c_x...]
Compiling architecture synth of entity c_shift_ram_v12_0_14.c_shift_ram_v12_0_14_viv [\c_shift_ram_v12_0_14_viv(c_xdev...]
Compiling architecture synth of entity xfft_v9_1_3.r22_srl_memory [\r22_srl_memory(c_xdevicefamily=...]
Compiling architecture xilinx of entity xfft_v9_1_3.r22_memory [\r22_memory(c_xdevicefamily="vir...]
Compiling architecture xilinx of entity xfft_v9_1_3.butterfly_DSP48E_SIMD_bypass [\butterfly_DSP48E_SIMD_bypass(da...]
Compiling architecture xilinx of entity xfft_v9_1_3.bf_dsp_bypass [\bf_dsp_bypass(c_xdevicefamily="...]
Compiling architecture xilinx of entity xfft_v9_1_3.r22_bfly_byp [\r22_bfly_byp(c_xdevicefamily="v...]
Compiling architecture xilinx of entity xfft_v9_1_3.r22_bf [\r22_bf(c_xdevicefamily="virtexu...]
Compiling architecture xilinx of entity xfft_v9_1_3.shift_ram [\shift_ram(c_xdevicefamily="virt...]
Compiling architecture xilinx of entity xfft_v9_1_3.mux_bus2 [\mux_bus2(c_xdevicefamily="virte...]
Compiling architecture xilinx of entity xfft_v9_1_3.r22_delay_mux [\r22_delay_mux(c_xdevicefamily="...]
Compiling architecture xilinx of entity xfft_v9_1_3.r22_delay_mux [\r22_delay_mux(c_xdevicefamily="...]
Compiling architecture xilinx of entity xfft_v9_1_3.shift_ram [\shift_ram(c_xdevicefamily="virt...]
Compiling architecture xilinx of entity xfft_v9_1_3.shift_ram [\shift_ram(c_xdevicefamily="virt...]
Compiling architecture struct of entity c_shift_ram_v12_0_14.c_shift_ram_v12_0_14_legacy [\c_shift_ram_v12_0_14_legacy(c_x...]
Compiling architecture synth of entity c_shift_ram_v12_0_14.c_shift_ram_v12_0_14_viv [\c_shift_ram_v12_0_14_viv(c_xdev...]
Compiling architecture synth of entity xfft_v9_1_3.r22_srl_memory [\r22_srl_memory(c_xdevicefamily=...]
Compiling architecture xilinx of entity xfft_v9_1_3.r22_memory [\r22_memory(c_xdevicefamily="vir...]
Compiling architecture xilinx of entity xfft_v9_1_3.butterfly_DSP48E_bypass [\butterfly_DSP48E_bypass(data_wi...]
Compiling architecture xilinx of entity xfft_v9_1_3.bf_dsp_bypass [\bf_dsp_bypass(c_xdevicefamily="...]
Compiling architecture xilinx of entity xfft_v9_1_3.r22_bfly_byp [\r22_bfly_byp(c_xdevicefamily="v...]
Compiling architecture xilinx of entity xfft_v9_1_3.r22_bf [\r22_bf(c_xdevicefamily="virtexu...]
Compiling architecture xilinx of entity xfft_v9_1_3.shift_ram [\shift_ram(c_xdevicefamily="virt...]
Compiling architecture structural of entity c_reg_fd_v12_0_6.c_reg_fd_v12_0_6_viv [\c_reg_fd_v12_0_6_viv(c_width=8,...]
Compiling architecture rtl of entity c_addsub_v12_0_14.c_addsub_v12_0_14_lut6_legacy [\c_addsub_v12_0_14_lut6_legacy(c...]
Compiling architecture synth of entity c_addsub_v12_0_14.c_addsub_v12_0_14_fabric_legacy [\c_addsub_v12_0_14_fabric_legacy...]
Compiling architecture synth of entity c_addsub_v12_0_14.c_addsub_v12_0_14_legacy [\c_addsub_v12_0_14_legacy(c_fami...]
Compiling architecture synth of entity c_addsub_v12_0_14.c_addsub_v12_0_14_viv [\c_addsub_v12_0_14_viv(c_xdevice...]
Compiling architecture xilinx of entity xfft_v9_1_3.adder [\adder(c_xdevicefamily="virtexup...]
Compiling architecture xilinx of entity xfft_v9_1_3.mux_bus4 [\mux_bus4(c_xdevicefamily="virte...]
Compiling architecture xilinx of entity xfft_v9_1_3.twgen_distmem [\twgen_distmem(theta_width=7,pip...]
Compiling architecture xilinx of entity xfft_v9_1_3.twiddle_gen [\twiddle_gen(c_xdevicefamily="vi...]
Compiling architecture xilinx of entity xfft_v9_1_3.r22_tw_gen [\r22_tw_gen(c_xdevicefamily="vir...]
Compiling architecture xilinx of entity cmpy_v6_0_18.delay_line [\delay_line(c_xdevicefamily="vir...]
Compiling architecture xilinx of entity mult_gen_v12_0_16.op_resize [\op_resize(ai_width=24,bi_width=...]
Compiling architecture xilinx of entity mult_gen_v12_0_16.dsp [\dsp(c_xdevicefamily="virtexuplu...]
Compiling architecture xilinx of entity cmpy_v6_0_18.cmpy_3_dsp48_mult [\cmpy_3_dsp48_mult(c_xdevicefami...]
Compiling architecture xilinx of entity cmpy_v6_0_18.delay_line [\delay_line(c_xdevicefamily="vir...]
Compiling architecture xilinx of entity mult_gen_v12_0_16.op_resize [\op_resize(ai_width=23,bi_width=...]
Compiling architecture xilinx of entity mult_gen_v12_0_16.dsp [\dsp(c_xdevicefamily="virtexuplu...]
Compiling architecture xilinx of entity cmpy_v6_0_18.cmpy_3_dsp48_mult [\cmpy_3_dsp48_mult(c_xdevicefami...]
Compiling architecture xilinx of entity mult_gen_v12_0_16.dsp [\dsp(c_xdevicefamily="virtexuplu...]
Compiling architecture xilinx of entity cmpy_v6_0_18.cmpy_3_dsp48_mult [\cmpy_3_dsp48_mult(c_xdevicefami...]
Compiling architecture xilinx of entity cmpy_v6_0_18.input_negation [\input_negation(c_xdevicefamily=...]
Compiling architecture xilinx of entity cmpy_v6_0_18.delay_line [\delay_line(c_xdevicefamily="vir...]
Compiling architecture xilinx of entity cmpy_v6_0_18.cmpy_3_dsp48 [\cmpy_3_dsp48(c_xdevicefamily="v...]
Compiling architecture xilinx of entity cmpy_v6_0_18.cmpy_v6_0_18_synth [\cmpy_v6_0_18_synth(c_xdevicefam...]
Compiling architecture xilinx of entity xfft_v9_1_3.cmpy [\cmpy(c_xdevicefamily="virtexupl...]
Compiling architecture xilinx of entity xfft_v9_1_3.shift_ram [\shift_ram(c_xdevicefamily="virt...]
Compiling architecture xilinx of entity xfft_v9_1_3.logic_gate [\logic_gate(c_xdevicefamily="vir...]
Compiling architecture rtl of entity c_addsub_v12_0_14.c_addsub_v12_0_14_lut6_legacy [\c_addsub_v12_0_14_lut6_legacy(c...]
Compiling architecture synth of entity c_addsub_v12_0_14.c_addsub_v12_0_14_fabric_legacy [\c_addsub_v12_0_14_fabric_legacy...]
Compiling architecture synth of entity c_addsub_v12_0_14.c_addsub_v12_0_14_legacy [\c_addsub_v12_0_14_legacy(c_fami...]
Compiling architecture synth of entity c_addsub_v12_0_14.c_addsub_v12_0_14_viv [\c_addsub_v12_0_14_viv(c_xdevice...]
Compiling architecture xilinx of entity xfft_v9_1_3.unbiased_round [\unbiased_round(c_xdevicefamily=...]
Compiling architecture xilinx of entity xfft_v9_1_3.shift_ram [\shift_ram(c_xdevicefamily="virt...]
Compiling architecture xilinx of entity xfft_v9_1_3.shift_ram [\shift_ram(c_xdevicefamily="virt...]
Compiling architecture xilinx of entity xfft_v9_1_3.r22_pe [\r22_pe(c_xdevicefamily="virtexu...]
Compiling architecture xilinx of entity xfft_v9_1_3.r22_cnt_ctrl [\r22_cnt_ctrl(c_xdevicefamily="v...]
Compiling architecture xilinx of entity xfft_v9_1_3.r22_cnt_ctrl [\r22_cnt_ctrl(c_xdevicefamily="v...]
Compiling architecture struct of entity c_shift_ram_v12_0_14.c_shift_ram_v12_0_14_legacy [\c_shift_ram_v12_0_14_legacy(c_x...]
Compiling architecture synth of entity c_shift_ram_v12_0_14.c_shift_ram_v12_0_14_viv [\c_shift_ram_v12_0_14_viv(c_xdev...]
Compiling architecture xilinx of entity xfft_v9_1_3.shift_ram [\shift_ram(c_xdevicefamily="virt...]
Compiling architecture struct of entity c_shift_ram_v12_0_14.c_shift_ram_v12_0_14_legacy [\c_shift_ram_v12_0_14_legacy(c_x...]
Compiling architecture synth of entity c_shift_ram_v12_0_14.c_shift_ram_v12_0_14_viv [\c_shift_ram_v12_0_14_viv(c_xdev...]
Compiling architecture xilinx of entity xfft_v9_1_3.shift_ram [\shift_ram(c_xdevicefamily="virt...]
Compiling architecture struct of entity c_shift_ram_v12_0_14.c_shift_ram_v12_0_14_legacy [\c_shift_ram_v12_0_14_legacy(c_x...]
Compiling architecture synth of entity c_shift_ram_v12_0_14.c_shift_ram_v12_0_14_viv [\c_shift_ram_v12_0_14_viv(c_xdev...]
Compiling architecture xilinx of entity xfft_v9_1_3.shift_ram [\shift_ram(c_xdevicefamily="virt...]
Compiling architecture xilinx of entity xfft_v9_1_3.shift_ram [\shift_ram(c_xdevicefamily="virt...]
Compiling architecture xilinx of entity xfft_v9_1_3.shift_ram [\shift_ram(c_xdevicefamily="virt...]
Compiling architecture xilinx of entity xfft_v9_1_3.mux_bus2 [\mux_bus2(c_xdevicefamily="virte...]
Compiling architecture xilinx of entity xfft_v9_1_3.r22_delay_mux [\r22_delay_mux(c_xdevicefamily="...]
Compiling architecture xilinx of entity xfft_v9_1_3.r22_delay_mux [\r22_delay_mux(c_xdevicefamily="...]
Compiling architecture xilinx of entity xfft_v9_1_3.shift_ram [\shift_ram(c_xdevicefamily="virt...]
Compiling architecture xilinx of entity xfft_v9_1_3.shift_ram [\shift_ram(c_xdevicefamily="virt...]
Compiling architecture struct of entity c_shift_ram_v12_0_14.c_shift_ram_v12_0_14_legacy [\c_shift_ram_v12_0_14_legacy(c_x...]
Compiling architecture synth of entity c_shift_ram_v12_0_14.c_shift_ram_v12_0_14_viv [\c_shift_ram_v12_0_14_viv(c_xdev...]
Compiling architecture synth of entity xfft_v9_1_3.r22_srl_memory [\r22_srl_memory(c_xdevicefamily=...]
Compiling architecture xilinx of entity xfft_v9_1_3.r22_memory [\r22_memory(c_xdevicefamily="vir...]
Compiling architecture xilinx of entity xfft_v9_1_3.butterfly_DSP48E_bypass [\butterfly_DSP48E_bypass(data_wi...]
Compiling architecture xilinx of entity xfft_v9_1_3.bf_dsp_bypass [\bf_dsp_bypass(c_xdevicefamily="...]
Compiling architecture xilinx of entity xfft_v9_1_3.r22_bfly_byp [\r22_bfly_byp(c_xdevicefamily="v...]
Compiling architecture xilinx of entity xfft_v9_1_3.r22_bf [\r22_bf(c_xdevicefamily="virtexu...]
Compiling architecture xilinx of entity xfft_v9_1_3.shift_ram [\shift_ram(c_xdevicefamily="virt...]
Compiling architecture struct of entity c_shift_ram_v12_0_14.c_shift_ram_v12_0_14_legacy [\c_shift_ram_v12_0_14_legacy(c_x...]
Compiling architecture synth of entity c_shift_ram_v12_0_14.c_shift_ram_v12_0_14_viv [\c_shift_ram_v12_0_14_viv(c_xdev...]
Compiling architecture xilinx of entity xfft_v9_1_3.shift_ram [\shift_ram(c_xdevicefamily="virt...]
Compiling architecture xilinx of entity xfft_v9_1_3.shift_ram [\shift_ram(c_xdevicefamily="virt...]
Compiling architecture xilinx of entity xfft_v9_1_3.shift_ram [\shift_ram(c_xdevicefamily="virt...]
Compiling architecture xilinx of entity xfft_v9_1_3.mux_bus2 [\mux_bus2(c_xdevicefamily="virte...]
Compiling architecture xilinx of entity xfft_v9_1_3.r22_bf_sp [\r22_bf_sp(c_xdevicefamily="virt...]
Compiling architecture struct of entity c_shift_ram_v12_0_14.c_shift_ram_v12_0_14_legacy [\c_shift_ram_v12_0_14_legacy(c_x...]
Compiling architecture synth of entity c_shift_ram_v12_0_14.c_shift_ram_v12_0_14_viv [\c_shift_ram_v12_0_14_viv(c_xdev...]
Compiling architecture xilinx of entity xfft_v9_1_3.shift_ram [\shift_ram(c_xdevicefamily="virt...]
Compiling architecture structural of entity c_reg_fd_v12_0_6.c_reg_fd_v12_0_6_viv [\c_reg_fd_v12_0_6_viv(c_width=6,...]
Compiling architecture rtl of entity c_addsub_v12_0_14.c_addsub_v12_0_14_lut6_legacy [\c_addsub_v12_0_14_lut6_legacy(c...]
Compiling architecture synth of entity c_addsub_v12_0_14.c_addsub_v12_0_14_fabric_legacy [\c_addsub_v12_0_14_fabric_legacy...]
Compiling architecture synth of entity c_addsub_v12_0_14.c_addsub_v12_0_14_legacy [\c_addsub_v12_0_14_legacy(c_fami...]
Compiling architecture synth of entity c_addsub_v12_0_14.c_addsub_v12_0_14_viv [\c_addsub_v12_0_14_viv(c_xdevice...]
Compiling architecture xilinx of entity xfft_v9_1_3.adder [\adder(c_xdevicefamily="virtexup...]
Compiling architecture xilinx of entity xfft_v9_1_3.mux_bus4 [\mux_bus4(c_xdevicefamily="virte...]
Compiling architecture xilinx of entity xfft_v9_1_3.twgen_distmem [\twgen_distmem(theta_width=5,pip...]
Compiling architecture xilinx of entity xfft_v9_1_3.twiddle_gen [\twiddle_gen(c_xdevicefamily="vi...]
Compiling architecture xilinx of entity xfft_v9_1_3.r22_tw_gen [\r22_tw_gen(c_xdevicefamily="vir...]
Compiling architecture xilinx of entity cmpy_v6_0_18.delay_line [\delay_line(c_xdevicefamily="vir...]
Compiling architecture xilinx of entity mult_gen_v12_0_16.op_resize [\op_resize(ai_width=26,bi_width=...]
Compiling architecture xilinx of entity mult_gen_v12_0_16.dsp [\dsp(c_xdevicefamily="virtexuplu...]
Compiling architecture xilinx of entity cmpy_v6_0_18.cmpy_3_dsp48_mult [\cmpy_3_dsp48_mult(c_xdevicefami...]
Compiling architecture xilinx of entity cmpy_v6_0_18.delay_line [\delay_line(c_xdevicefamily="vir...]
Compiling architecture xilinx of entity mult_gen_v12_0_16.op_resize [\op_resize(ai_width=25,bi_width=...]
Compiling architecture xilinx of entity mult_gen_v12_0_16.dsp [\dsp(c_xdevicefamily="virtexuplu...]
Compiling architecture xilinx of entity cmpy_v6_0_18.cmpy_3_dsp48_mult [\cmpy_3_dsp48_mult(c_xdevicefami...]
Compiling architecture xilinx of entity mult_gen_v12_0_16.dsp [\dsp(c_xdevicefamily="virtexuplu...]
Compiling architecture xilinx of entity cmpy_v6_0_18.cmpy_3_dsp48_mult [\cmpy_3_dsp48_mult(c_xdevicefami...]
Compiling architecture xilinx of entity cmpy_v6_0_18.input_negation [\input_negation(c_xdevicefamily=...]
Compiling architecture xilinx of entity cmpy_v6_0_18.delay_line [\delay_line(c_xdevicefamily="vir...]
Compiling architecture xilinx of entity cmpy_v6_0_18.cmpy_3_dsp48 [\cmpy_3_dsp48(c_xdevicefamily="v...]
Compiling architecture xilinx of entity cmpy_v6_0_18.cmpy_v6_0_18_synth [\cmpy_v6_0_18_synth(c_xdevicefam...]
Compiling architecture xilinx of entity xfft_v9_1_3.cmpy [\cmpy(c_xdevicefamily="virtexupl...]
Compiling architecture xilinx of entity xfft_v9_1_3.shift_ram [\shift_ram(c_xdevicefamily="virt...]
Compiling architecture xilinx of entity xfft_v9_1_3.logic_gate [\logic_gate(c_xdevicefamily="vir...]
Compiling architecture rtl of entity c_addsub_v12_0_14.c_addsub_v12_0_14_lut6_legacy [\c_addsub_v12_0_14_lut6_legacy(c...]
Compiling architecture synth of entity c_addsub_v12_0_14.c_addsub_v12_0_14_fabric_legacy [\c_addsub_v12_0_14_fabric_legacy...]
Compiling architecture synth of entity c_addsub_v12_0_14.c_addsub_v12_0_14_legacy [\c_addsub_v12_0_14_legacy(c_fami...]
Compiling architecture synth of entity c_addsub_v12_0_14.c_addsub_v12_0_14_viv [\c_addsub_v12_0_14_viv(c_xdevice...]
Compiling architecture xilinx of entity xfft_v9_1_3.unbiased_round [\unbiased_round(c_xdevicefamily=...]
Compiling architecture xilinx of entity xfft_v9_1_3.shift_ram [\shift_ram(c_xdevicefamily="virt...]
Compiling architecture xilinx of entity xfft_v9_1_3.shift_ram [\shift_ram(c_xdevicefamily="virt...]
Compiling architecture xilinx of entity xfft_v9_1_3.r22_pe [\r22_pe(c_xdevicefamily="virtexu...]
Compiling architecture xilinx of entity xfft_v9_1_3.r22_cnt_ctrl [\r22_cnt_ctrl(c_xdevicefamily="v...]
Compiling architecture xilinx of entity xfft_v9_1_3.r22_cnt_ctrl [\r22_cnt_ctrl(c_xdevicefamily="v...]
Compiling architecture struct of entity c_shift_ram_v12_0_14.c_shift_ram_v12_0_14_legacy [\c_shift_ram_v12_0_14_legacy(c_x...]
Compiling architecture synth of entity c_shift_ram_v12_0_14.c_shift_ram_v12_0_14_viv [\c_shift_ram_v12_0_14_viv(c_xdev...]
Compiling architecture xilinx of entity xfft_v9_1_3.shift_ram [\shift_ram(c_xdevicefamily="virt...]
Compiling architecture struct of entity c_shift_ram_v12_0_14.c_shift_ram_v12_0_14_legacy [\c_shift_ram_v12_0_14_legacy(c_x...]
Compiling architecture synth of entity c_shift_ram_v12_0_14.c_shift_ram_v12_0_14_viv [\c_shift_ram_v12_0_14_viv(c_xdev...]
Compiling architecture xilinx of entity xfft_v9_1_3.shift_ram [\shift_ram(c_xdevicefamily="virt...]
Compiling architecture struct of entity c_shift_ram_v12_0_14.c_shift_ram_v12_0_14_legacy [\c_shift_ram_v12_0_14_legacy(c_x...]
Compiling architecture synth of entity c_shift_ram_v12_0_14.c_shift_ram_v12_0_14_viv [\c_shift_ram_v12_0_14_viv(c_xdev...]
Compiling architecture xilinx of entity xfft_v9_1_3.shift_ram [\shift_ram(c_xdevicefamily="virt...]
Compiling architecture struct of entity c_shift_ram_v12_0_14.c_shift_ram_v12_0_14_legacy [\c_shift_ram_v12_0_14_legacy(c_x...]
Compiling architecture synth of entity c_shift_ram_v12_0_14.c_shift_ram_v12_0_14_viv [\c_shift_ram_v12_0_14_viv(c_xdev...]
Compiling architecture xilinx of entity xfft_v9_1_3.shift_ram [\shift_ram(c_xdevicefamily="virt...]
Compiling architecture xilinx of entity xfft_v9_1_3.shift_ram [\shift_ram(c_xdevicefamily="virt...]
Compiling architecture xilinx of entity xfft_v9_1_3.shift_ram [\shift_ram(c_xdevicefamily="virt...]
Compiling architecture xilinx of entity xfft_v9_1_3.mux_bus2 [\mux_bus2(c_xdevicefamily="virte...]
Compiling architecture xilinx of entity xfft_v9_1_3.r22_bf_sp [\r22_bf_sp(c_xdevicefamily="virt...]
Compiling architecture xilinx of entity xfft_v9_1_3.shift_ram [\shift_ram(c_xdevicefamily="virt...]
Compiling architecture xilinx of entity xfft_v9_1_3.shift_ram [\shift_ram(c_xdevicefamily="virt...]
Compiling architecture xilinx of entity xfft_v9_1_3.shift_ram [\shift_ram(c_xdevicefamily="virt...]
Compiling architecture xilinx of entity xfft_v9_1_3.mux_bus2 [\mux_bus2(c_xdevicefamily="virte...]
Compiling architecture xilinx of entity xfft_v9_1_3.r22_bf_sp [\r22_bf_sp(c_xdevicefamily="virt...]
Compiling architecture xilinx of entity xfft_v9_1_3.shift_ram [\shift_ram(c_xdevicefamily="virt...]
Compiling architecture struct of entity c_shift_ram_v12_0_14.c_shift_ram_v12_0_14_legacy [\c_shift_ram_v12_0_14_legacy(c_x...]
Compiling architecture synth of entity c_shift_ram_v12_0_14.c_shift_ram_v12_0_14_viv [\c_shift_ram_v12_0_14_viv(c_xdev...]
Compiling architecture xilinx of entity xfft_v9_1_3.shift_ram [\shift_ram(c_xdevicefamily="virt...]
Compiling architecture structural of entity c_reg_fd_v12_0_6.c_reg_fd_v12_0_6_viv [\c_reg_fd_v12_0_6_viv(c_width=4,...]
Compiling architecture rtl of entity c_addsub_v12_0_14.c_addsub_v12_0_14_lut6_legacy [\c_addsub_v12_0_14_lut6_legacy(c...]
Compiling architecture synth of entity c_addsub_v12_0_14.c_addsub_v12_0_14_fabric_legacy [\c_addsub_v12_0_14_fabric_legacy...]
Compiling architecture synth of entity c_addsub_v12_0_14.c_addsub_v12_0_14_legacy [\c_addsub_v12_0_14_legacy(c_fami...]
Compiling architecture synth of entity c_addsub_v12_0_14.c_addsub_v12_0_14_viv [\c_addsub_v12_0_14_viv(c_xdevice...]
Compiling architecture xilinx of entity xfft_v9_1_3.adder [\adder(c_xdevicefamily="virtexup...]
Compiling architecture xilinx of entity xfft_v9_1_3.mux_bus4 [\mux_bus4(c_xdevicefamily="virte...]
Compiling architecture xilinx of entity xfft_v9_1_3.twgen_distmem [\twgen_distmem(theta_width=3,pip...]
Compiling architecture xilinx of entity xfft_v9_1_3.twiddle_gen [\twiddle_gen(c_xdevicefamily="vi...]
Compiling architecture xilinx of entity xfft_v9_1_3.r22_tw_gen [\r22_tw_gen(c_xdevicefamily="vir...]
Compiling architecture xilinx of entity cmpy_v6_0_18.delay_line [\delay_line(c_xdevicefamily="vir...]
Compiling architecture dsp48e2_v of entity unisim.DSP48E2 [\DSP48E2(adreg=0,carryinselreg=0...]
Compiling architecture dsp48e2_v of entity unisim.DSP48E2 [\DSP48E2(acascreg=2,adreg=0,areg...]
Compiling architecture xilinx of entity cmpy_v6_0_18.delay_line [\delay_line(c_xdevicefamily="vir...]
Compiling architecture xilinx of entity mult_gen_v12_0_16.op_resize [\op_resize(ai_width=27,bi_width=...]
WARNING: [VRFC 10-516] comparison between unequal length arrays always returns FALSE [/wrk/2019.2/continuous/2019_11_06_2708876/packages/customer/vivado/data/ip/xilinx/xbip_utils_v3_0/hdl/xbip_utils_v3_0_vh_rfs.vhd:2056]
WARNING: [VRFC 10-516] comparison between unequal length arrays always returns FALSE [/wrk/2019.2/continuous/2019_11_06_2708876/packages/customer/vivado/data/ip/xilinx/xbip_utils_v3_0/hdl/xbip_utils_v3_0_vh_rfs.vhd:2058]
WARNING: [VRFC 10-516] comparison between unequal length arrays always returns FALSE [/wrk/2019.2/continuous/2019_11_06_2708876/packages/customer/vivado/data/ip/xilinx/xbip_utils_v3_0/hdl/xbip_utils_v3_0_vh_rfs.vhd:2059]
WARNING: [VRFC 10-516] comparison between unequal length arrays always returns FALSE [/wrk/2019.2/continuous/2019_11_06_2708876/packages/customer/vivado/data/ip/xilinx/xbip_utils_v3_0/hdl/xbip_utils_v3_0_vh_rfs.vhd:2060]
Compiling architecture xilinx of entity cmpy_v6_0_18.cmpy_4_dsp48_mult [\cmpy_4_dsp48_mult(c_xdevicefami...]
Compiling architecture xilinx of entity cmpy_v6_0_18.cmpy_4_dsp48 [\cmpy_4_dsp48(c_xdevicefamily="v...]
Compiling architecture xilinx of entity cmpy_v6_0_18.cmpy_v6_0_18_synth [\cmpy_v6_0_18_synth(c_xdevicefam...]
Compiling architecture xilinx of entity xfft_v9_1_3.cmpy [\cmpy(c_xdevicefamily="virtexupl...]
Compiling architecture xilinx of entity xfft_v9_1_3.shift_ram [\shift_ram(c_xdevicefamily="virt...]
Compiling architecture xilinx of entity xfft_v9_1_3.logic_gate [\logic_gate(c_xdevicefamily="vir...]
Compiling architecture rtl of entity c_addsub_v12_0_14.c_addsub_v12_0_14_lut6_legacy [\c_addsub_v12_0_14_lut6_legacy(c...]
Compiling architecture synth of entity c_addsub_v12_0_14.c_addsub_v12_0_14_fabric_legacy [\c_addsub_v12_0_14_fabric_legacy...]
Compiling architecture synth of entity c_addsub_v12_0_14.c_addsub_v12_0_14_legacy [\c_addsub_v12_0_14_legacy(c_fami...]
Compiling architecture synth of entity c_addsub_v12_0_14.c_addsub_v12_0_14_viv [\c_addsub_v12_0_14_viv(c_xdevice...]
Compiling architecture xilinx of entity xfft_v9_1_3.unbiased_round [\unbiased_round(c_xdevicefamily=...]
Compiling architecture xilinx of entity xfft_v9_1_3.shift_ram [\shift_ram(c_xdevicefamily="virt...]
Compiling architecture xilinx of entity xfft_v9_1_3.shift_ram [\shift_ram(c_xdevicefamily="virt...]
Compiling architecture xilinx of entity xfft_v9_1_3.r22_pe [\r22_pe(c_xdevicefamily="virtexu...]
Compiling architecture struct of entity c_shift_ram_v12_0_14.c_shift_ram_v12_0_14_legacy [\c_shift_ram_v12_0_14_legacy(c_x...]
Compiling architecture synth of entity c_shift_ram_v12_0_14.c_shift_ram_v12_0_14_viv [\c_shift_ram_v12_0_14_viv(c_xdev...]
Compiling architecture xilinx of entity xfft_v9_1_3.shift_ram [\shift_ram(c_xdevicefamily="virt...]
Compiling architecture xilinx of entity xfft_v9_1_3.shift_ram [\shift_ram(c_xdevicefamily="virt...]
Compiling architecture xilinx of entity xfft_v9_1_3.mux_bus2 [\mux_bus2(c_xdevicefamily="virte...]
Compiling architecture xilinx of entity xfft_v9_1_3.r22_bf_sp [\r22_bf_sp(c_xdevicefamily="virt...]
Compiling architecture xilinx of entity xfft_v9_1_3.shift_ram [\shift_ram(c_xdevicefamily="virt...]
Compiling architecture xilinx of entity xfft_v9_1_3.shift_ram [\shift_ram(c_xdevicefamily="virt...]
Compiling architecture xilinx of entity xfft_v9_1_3.mux_bus2 [\mux_bus2(c_xdevicefamily="virte...]
Compiling architecture xilinx of entity xfft_v9_1_3.r22_bf_sp [\r22_bf_sp(c_xdevicefamily="virt...]
Compiling architecture xilinx of entity xfft_v9_1_3.shift_ram [\shift_ram(c_xdevicefamily="virt...]
Compiling architecture xilinx of entity xfft_v9_1_3.shift_ram [\shift_ram(c_xdevicefamily="virt...]
Compiling architecture xilinx of entity xfft_v9_1_3.shift_ram [\shift_ram(c_xdevicefamily="virt...]
Compiling architecture xilinx of entity xfft_v9_1_3.r22_pe [\r22_pe(c_xdevicefamily="virtexu...]
Compiling architecture xilinx of entity xfft_v9_1_3.shift_ram [\shift_ram(c_xdevicefamily="virt...]
Compiling architecture xilinx of entity xfft_v9_1_3.shift_ram [\shift_ram(c_xdevicefamily="virt...]
Compiling architecture xilinx of entity xfft_v9_1_3.shift_ram [\shift_ram(c_xdevicefamily="virt...]
Compiling architecture xilinx of entity xfft_v9_1_3.shift_ram [\shift_ram(c_xdevicefamily="virt...]
Compiling architecture xilinx of entity xfft_v9_1_3.mux_bus2 [\mux_bus2(c_xdevicefamily="virte...]
Compiling architecture rb18_internal_vhdl_v of entity unisim.RB18_INTERNAL_VHDL [\RB18_INTERNAL_VHDL(bram_size=18...]
Compiling architecture ramb18e1_v of entity unisim.RAMB18E1 [\RAMB18E1(dob_reg=1,read_width_b...]
Compiling architecture ramb18_v of entity unisim.RAMB18 [\RAMB18(dob_reg=1,read_width_b=4...]
Compiling architecture xilinx of entity xfft_v9_1_3.dpm [\dpm(c_xdevicefamily="virtexuplu...]
Compiling architecture xilinx of entity xfft_v9_1_3.r22_memory [\r22_memory(c_xdevicefamily="vir...]
Compiling architecture xilinx of entity xfft_v9_1_3.shift_ram [\shift_ram(c_xdevicefamily="virt...]
Compiling architecture xilinx of entity xfft_v9_1_3.shift_ram [\shift_ram(c_xdevicefamily="virt...]
Compiling architecture xilinx of entity xfft_v9_1_3.shift_ram [\shift_ram(c_xdevicefamily="virt...]
Compiling architecture xilinx of entity xfft_v9_1_3.shift_ram [\shift_ram(c_xdevicefamily="virt...]
Compiling architecture xilinx of entity xfft_v9_1_3.r22_busy [\r22_busy(c_xdevicefamily="virte...]
Compiling architecture xilinx of entity xfft_v9_1_3.shift_ram [\shift_ram(c_xdevicefamily="virt...]
Compiling architecture structural of entity c_reg_fd_v12_0_6.c_reg_fd_v12_0_6_viv [\c_reg_fd_v12_0_6_viv(c_width=12...]
Compiling architecture rtl of entity c_addsub_v12_0_14.c_addsub_v12_0_14_lut6_legacy [\c_addsub_v12_0_14_lut6_legacy(c...]
Compiling architecture synth of entity c_addsub_v12_0_14.c_addsub_v12_0_14_fabric_legacy [\c_addsub_v12_0_14_fabric_legacy...]
Compiling architecture synth of entity c_addsub_v12_0_14.c_addsub_v12_0_14_legacy [\c_addsub_v12_0_14_legacy(c_fami...]
Compiling architecture synth of entity c_addsub_v12_0_14.c_addsub_v12_0_14_viv [\c_addsub_v12_0_14_viv(c_xdevice...]
Compiling architecture lut6_v of entity unisim.LUT6 [\LUT6(init="10010000000010010000...]
Compiling architecture xilinx of entity xfft_v9_1_3.equ_rtl [\equ_rtl(c_xdevicefamily="virtex...]
Compiling architecture fdre_v of entity unisim.FDRE [fdre_default]
Compiling architecture xilinx of entity xfft_v9_1_3.cnt_tc_rtl_a [\cnt_tc_rtl_a(c_xdevicefamily="v...]
Compiling architecture struct of entity c_shift_ram_v12_0_14.c_shift_ram_v12_0_14_legacy [\c_shift_ram_v12_0_14_legacy(c_x...]
Compiling architecture synth of entity c_shift_ram_v12_0_14.c_shift_ram_v12_0_14_viv [\c_shift_ram_v12_0_14_viv(c_xdev...]
Compiling architecture xilinx of entity xfft_v9_1_3.shift_ram [\shift_ram(c_xdevicefamily="virt...]
Compiling architecture xilinx of entity xfft_v9_1_3.r22_flow_ctrl [\r22_flow_ctrl(c_xdevicefamily="...]
Compiling architecture lut3_v of entity unisim.LUT3 [\LUT3(init="10101110")(0,7)\]
Compiling architecture xilinx of entity xfft_v9_1_3.r22_cnt_ctrl [\r22_cnt_ctrl(c_xdevicefamily="v...]
Compiling architecture srl16e_v of entity unisim.SRL16E [\SRL16E(0,15)\]
Compiling architecture xilinx of entity xfft_v9_1_3.shift_ram [\shift_ram(c_xdevicefamily="virt...]
Compiling architecture fdr_v of entity unisim.FDR [fdr_default]
Compiling architecture xilinx of entity xfft_v9_1_3.shift_ram [\shift_ram(c_xdevicefamily="virt...]
Compiling architecture xilinx of entity xfft_v9_1_3.shift_ram [\shift_ram(c_xdevicefamily="virt...]
Compiling architecture xilinx of entity xfft_v9_1_3.xfft_v9_1_3_d [\xfft_v9_1_3_d(c_xdevicefamily="...]
Compiling architecture synth of entity xfft_v9_1_3.xfft_v9_1_3_core [\xfft_v9_1_3_core(c_xdevicefamil...]
Compiling architecture synth of entity xfft_v9_1_3.xfft_v9_1_3_viv [\xfft_v9_1_3_viv(c_xdevicefamily...]
Compiling architecture xilinx of entity xfft_v9_1_3.xfft_v9_1_3 [\xfft_v9_1_3(c_xdevicefamily="vi...]
Compiling architecture xfft_0_arch of entity xil_defaultlib.xfft_0 [xfft_0_default]
Compiling module xil_defaultlib.ofdm_demodulation
Compiling module xil_defaultlib.pucch0_ofdm_demodulation_0_0
Compiling module xil_defaultlib.peak_search
Compiling module xil_defaultlib.pucch0_peak_search_0_0
Compiling module xil_defaultlib.physical_control
Compiling module xil_defaultlib.pucch0_physical_control_0_0
Compiling module blk_mem_gen_v8_4_4.blk_mem_gen_v8_4_4_output_stage(...
Compiling module blk_mem_gen_v8_4_4.blk_mem_gen_v8_4_4_output_stage(...
Compiling module blk_mem_gen_v8_4_4.blk_mem_gen_v8_4_4_softecc_outpu...
Compiling module blk_mem_gen_v8_4_4.blk_mem_gen_v8_4_4_mem_module(C_...
Compiling module blk_mem_gen_v8_4_4.blk_mem_gen_v8_4_4(C_FAMILY="vir...
Compiling module xil_defaultlib.rx_dup_mem_0
Compiling module blk_mem_gen_v8_4_4.blk_mem_gen_v8_4_4_mem_module(C_...
Compiling module blk_mem_gen_v8_4_4.blk_mem_gen_v8_4_4(C_FAMILY="vir...
Compiling module xil_defaultlib.rx_dup_mem_1
Compiling module xil_defaultlib.falling_edge
Compiling module xil_defaultlib.rx_duplication(RX_num=8)
Compiling module xil_defaultlib.pucch0_rx_duplication_0_0
Compiling module fifo_generator_v13_2_5.fifo_generator_v13_2_5_bhv_ver_s...
Compiling module fifo_generator_v13_2_5.fifo_generator_v13_2_5_CONV_VER(...
Compiling module fifo_generator_v13_2_5.fifo_generator_vlog_beh(C_COMMON...
Compiling module xil_defaultlib.cycliic_fifo_0
Compiling module xil_defaultlib.sync_cyclic
Compiling module xil_defaultlib.pucch0_sync_cyclic_0_0
Compiling module xlconcat_v2_1_3.xlconcat_v2_1_3_xlconcat(IN0_WID...
Compiling module xil_defaultlib.pucch0_xlconcat_0_0
Compiling module xlconstant_v1_1_6.xlconstant_v1_1_6_xlconstant
Compiling module xil_defaultlib.pucch0_xlconstant_0_0
Compiling module xil_defaultlib.pucch0_xlconstant_0_1
Compiling module xlconstant_v1_1_6.xlconstant_v1_1_6_xlconstant(CON...
Compiling module xil_defaultlib.pucch0_xlconstant_0_2
Compiling module xlslice_v1_0_2.xlslice_v1_0_2_xlslice(DIN_WIDTH...
Compiling module xil_defaultlib.pucch0_xlslice_0_0
Compiling module xil_defaultlib.pucch0
Compiling module xil_defaultlib.pucch0_wrapper
Compiling module xil_defaultlib.tb
Compiling module xil_defaultlib.glbl
Built simulation snapshot tb_behav
