INFO: [VRFC 10-163] Analyzing VHDL file "D:/FPGA/Vivaldo Project/PUCCH-FORMAT-0/pucch0/pucch0.srcs/sources_1/bd/pucch0/ip/pucch0_correlation_0_0/correlation.srcs/sources_1/ip/correlation_cordic_0/sim/correlation_cordic_0.vhd" into library xil_defaultlib
INFO: [VRFC 10-3107] analyzing entity 'correlation_cordic_0'
INFO: [VRFC 10-163] Analyzing VHDL file "D:/FPGA/Vivaldo Project/PUCCH-FORMAT-0/pucch0/pucch0.srcs/sources_1/bd/pucch0/ip/pucch0_correlation_0_0/correlation.srcs/sources_1/ip/correlation_mult_gen_1/sim/correlation_mult_gen_1.vhd" into library xil_defaultlib
INFO: [VRFC 10-3107] analyzing entity 'correlation_mult_gen_1'
INFO: [VRFC 10-163] Analyzing VHDL file "D:/FPGA/Vivaldo Project/PUCCH-FORMAT-0/pucch0/pucch0.srcs/sources_1/bd/pucch0/ip/pucch0_correlation_0_0/correlation.srcs/sources_1/ip/correlation_mult_gen_0/sim/correlation_mult_gen_0.vhd" into library xil_defaultlib
INFO: [VRFC 10-3107] analyzing entity 'correlation_mult_gen_0'
INFO: [VRFC 10-163] Analyzing VHDL file "D:/FPGA/Vivaldo Project/PUCCH-FORMAT-0/pucch0/pucch0.srcs/sources_1/bd/pucch0/ip/pucch0_correlation_0_0/correlation.srcs/sources_1/ip/correlation_xcorr_12_0/xcorr_12.srcs/sources_1/ip/xcorr_cmpy_11/sim/xcorr_cmpy_11.vhd" into library xil_defaultlib
INFO: [VRFC 10-3107] analyzing entity 'xcorr_cmpy_11'
INFO: [VRFC 10-163] Analyzing VHDL file "D:/FPGA/Vivaldo Project/PUCCH-FORMAT-0/pucch0/pucch0.srcs/sources_1/bd/pucch0/ip/pucch0_correlation_0_0/correlation.srcs/sources_1/ip/correlation_xcorr_12_0/xcorr_12.srcs/sources_1/ip/xcorr_cmpy_10/sim/xcorr_cmpy_10.vhd" into library xil_defaultlib
INFO: [VRFC 10-3107] analyzing entity 'xcorr_cmpy_10'
INFO: [VRFC 10-163] Analyzing VHDL file "D:/FPGA/Vivaldo Project/PUCCH-FORMAT-0/pucch0/pucch0.srcs/sources_1/bd/pucch0/ip/pucch0_correlation_0_0/correlation.srcs/sources_1/ip/correlation_xcorr_12_0/xcorr_12.srcs/sources_1/ip/xcorr_cmpy_9/sim/xcorr_cmpy_9.vhd" into library xil_defaultlib
INFO: [VRFC 10-3107] analyzing entity 'xcorr_cmpy_9'
INFO: [VRFC 10-163] Analyzing VHDL file "D:/FPGA/Vivaldo Project/PUCCH-FORMAT-0/pucch0/pucch0.srcs/sources_1/bd/pucch0/ip/pucch0_correlation_0_0/correlation.srcs/sources_1/ip/correlation_xcorr_12_0/xcorr_12.srcs/sources_1/ip/xcorr_cmpy_8/sim/xcorr_cmpy_8.vhd" into library xil_defaultlib
INFO: [VRFC 10-3107] analyzing entity 'xcorr_cmpy_8'
INFO: [VRFC 10-163] Analyzing VHDL file "D:/FPGA/Vivaldo Project/PUCCH-FORMAT-0/pucch0/pucch0.srcs/sources_1/bd/pucch0/ip/pucch0_correlation_0_0/correlation.srcs/sources_1/ip/correlation_xcorr_12_0/xcorr_12.srcs/sources_1/ip/xcorr_cmpy_7/sim/xcorr_cmpy_7.vhd" into library xil_defaultlib
INFO: [VRFC 10-3107] analyzing entity 'xcorr_cmpy_7'
INFO: [VRFC 10-163] Analyzing VHDL file "D:/FPGA/Vivaldo Project/PUCCH-FORMAT-0/pucch0/pucch0.srcs/sources_1/bd/pucch0/ip/pucch0_correlation_0_0/correlation.srcs/sources_1/ip/correlation_xcorr_12_0/xcorr_12.srcs/sources_1/ip/xcorr_cmpy_6/sim/xcorr_cmpy_6.vhd" into library xil_defaultlib
INFO: [VRFC 10-3107] analyzing entity 'xcorr_cmpy_6'
INFO: [VRFC 10-163] Analyzing VHDL file "D:/FPGA/Vivaldo Project/PUCCH-FORMAT-0/pucch0/pucch0.srcs/sources_1/bd/pucch0/ip/pucch0_correlation_0_0/correlation.srcs/sources_1/ip/correlation_xcorr_12_0/xcorr_12.srcs/sources_1/ip/xcorr_cmpy_5/sim/xcorr_cmpy_5.vhd" into library xil_defaultlib
INFO: [VRFC 10-3107] analyzing entity 'xcorr_cmpy_5'
INFO: [VRFC 10-163] Analyzing VHDL file "D:/FPGA/Vivaldo Project/PUCCH-FORMAT-0/pucch0/pucch0.srcs/sources_1/bd/pucch0/ip/pucch0_correlation_0_0/correlation.srcs/sources_1/ip/correlation_xcorr_12_0/xcorr_12.srcs/sources_1/ip/xcorr_cmpy_4/sim/xcorr_cmpy_4.vhd" into library xil_defaultlib
INFO: [VRFC 10-3107] analyzing entity 'xcorr_cmpy_4'
INFO: [VRFC 10-163] Analyzing VHDL file "D:/FPGA/Vivaldo Project/PUCCH-FORMAT-0/pucch0/pucch0.srcs/sources_1/bd/pucch0/ip/pucch0_correlation_0_0/correlation.srcs/sources_1/ip/correlation_xcorr_12_0/xcorr_12.srcs/sources_1/ip/xcorr_cmpy_3/sim/xcorr_cmpy_3.vhd" into library xil_defaultlib
INFO: [VRFC 10-3107] analyzing entity 'xcorr_cmpy_3'
INFO: [VRFC 10-163] Analyzing VHDL file "D:/FPGA/Vivaldo Project/PUCCH-FORMAT-0/pucch0/pucch0.srcs/sources_1/bd/pucch0/ip/pucch0_correlation_0_0/correlation.srcs/sources_1/ip/correlation_xcorr_12_0/xcorr_12.srcs/sources_1/ip/xcorr_cmpy_2/sim/xcorr_cmpy_2.vhd" into library xil_defaultlib
INFO: [VRFC 10-3107] analyzing entity 'xcorr_cmpy_2'
INFO: [VRFC 10-163] Analyzing VHDL file "D:/FPGA/Vivaldo Project/PUCCH-FORMAT-0/pucch0/pucch0.srcs/sources_1/bd/pucch0/ip/pucch0_correlation_0_0/correlation.srcs/sources_1/ip/correlation_xcorr_12_0/xcorr_12.srcs/sources_1/ip/xcorr_cmpy_1/sim/xcorr_cmpy_1.vhd" into library xil_defaultlib
INFO: [VRFC 10-3107] analyzing entity 'xcorr_cmpy_1'
INFO: [VRFC 10-163] Analyzing VHDL file "D:/FPGA/Vivaldo Project/PUCCH-FORMAT-0/pucch0/pucch0.srcs/sources_1/bd/pucch0/ip/pucch0_correlation_0_0/correlation.srcs/sources_1/ip/correlation_xcorr_12_0/xcorr_12.srcs/sources_1/ip/xcorr_cmpy_0/sim/xcorr_cmpy_0.vhd" into library xil_defaultlib
INFO: [VRFC 10-3107] analyzing entity 'xcorr_cmpy_0'
INFO: [VRFC 10-163] Analyzing VHDL file "D:/FPGA/Vivaldo Project/PUCCH-FORMAT-0/pucch0/pucch0.srcs/sources_1/bd/pucch0/ip/pucch0_cyclic_gen_0_0/cyclic_shift.srcs/sources_1/ip/cyclic_cmpy_0/sim/cyclic_cmpy_0.vhd" into library xil_defaultlib
INFO: [VRFC 10-3107] analyzing entity 'cyclic_cmpy_0'
INFO: [VRFC 10-163] Analyzing VHDL file "D:/FPGA/Vivaldo Project/PUCCH-FORMAT-0/pucch0/pucch0.srcs/sources_1/bd/pucch0/ip/pucch0_cyclic_gen_0_0/cyclic_shift.srcs/sources_1/ip/cyc_phase_gen_0/phase_gen.srcs/sources_1/ip/modulo_12_1_nomalize/ip/modulo12_mult_gen_1/sim/modulo12_mult_gen_1.vhd" into library xil_defaultlib
INFO: [VRFC 10-3107] analyzing entity 'modulo12_mult_gen_1'
INFO: [VRFC 10-163] Analyzing VHDL file "D:/FPGA/Vivaldo Project/PUCCH-FORMAT-0/pucch0/pucch0.srcs/sources_1/bd/pucch0/ip/pucch0_cyclic_gen_0_0/cyclic_shift.srcs/sources_1/ip/cyc_phase_gen_0/phase_gen.srcs/sources_1/ip/modulo_12_1_nomalize/ip/modulo12_mult_gen_2/sim/modulo12_mult_gen_2.vhd" into library xil_defaultlib
INFO: [VRFC 10-3107] analyzing entity 'modulo12_mult_gen_2'
INFO: [VRFC 10-163] Analyzing VHDL file "D:/FPGA/Vivaldo Project/PUCCH-FORMAT-0/pucch0/pucch0.srcs/sources_1/bd/pucch0/ip/pucch0_cyclic_gen_0_0/cyclic_shift.srcs/sources_1/ip/cyc_phase_gen_0/phase_gen.srcs/sources_1/ip/dis_alpha_gen_0/ip/mult_gen_dis_alpha/sim/mult_gen_dis_alpha.vhd" into library xil_defaultlib
INFO: [VRFC 10-3107] analyzing entity 'mult_gen_dis_alpha'
INFO: [VRFC 10-163] Analyzing VHDL file "D:/FPGA/Vivaldo Project/PUCCH-FORMAT-0/pucch0/pucch0.srcs/sources_1/bd/pucch0/ip/pucch0_cyclic_gen_0_0/cyclic_shift.srcs/sources_1/ip/ba_se_0/base_seq.srcs/sources_1/ip/modulo_30_2/modulo_n.srcs/sources_1/ip/m30_mul1/sim/m30_mul1.vhd" into library xil_defaultlib
INFO: [VRFC 10-3107] analyzing entity 'm30_mul1'
INFO: [VRFC 10-163] Analyzing VHDL file "D:/FPGA/Vivaldo Project/PUCCH-FORMAT-0/pucch0/pucch0.srcs/sources_1/bd/pucch0/ip/pucch0_cyclic_gen_0_0/cyclic_shift.srcs/sources_1/ip/ba_se_0/base_seq.srcs/sources_1/ip/modulo_30_2/modulo_n.srcs/sources_1/ip/m30_mul0/sim/m30_mul0.vhd" into library xil_defaultlib
INFO: [VRFC 10-3107] analyzing entity 'm30_mul0'
INFO: [VRFC 10-163] Analyzing VHDL file "D:/FPGA/Vivaldo Project/PUCCH-FORMAT-0/pucch0/pucch0.srcs/sources_1/bd/pucch0/ip/pucch0_ofdm_demodulation_0_0/ofdm_demodulation.srcs/sources_1/ip/xfft_0/sim/xfft_0.vhd" into library xil_defaultlib
INFO: [VRFC 10-3107] analyzing entity 'xfft_0'
