INFO: [VRFC 10-2263] Analyzing Verilog file "D:/FPGA/Vivaldo Project/PUCCH-FORMAT-0/pucch0/pucch0.srcs/sources_1/bd/pucch0/ipshared/fcfe/physical_control.srcs/sources_1/new/physical_control.v" into library xil_defaultlib
INFO: [VRFC 10-311] analyzing module physical_control
INFO: [VRFC 10-2263] Analyzing Verilog file "D:/FPGA/Vivaldo Project/PUCCH-FORMAT-0/pucch0/pucch0.srcs/sources_1/bd/pucch0/ip/pucch0_physical_control_0_0/sim/pucch0_physical_control_0_0.v" into library xil_defaultlib
INFO: [VRFC 10-311] analyzing module pucch0_physical_control_0_0
INFO: [VRFC 10-2263] Analyzing Verilog file "D:/FPGA/Vivaldo Project/PUCCH-FORMAT-0/pucch0/pucch0.srcs/sources_1/bd/pucch0/ipshared/5f87/demapping.srcs/sources_1/new/demapping.v" into library xil_defaultlib
INFO: [VRFC 10-311] analyzing module demapping
INFO: [VRFC 10-311] analyzing module delay_N
INFO: [VRFC 10-311] analyzing module rasing_edge
INFO: [VRFC 10-311] analyzing module extend_valid_new
INFO: [VRFC 10-2263] Analyzing Verilog file "D:/FPGA/Vivaldo Project/PUCCH-FORMAT-0/pucch0/pucch0.srcs/sources_1/bd/pucch0/ip/pucch0_demapping_0_0/sim/pucch0_demapping_0_0.v" into library xil_defaultlib
INFO: [VRFC 10-311] analyzing module pucch0_demapping_0_0
INFO: [VRFC 10-2263] Analyzing Verilog file "D:/FPGA/Vivaldo Project/PUCCH-FORMAT-0/pucch0/pucch0.srcs/sources_1/bd/pucch0/ip/pucch0_rx_duplication_0_0/rx_duplication.srcs/sources_1/ip/rx_dup_mem_1/sim/rx_dup_mem_1.v" into library xil_defaultlib
INFO: [VRFC 10-311] analyzing module rx_dup_mem_1
INFO: [VRFC 10-2263] Analyzing Verilog file "D:/FPGA/Vivaldo Project/PUCCH-FORMAT-0/pucch0/pucch0.srcs/sources_1/bd/pucch0/ip/pucch0_rx_duplication_0_0/rx_duplication.srcs/sources_1/ip/rx_dup_mem_0/sim/rx_dup_mem_0.v" into library xil_defaultlib
INFO: [VRFC 10-311] analyzing module rx_dup_mem_0
INFO: [VRFC 10-2263] Analyzing Verilog file "D:/FPGA/Vivaldo Project/PUCCH-FORMAT-0/pucch0/pucch0.srcs/sources_1/bd/pucch0/ipshared/c2cc/rx_duplication.srcs/sources_1/new/rx_duplication.v" into library xil_defaultlib
INFO: [VRFC 10-311] analyzing module rx_duplication
INFO: [VRFC 10-311] analyzing module extend_valid_new
WARNING: [VRFC 10-3609] overwriting previous definition of module 'extend_valid_new' [D:/FPGA/Vivaldo Project/PUCCH-FORMAT-0/pucch0/pucch0.srcs/sources_1/bd/pucch0/ipshared/c2cc/rx_duplication.srcs/sources_1/new/rx_duplication.v:99]
INFO: [VRFC 10-311] analyzing module falling_edge
INFO: [VRFC 10-2263] Analyzing Verilog file "D:/FPGA/Vivaldo Project/PUCCH-FORMAT-0/pucch0/pucch0.srcs/sources_1/bd/pucch0/ip/pucch0_rx_duplication_0_0/sim/pucch0_rx_duplication_0_0.v" into library xil_defaultlib
INFO: [VRFC 10-311] analyzing module pucch0_rx_duplication_0_0
INFO: [VRFC 10-2263] Analyzing Verilog file "D:/FPGA/Vivaldo Project/PUCCH-FORMAT-0/pucch0/pucch0.srcs/sources_1/bd/pucch0/ip/pucch0_correlation_0_0/correlation.srcs/sources_1/ip/correlation_xcorr_12_0/xcorr_12.srcs/sources_1/ip/xcorr_fifo/sim/xcorr_fifo.v" into library xil_defaultlib
INFO: [VRFC 10-311] analyzing module xcorr_fifo
INFO: [VRFC 10-2263] Analyzing Verilog file "D:/FPGA/Vivaldo Project/PUCCH-FORMAT-0/pucch0/pucch0.srcs/sources_1/bd/pucch0/ip/pucch0_correlation_0_0/correlation.srcs/sources_1/ip/correlation_xcorr_12_0/xcorr_12.srcs/sources_1/new/xcorr_12.v" into library xil_defaultlib
INFO: [VRFC 10-311] analyzing module xcorr_12
INFO: [VRFC 10-2263] Analyzing Verilog file "D:/FPGA/Vivaldo Project/PUCCH-FORMAT-0/pucch0/pucch0.srcs/sources_1/bd/pucch0/ip/pucch0_correlation_0_0/correlation.srcs/sources_1/ip/correlation_xcorr_12_0/sim/correlation_xcorr_12_0.v" into library xil_defaultlib
INFO: [VRFC 10-311] analyzing module correlation_xcorr_12_0
INFO: [VRFC 10-2263] Analyzing Verilog file "D:/FPGA/Vivaldo Project/PUCCH-FORMAT-0/pucch0/pucch0.srcs/sources_1/bd/pucch0/ip/pucch0_correlation_0_0/correlation.srcs/sources_1/ip/correlation_fifo_generator_1/sim/correlation_fifo_generator_1.v" into library xil_defaultlib
INFO: [VRFC 10-311] analyzing module correlation_fifo_generator_1
INFO: [VRFC 10-2263] Analyzing Verilog file "D:/FPGA/Vivaldo Project/PUCCH-FORMAT-0/pucch0/pucch0.srcs/sources_1/bd/pucch0/ip/pucch0_correlation_0_0/correlation.srcs/sources_1/ip/correlation_fifo_generator_0/sim/correlation_fifo_generator_0.v" into library xil_defaultlib
INFO: [VRFC 10-311] analyzing module correlation_fifo_generator_0
INFO: [VRFC 10-2263] Analyzing Verilog file "D:/FPGA/Vivaldo Project/PUCCH-FORMAT-0/pucch0/pucch0.srcs/sources_1/bd/pucch0/ipshared/fca8/correlation.srcs/sources_1/new/correlation.v" into library xil_defaultlib
INFO: [VRFC 10-311] analyzing module correlation
INFO: [VRFC 10-2263] Analyzing Verilog file "D:/FPGA/Vivaldo Project/PUCCH-FORMAT-0/pucch0/pucch0.srcs/sources_1/bd/pucch0/ip/pucch0_correlation_0_0/sim/pucch0_correlation_0_0.v" into library xil_defaultlib
INFO: [VRFC 10-311] analyzing module pucch0_correlation_0_0
INFO: [VRFC 10-2263] Analyzing Verilog file "D:/FPGA/Vivaldo Project/PUCCH-FORMAT-0/pucch0/pucch0.srcs/sources_1/bd/pucch0/ip/pucch0_combine_rx_sym_0_0/combine_rx_sym.srcs/sources_1/ip/combine_fifo_generator_0/sim/combine_fifo_generator_0.v" into library xil_defaultlib
INFO: [VRFC 10-311] analyzing module combine_fifo_generator_0
INFO: [VRFC 10-2263] Analyzing Verilog file "D:/FPGA/Vivaldo Project/PUCCH-FORMAT-0/pucch0/pucch0.srcs/sources_1/bd/pucch0/ipshared/1013/combine_rx_sym.srcs/sources_1/new/combine_rx_sym.v" into library xil_defaultlib
INFO: [VRFC 10-311] analyzing module combine_rx_sym
INFO: [VRFC 10-2458] undeclared symbol empty, assumed default net type wire [D:/FPGA/Vivaldo Project/PUCCH-FORMAT-0/pucch0/pucch0.srcs/sources_1/bd/pucch0/ipshared/1013/combine_rx_sym.srcs/sources_1/new/combine_rx_sym.v:99]
INFO: [VRFC 10-2263] Analyzing Verilog file "D:/FPGA/Vivaldo Project/PUCCH-FORMAT-0/pucch0/pucch0.srcs/sources_1/bd/pucch0/ip/pucch0_combine_rx_sym_0_0/sim/pucch0_combine_rx_sym_0_0.v" into library xil_defaultlib
INFO: [VRFC 10-311] analyzing module pucch0_combine_rx_sym_0_0
INFO: [VRFC 10-2263] Analyzing Verilog file "D:/FPGA/Vivaldo Project/PUCCH-FORMAT-0/pucch0/pucch0.srcs/sources_1/bd/pucch0/ipshared/16a5/peak_search.srcs/sources_1/new/peak_search.v" into library xil_defaultlib
INFO: [VRFC 10-311] analyzing module peak_search
INFO: [VRFC 10-2263] Analyzing Verilog file "D:/FPGA/Vivaldo Project/PUCCH-FORMAT-0/pucch0/pucch0.srcs/sources_1/bd/pucch0/ip/pucch0_peak_search_0_0/sim/pucch0_peak_search_0_0.v" into library xil_defaultlib
INFO: [VRFC 10-311] analyzing module pucch0_peak_search_0_0
INFO: [VRFC 10-2263] Analyzing Verilog file "D:/FPGA/Vivaldo Project/PUCCH-FORMAT-0/pucch0/pucch0.srcs/sources_1/bd/pucch0/ipshared/5e8b/frame_sync.srcs/sources_1/new/frame_sync.v" into library xil_defaultlib
INFO: [VRFC 10-311] analyzing module frame_sync
INFO: [VRFC 10-311] analyzing module des_cnt
INFO: [VRFC 10-311] analyzing module delay_N
WARNING: [VRFC 10-3609] overwriting previous definition of module 'delay_N' [D:/FPGA/Vivaldo Project/PUCCH-FORMAT-0/pucch0/pucch0.srcs/sources_1/bd/pucch0/ipshared/5e8b/frame_sync.srcs/sources_1/new/frame_sync.v:130]
INFO: [VRFC 10-311] analyzing module extend_valid
INFO: [VRFC 10-2263] Analyzing Verilog file "D:/FPGA/Vivaldo Project/PUCCH-FORMAT-0/pucch0/pucch0.srcs/sources_1/bd/pucch0/ip/pucch0_frame_sync_0_3/sim/pucch0_frame_sync_0_3.v" into library xil_defaultlib
INFO: [VRFC 10-311] analyzing module pucch0_frame_sync_0_3
INFO: [VRFC 10-2263] Analyzing Verilog file "D:/FPGA/Vivaldo Project/PUCCH-FORMAT-0/pucch0/pucch0.srcs/sources_1/bd/pucch0/ip/pucch0_xlconstant_0_0/sim/pucch0_xlconstant_0_0.v" into library xil_defaultlib
INFO: [VRFC 10-311] analyzing module pucch0_xlconstant_0_0
INFO: [VRFC 10-2263] Analyzing Verilog file "D:/FPGA/Vivaldo Project/PUCCH-FORMAT-0/pucch0/pucch0.srcs/sources_1/bd/pucch0/ip/pucch0_xlconstant_0_1/sim/pucch0_xlconstant_0_1.v" into library xil_defaultlib
INFO: [VRFC 10-311] analyzing module pucch0_xlconstant_0_1
INFO: [VRFC 10-2263] Analyzing Verilog file "D:/FPGA/Vivaldo Project/PUCCH-FORMAT-0/pucch0/pucch0.srcs/sources_1/bd/pucch0/ip/pucch0_sync_cyclic_0_0/sync_cyclic.srcs/sources_1/ip/cycliic_fifo_0/sim/cycliic_fifo_0.v" into library xil_defaultlib
INFO: [VRFC 10-311] analyzing module cycliic_fifo_0
INFO: [VRFC 10-2263] Analyzing Verilog file "D:/FPGA/Vivaldo Project/PUCCH-FORMAT-0/pucch0/pucch0.srcs/sources_1/bd/pucch0/ipshared/184e/sync_cyclic.srcs/sources_1/new/sync_cyclic.v" into library xil_defaultlib
INFO: [VRFC 10-311] analyzing module sync_cyclic
INFO: [VRFC 10-2263] Analyzing Verilog file "D:/FPGA/Vivaldo Project/PUCCH-FORMAT-0/pucch0/pucch0.srcs/sources_1/bd/pucch0/ip/pucch0_sync_cyclic_0_0/sim/pucch0_sync_cyclic_0_0.v" into library xil_defaultlib
INFO: [VRFC 10-311] analyzing module pucch0_sync_cyclic_0_0
INFO: [VRFC 10-2263] Analyzing Verilog file "D:/FPGA/Vivaldo Project/PUCCH-FORMAT-0/pucch0/pucch0.srcs/sources_1/bd/pucch0/ip/pucch0_frame_sync_0_4/sim/pucch0_frame_sync_0_4.v" into library xil_defaultlib
INFO: [VRFC 10-311] analyzing module pucch0_frame_sync_0_4
INFO: [VRFC 10-2263] Analyzing Verilog file "D:/FPGA/Vivaldo Project/PUCCH-FORMAT-0/pucch0/pucch0.srcs/sources_1/bd/pucch0/ip/pucch0_xlconcat_0_0/sim/pucch0_xlconcat_0_0.v" into library xil_defaultlib
INFO: [VRFC 10-311] analyzing module pucch0_xlconcat_0_0
INFO: [VRFC 10-2263] Analyzing Verilog file "D:/FPGA/Vivaldo Project/PUCCH-FORMAT-0/pucch0/pucch0.srcs/sources_1/bd/pucch0/ip/pucch0_xlconstant_0_2/sim/pucch0_xlconstant_0_2.v" into library xil_defaultlib
INFO: [VRFC 10-311] analyzing module pucch0_xlconstant_0_2
INFO: [VRFC 10-2263] Analyzing Verilog file "D:/FPGA/Vivaldo Project/PUCCH-FORMAT-0/pucch0/pucch0.srcs/sources_1/bd/pucch0/ip/pucch0_xlslice_0_0/sim/pucch0_xlslice_0_0.v" into library xil_defaultlib
INFO: [VRFC 10-311] analyzing module pucch0_xlslice_0_0
INFO: [VRFC 10-2263] Analyzing Verilog file "D:/FPGA/Vivaldo Project/PUCCH-FORMAT-0/pucch0/pucch0.srcs/sources_1/bd/pucch0/ip/pucch0_cyclic_gen_0_0/cyclic_shift.srcs/sources_1/ip/cyclic_fifo_generator_0/sim/cyclic_fifo_generator_0.v" into library xil_defaultlib
INFO: [VRFC 10-311] analyzing module cyclic_fifo_generator_0
INFO: [VRFC 10-2263] Analyzing Verilog file "D:/FPGA/Vivaldo Project/PUCCH-FORMAT-0/pucch0/pucch0.srcs/sources_1/bd/pucch0/ip/pucch0_cyclic_gen_0_0/cyclic_shift.srcs/sources_1/ip/cyc_phase_gen_0/phase_gen.srcs/sources_1/ip/modulo_12_1_nomalize/new/modulo_12.v" into library xil_defaultlib
INFO: [VRFC 10-311] analyzing module modulo_12
INFO: [VRFC 10-2263] Analyzing Verilog file "D:/FPGA/Vivaldo Project/PUCCH-FORMAT-0/pucch0/pucch0.srcs/sources_1/bd/pucch0/ip/pucch0_cyclic_gen_0_0/cyclic_shift.srcs/sources_1/ip/cyc_phase_gen_0/phase_gen.srcs/sources_1/ip/modulo_12_1_nomalize/sim/modulo_12_1_nomalize.v" into library xil_defaultlib
INFO: [VRFC 10-311] analyzing module modulo_12_1_nomalize
INFO: [VRFC 10-2263] Analyzing Verilog file "D:/FPGA/Vivaldo Project/PUCCH-FORMAT-0/pucch0/pucch0.srcs/sources_1/bd/pucch0/ip/pucch0_cyclic_gen_0_0/cyclic_shift.srcs/sources_1/ip/cyc_phase_gen_0/phase_gen.srcs/sources_1/ip/dis_alpha_gen_0/new/dis_alpha_gen.v" into library xil_defaultlib
INFO: [VRFC 10-311] analyzing module dis_alpha_gen
INFO: [VRFC 10-2263] Analyzing Verilog file "D:/FPGA/Vivaldo Project/PUCCH-FORMAT-0/pucch0/pucch0.srcs/sources_1/bd/pucch0/ip/pucch0_cyclic_gen_0_0/cyclic_shift.srcs/sources_1/ip/cyc_phase_gen_0/phase_gen.srcs/sources_1/ip/dis_alpha_gen_0/sim/dis_alpha_gen_0.v" into library xil_defaultlib
INFO: [VRFC 10-311] analyzing module dis_alpha_gen_0
INFO: [VRFC 10-2263] Analyzing Verilog file "D:/FPGA/Vivaldo Project/PUCCH-FORMAT-0/pucch0/pucch0.srcs/sources_1/bd/pucch0/ip/pucch0_cyclic_gen_0_0/cyclic_shift.srcs/sources_1/ip/cyc_phase_gen_0/phase_gen.srcs/sources_1/ip/alpha_modulo_12_0/sim/alpha_modulo_12_0.v" into library xil_defaultlib
INFO: [VRFC 10-311] analyzing module alpha_modulo_12_0
INFO: [VRFC 10-2263] Analyzing Verilog file "D:/FPGA/Vivaldo Project/PUCCH-FORMAT-0/pucch0/pucch0.srcs/sources_1/bd/pucch0/ip/pucch0_cyclic_gen_0_0/cyclic_shift.srcs/sources_1/ip/cyc_phase_gen_0/phase_gen.srcs/sources_1/ip/scramble_sequence_8bits_0/scamble_sequence.srcs/sources_1/new/scramble_sequence.v" into library xil_defaultlib
INFO: [VRFC 10-311] analyzing module scramble_sequence_8bits
INFO: [VRFC 10-311] analyzing module x1_x2_init
INFO: [VRFC 10-2263] Analyzing Verilog file "D:/FPGA/Vivaldo Project/PUCCH-FORMAT-0/pucch0/pucch0.srcs/sources_1/bd/pucch0/ip/pucch0_cyclic_gen_0_0/cyclic_shift.srcs/sources_1/ip/cyc_phase_gen_0/phase_gen.srcs/sources_1/ip/scramble_sequence_8bits_0/sim/scramble_sequence_8bits_0.v" into library xil_defaultlib
INFO: [VRFC 10-311] analyzing module scramble_sequence_8bits_0
INFO: [VRFC 10-2263] Analyzing Verilog file "D:/FPGA/Vivaldo Project/PUCCH-FORMAT-0/pucch0/pucch0.srcs/sources_1/bd/pucch0/ip/pucch0_cyclic_gen_0_0/cyclic_shift.srcs/sources_1/ip/cyc_phase_gen_0/phase_gen.srcs/sources_1/new/phase_gen.v" into library xil_defaultlib
INFO: [VRFC 10-311] analyzing module phase_gen
INFO: [VRFC 10-311] analyzing module ack_selection
INFO: [VRFC 10-2263] Analyzing Verilog file "D:/FPGA/Vivaldo Project/PUCCH-FORMAT-0/pucch0/pucch0.srcs/sources_1/bd/pucch0/ip/pucch0_cyclic_gen_0_0/cyclic_shift.srcs/sources_1/ip/cyc_phase_gen_0/sim/cyc_phase_gen_0.v" into library xil_defaultlib
INFO: [VRFC 10-311] analyzing module cyc_phase_gen_0
INFO: [VRFC 10-2263] Analyzing Verilog file "D:/FPGA/Vivaldo Project/PUCCH-FORMAT-0/pucch0/pucch0.srcs/sources_1/bd/pucch0/ip/pucch0_cyclic_gen_0_0/cyclic_shift.srcs/sources_1/ip/ba_se_0/base_seq.srcs/sources_1/ip/phi_matrix_0/phi_matrix.srcs/sources_1/ip/blk_mem_gen_0/sim/blk_mem_gen_0.v" into library xil_defaultlib
INFO: [VRFC 10-311] analyzing module blk_mem_gen_0
INFO: [VRFC 10-2263] Analyzing Verilog file "D:/FPGA/Vivaldo Project/PUCCH-FORMAT-0/pucch0/pucch0.srcs/sources_1/bd/pucch0/ip/pucch0_cyclic_gen_0_0/cyclic_shift.srcs/sources_1/ip/ba_se_0/base_seq.srcs/sources_1/ip/phi_matrix_0/phi_matrix.srcs/sources_1/new/phi_matrix.v" into library xil_defaultlib
INFO: [VRFC 10-311] analyzing module phi_matrix
INFO: [VRFC 10-311] analyzing module extend_valid_new
WARNING: [VRFC 10-3609] overwriting previous definition of module 'extend_valid_new' [D:/FPGA/Vivaldo Project/PUCCH-FORMAT-0/pucch0/pucch0.srcs/sources_1/bd/pucch0/ip/pucch0_cyclic_gen_0_0/cyclic_shift.srcs/sources_1/ip/ba_se_0/base_seq.srcs/sources_1/ip/phi_matrix_0/phi_matrix.srcs/sources_1/new/phi_matrix.v:84]
INFO: [VRFC 10-2263] Analyzing Verilog file "D:/FPGA/Vivaldo Project/PUCCH-FORMAT-0/pucch0/pucch0.srcs/sources_1/bd/pucch0/ip/pucch0_cyclic_gen_0_0/cyclic_shift.srcs/sources_1/ip/ba_se_0/base_seq.srcs/sources_1/ip/phi_matrix_0/sim/phi_matrix_0.v" into library xil_defaultlib
INFO: [VRFC 10-311] analyzing module phi_matrix_0
INFO: [VRFC 10-2263] Analyzing Verilog file "D:/FPGA/Vivaldo Project/PUCCH-FORMAT-0/pucch0/pucch0.srcs/sources_1/bd/pucch0/ip/pucch0_cyclic_gen_0_0/cyclic_shift.srcs/sources_1/ip/ba_se_0/base_seq.srcs/sources_1/ip/modulo_30_2/modulo_n.srcs/sources_1/new/modulo_n.v" into library xil_defaultlib
INFO: [VRFC 10-311] analyzing module modulo_30
INFO: [VRFC 10-2263] Analyzing Verilog file "D:/FPGA/Vivaldo Project/PUCCH-FORMAT-0/pucch0/pucch0.srcs/sources_1/bd/pucch0/ip/pucch0_cyclic_gen_0_0/cyclic_shift.srcs/sources_1/ip/ba_se_0/base_seq.srcs/sources_1/ip/modulo_30_2/sim/modulo_30_2.v" into library xil_defaultlib
INFO: [VRFC 10-311] analyzing module modulo_30_2
INFO: [VRFC 10-2263] Analyzing Verilog file "D:/FPGA/Vivaldo Project/PUCCH-FORMAT-0/pucch0/pucch0.srcs/sources_1/bd/pucch0/ip/pucch0_cyclic_gen_0_0/cyclic_shift.srcs/sources_1/ip/ba_se_0/base_seq.srcs/sources_1/ip/scramble_sequence_1bit_0/scamble_sequence.srcs/sources_1/new/scramble_sequence.v" into library xil_defaultlib
INFO: [VRFC 10-311] analyzing module scramble_sequence_1bit
INFO: [VRFC 10-311] analyzing module x1_x2_init
WARNING: [VRFC 10-3609] overwriting previous definition of module 'x1_x2_init' [D:/FPGA/Vivaldo Project/PUCCH-FORMAT-0/pucch0/pucch0.srcs/sources_1/bd/pucch0/ip/pucch0_cyclic_gen_0_0/cyclic_shift.srcs/sources_1/ip/ba_se_0/base_seq.srcs/sources_1/ip/scramble_sequence_1bit_0/scamble_sequence.srcs/sources_1/new/scramble_sequence.v:106]
INFO: [VRFC 10-2263] Analyzing Verilog file "D:/FPGA/Vivaldo Project/PUCCH-FORMAT-0/pucch0/pucch0.srcs/sources_1/bd/pucch0/ip/pucch0_cyclic_gen_0_0/cyclic_shift.srcs/sources_1/ip/ba_se_0/base_seq.srcs/sources_1/ip/scramble_sequence_1bit_0/sim/scramble_sequence_1bit_0.v" into library xil_defaultlib
INFO: [VRFC 10-311] analyzing module scramble_sequence_1bit_0
INFO: [VRFC 10-2263] Analyzing Verilog file "D:/FPGA/Vivaldo Project/PUCCH-FORMAT-0/pucch0/pucch0.srcs/sources_1/bd/pucch0/ip/pucch0_cyclic_gen_0_0/cyclic_shift.srcs/sources_1/ip/ba_se_0/base_seq.srcs/sources_1/ip/modulo_30_1/sim/modulo_30_1.v" into library xil_defaultlib
INFO: [VRFC 10-311] analyzing module modulo_30_1
INFO: [VRFC 10-2263] Analyzing Verilog file "D:/FPGA/Vivaldo Project/PUCCH-FORMAT-0/pucch0/pucch0.srcs/sources_1/bd/pucch0/ip/pucch0_cyclic_gen_0_0/cyclic_shift.srcs/sources_1/ip/ba_se_0/base_seq.srcs/sources_1/ip/modulo_30_0/sim/modulo_30_0.v" into library xil_defaultlib
INFO: [VRFC 10-311] analyzing module modulo_30_0
INFO: [VRFC 10-2263] Analyzing Verilog file "D:/FPGA/Vivaldo Project/PUCCH-FORMAT-0/pucch0/pucch0.srcs/sources_1/bd/pucch0/ip/pucch0_cyclic_gen_0_0/cyclic_shift.srcs/sources_1/ip/ba_se_0/base_seq.srcs/sources_1/new/base_sequence.v" into library xil_defaultlib
INFO: [VRFC 10-311] analyzing module base_sequence
WARNING: [VRFC 10-986] literal value truncated to fit in 16 bits [D:/FPGA/Vivaldo Project/PUCCH-FORMAT-0/pucch0/pucch0.srcs/sources_1/bd/pucch0/ip/pucch0_cyclic_gen_0_0/cyclic_shift.srcs/sources_1/ip/ba_se_0/base_seq.srcs/sources_1/new/base_sequence.v:178]
WARNING: [VRFC 10-986] literal value truncated to fit in 16 bits [D:/FPGA/Vivaldo Project/PUCCH-FORMAT-0/pucch0/pucch0.srcs/sources_1/bd/pucch0/ip/pucch0_cyclic_gen_0_0/cyclic_shift.srcs/sources_1/ip/ba_se_0/base_seq.srcs/sources_1/new/base_sequence.v:181]
WARNING: [VRFC 10-986] literal value truncated to fit in 16 bits [D:/FPGA/Vivaldo Project/PUCCH-FORMAT-0/pucch0/pucch0.srcs/sources_1/bd/pucch0/ip/pucch0_cyclic_gen_0_0/cyclic_shift.srcs/sources_1/ip/ba_se_0/base_seq.srcs/sources_1/new/base_sequence.v:185]
WARNING: [VRFC 10-986] literal value truncated to fit in 16 bits [D:/FPGA/Vivaldo Project/PUCCH-FORMAT-0/pucch0/pucch0.srcs/sources_1/bd/pucch0/ip/pucch0_cyclic_gen_0_0/cyclic_shift.srcs/sources_1/ip/ba_se_0/base_seq.srcs/sources_1/new/base_sequence.v:186]
INFO: [VRFC 10-2263] Analyzing Verilog file "D:/FPGA/Vivaldo Project/PUCCH-FORMAT-0/pucch0/pucch0.srcs/sources_1/bd/pucch0/ip/pucch0_cyclic_gen_0_0/cyclic_shift.srcs/sources_1/ip/ba_se_0/sim/ba_se_0.v" into library xil_defaultlib
INFO: [VRFC 10-311] analyzing module ba_se_0
INFO: [VRFC 10-2263] Analyzing Verilog file "D:/FPGA/Vivaldo Project/PUCCH-FORMAT-0/pucch0/pucch0.srcs/sources_1/bd/pucch0/ipshared/cdf8/cyclic_shift.srcs/sources_1/new/cyclic_gen.v" into library xil_defaultlib
INFO: [VRFC 10-311] analyzing module cyclic_gen
INFO: [VRFC 10-2263] Analyzing Verilog file "D:/FPGA/Vivaldo Project/PUCCH-FORMAT-0/pucch0/pucch0.srcs/sources_1/bd/pucch0/ip/pucch0_cyclic_gen_0_0/sim/pucch0_cyclic_gen_0_0.v" into library xil_defaultlib
INFO: [VRFC 10-311] analyzing module pucch0_cyclic_gen_0_0
INFO: [VRFC 10-2263] Analyzing Verilog file "D:/FPGA/Vivaldo Project/PUCCH-FORMAT-0/pucch0/pucch0.srcs/sources_1/bd/pucch0/ip/pucch0_cyclic_gen_0_1/cyclic_shift.srcs/sources_1/ip/ba_se_0/base_seq.srcs/sources_1/ip/phi_matrix_0/phi_matrix.srcs/sources_1/ip/blk_mem_gen_0/sim/blk_mem_gen_0.v" into library xil_defaultlib
INFO: [VRFC 10-311] analyzing module blk_mem_gen_0
WARNING: [VRFC 10-3609] overwriting previous definition of module 'blk_mem_gen_0' [D:/FPGA/Vivaldo Project/PUCCH-FORMAT-0/pucch0/pucch0.srcs/sources_1/bd/pucch0/ip/pucch0_cyclic_gen_0_1/cyclic_shift.srcs/sources_1/ip/ba_se_0/base_seq.srcs/sources_1/ip/phi_matrix_0/phi_matrix.srcs/sources_1/ip/blk_mem_gen_0/sim/blk_mem_gen_0.v:56]
INFO: [VRFC 10-2263] Analyzing Verilog file "D:/FPGA/Vivaldo Project/PUCCH-FORMAT-0/pucch0/pucch0.srcs/sources_1/bd/pucch0/ip/pucch0_cyclic_gen_0_1/sim/pucch0_cyclic_gen_0_1.v" into library xil_defaultlib
INFO: [VRFC 10-311] analyzing module pucch0_cyclic_gen_0_1
INFO: [VRFC 10-2263] Analyzing Verilog file "D:/FPGA/Vivaldo Project/PUCCH-FORMAT-0/pucch0/pucch0.srcs/sources_1/bd/pucch0/ip/pucch0_ofdm_demodulation_0_0/ofdm_demodulation.srcs/sources_1/ip/ctr_pre_fft_0/ctr_pre_fft.srcs/sources_1/new/ctr_pre_fft.v" into library xil_defaultlib
INFO: [VRFC 10-311] analyzing module ctr_pre_fft
INFO: [VRFC 10-311] analyzing module extend_valid_4096
INFO: [VRFC 10-2263] Analyzing Verilog file "D:/FPGA/Vivaldo Project/PUCCH-FORMAT-0/pucch0/pucch0.srcs/sources_1/bd/pucch0/ip/pucch0_ofdm_demodulation_0_0/ofdm_demodulation.srcs/sources_1/ip/ctr_pre_fft_0/sim/ctr_pre_fft_0.v" into library xil_defaultlib
INFO: [VRFC 10-311] analyzing module ctr_pre_fft_0
INFO: [VRFC 10-2263] Analyzing Verilog file "D:/FPGA/Vivaldo Project/PUCCH-FORMAT-0/pucch0/pucch0.srcs/sources_1/bd/pucch0/ipshared/d443/ofdm_demodulation.srcs/sources_1/new/fft.v" into library xil_defaultlib
INFO: [VRFC 10-311] analyzing module ofdm_demodulation
INFO: [VRFC 10-2458] undeclared symbol m_axis_data_tvalid, assumed default net type wire [D:/FPGA/Vivaldo Project/PUCCH-FORMAT-0/pucch0/pucch0.srcs/sources_1/bd/pucch0/ipshared/d443/ofdm_demodulation.srcs/sources_1/new/fft.v:74]
INFO: [VRFC 10-2263] Analyzing Verilog file "D:/FPGA/Vivaldo Project/PUCCH-FORMAT-0/pucch0/pucch0.srcs/sources_1/bd/pucch0/ip/pucch0_ofdm_demodulation_0_0/sim/pucch0_ofdm_demodulation_0_0.v" into library xil_defaultlib
INFO: [VRFC 10-311] analyzing module pucch0_ofdm_demodulation_0_0
INFO: [VRFC 10-2263] Analyzing Verilog file "D:/FPGA/Vivaldo Project/PUCCH-FORMAT-0/pucch0/pucch0.srcs/sources_1/bd/pucch0/ipshared/a151/ulcch_parameter.v" into library xil_defaultlib
INFO: [VRFC 10-311] analyzing module ulcch_parameter
INFO: [VRFC 10-2263] Analyzing Verilog file "D:/FPGA/Vivaldo Project/PUCCH-FORMAT-0/pucch0/pucch0.srcs/sources_1/bd/pucch0/ip/pucch0_ulcch_parameter_0_0/sim/pucch0_ulcch_parameter_0_0.v" into library xil_defaultlib
INFO: [VRFC 10-311] analyzing module pucch0_ulcch_parameter_0_0
INFO: [VRFC 10-2263] Analyzing Verilog file "D:/FPGA/Vivaldo Project/PUCCH-FORMAT-0/pucch0/pucch0.srcs/sources_1/bd/pucch0/ip/pucch0_xlslice_0_1/sim/pucch0_xlslice_0_1.v" into library xil_defaultlib
INFO: [VRFC 10-311] analyzing module pucch0_xlslice_0_1
INFO: [VRFC 10-2263] Analyzing Verilog file "D:/FPGA/Vivaldo Project/PUCCH-FORMAT-0/pucch0/pucch0.srcs/sources_1/bd/pucch0/ip/pucch0_xlconcat_1_0/sim/pucch0_xlconcat_1_0.v" into library xil_defaultlib
INFO: [VRFC 10-311] analyzing module pucch0_xlconcat_1_0
INFO: [VRFC 10-2263] Analyzing Verilog file "D:/FPGA/Vivaldo Project/PUCCH-FORMAT-0/pucch0/pucch0.srcs/sources_1/bd/pucch0/sim/pucch0.v" into library xil_defaultlib
INFO: [VRFC 10-311] analyzing module pucch0
INFO: [VRFC 10-2263] Analyzing Verilog file "D:/FPGA/Vivaldo Project/PUCCH-FORMAT-0/pucch0/pucch0.srcs/sources_1/bd/pucch0/hdl/pucch0_wrapper.v" into library xil_defaultlib
INFO: [VRFC 10-311] analyzing module pucch0_wrapper
INFO: [VRFC 10-2263] Analyzing Verilog file "D:/FPGA/Vivaldo Project/PUCCH-FORMAT-0/pucch0/pucch0.srcs/sim_1/new/tb.v" into library xil_defaultlib
INFO: [VRFC 10-311] analyzing module tb
WARNING: [VRFC 10-3248] data object 'clk' is already declared [D:/FPGA/Vivaldo Project/PUCCH-FORMAT-0/pucch0/pucch0.srcs/sim_1/new/tb.v:25]
WARNING: [VRFC 10-3703] second declaration of 'clk' ignored [D:/FPGA/Vivaldo Project/PUCCH-FORMAT-0/pucch0/pucch0.srcs/sim_1/new/tb.v:25]
INFO: [VRFC 10-2458] undeclared symbol mcs, assumed default net type wire [D:/FPGA/Vivaldo Project/PUCCH-FORMAT-0/pucch0/pucch0.srcs/sim_1/new/tb.v:79]
INFO: [VRFC 10-2458] undeclared symbol ack, assumed default net type wire [D:/FPGA/Vivaldo Project/PUCCH-FORMAT-0/pucch0/pucch0.srcs/sim_1/new/tb.v:80]
WARNING: [VRFC 10-3380] identifier 'i_imag_pucch_ofdm' is used before its declaration [D:/FPGA/Vivaldo Project/PUCCH-FORMAT-0/pucch0/pucch0.srcs/sim_1/new/tb.v:47]
WARNING: [VRFC 10-3380] identifier 'i_real_pucch_ofdm' is used before its declaration [D:/FPGA/Vivaldo Project/PUCCH-FORMAT-0/pucch0/pucch0.srcs/sim_1/new/tb.v:48]
