Copyright 1986-2019 Xilinx, Inc. All Rights Reserved.
------------------------------------------------------------------------------------
| Tool Version : Vivado v.2019.2 (win64) Build 2708876 Wed Nov  6 21:40:23 MST 2019
| Date         : Tue Dec 30 02:13:46 2025
| Host         : LAPTOP-CHCSI1R5 running 64-bit major release  (build 9200)
| Command      : upgrade_ip
| Device       : xcvu9p-flga2104-2L-e
------------------------------------------------------------------------------------

Upgrade Log for IP 'pucch0_sync_cyclic_0_0'

1. Summary
----------

SUCCESS in the conversion of pucch0_sync_cyclic_0_0 (xilinx.com:user:sync_cyclic:1.0 (Rev. 3)) to Vivado generation flows.






Copyright 1986-2019 Xilinx, Inc. All Rights Reserved.
------------------------------------------------------------------------------------
| Tool Version : Vivado v.2019.2 (win64) Build 2708876 Wed Nov  6 21:40:23 MST 2019
| Date         : Tue Dec 30 01:58:58 2025
| Host         : LAPTOP-CHCSI1R5 running 64-bit major release  (build 9200)
| Command      : upgrade_ip
| Device       : xcvu9p-flga2104-2L-e
------------------------------------------------------------------------------------

Upgrade Log for IP 'pucch0_ofdm_demodulation_v2_0_0'

1. Summary
----------

SUCCESS in the conversion of pucch0_ofdm_demodulation_v2_0_0 (xilinx.com:user:ofdm_demodulation_v2:2 (Rev. 8)) to Vivado generation flows.






Copyright 1986-2019 Xilinx, Inc. All Rights Reserved.
------------------------------------------------------------------------------------
| Tool Version : Vivado v.2019.2 (win64) Build 2708876 Wed Nov  6 21:40:23 MST 2019
| Date         : Tue Dec 30 01:58:49 2025
| Host         : LAPTOP-CHCSI1R5 running 64-bit major release  (build 9200)
| Command      : upgrade_ip
| Device       : xcvu9p-flga2104-2L-e
------------------------------------------------------------------------------------

Upgrade Log for IP 'pucch0_ofdm_demodulation_v2_0_0'

1. Summary
----------

SUCCESS in the conversion of pucch0_ofdm_demodulation_v2_0_0 (xilinx.com:user:ofdm_demodulation_v2:2 (Rev. 8)) to Vivado generation flows.






Copyright 1986-2019 Xilinx, Inc. All Rights Reserved.
------------------------------------------------------------------------------------
| Tool Version : Vivado v.2019.2 (win64) Build 2708876 Wed Nov  6 21:40:23 MST 2019
| Date         : Tue Dec 30 01:57:55 2025
| Host         : LAPTOP-CHCSI1R5 running 64-bit major release  (build 9200)
| Command      : upgrade_ip
| Device       : xcvu9p-flga2104-2L-e
------------------------------------------------------------------------------------

Upgrade Log for IP 'pucch0_ofdm_demodulation_v2_0_0'

1. Summary
----------

SUCCESS in the conversion of pucch0_ofdm_demodulation_v2_0_0 (xilinx.com:user:ofdm_demodulation_v2:2 (Rev. 8)) to Vivado generation flows.






Copyright 1986-2019 Xilinx, Inc. All Rights Reserved.
------------------------------------------------------------------------------------
| Tool Version : Vivado v.2019.2 (win64) Build 2708876 Wed Nov  6 21:40:23 MST 2019
| Date         : Tue Dec 30 01:55:13 2025
| Host         : LAPTOP-CHCSI1R5 running 64-bit major release  (build 9200)
| Command      : upgrade_ip
| Device       : xcvu9p-flga2104-2L-e
------------------------------------------------------------------------------------

Upgrade Log for IP 'pucch0_ofdm_demodulation_v2_0_0'

1. Summary
----------

SUCCESS in the upgrade of pucch0_ofdm_demodulation_v2_0_0 (xilinx.com:user:ofdm_demodulation_v2:2) from (Rev. 6) to (Rev. 8)






Copyright 1986-2019 Xilinx, Inc. All Rights Reserved.
------------------------------------------------------------------------------------
| Tool Version : Vivado v.2019.2 (win64) Build 2708876 Wed Nov  6 21:40:23 MST 2019
| Date         : Tue Dec 30 01:52:42 2025
| Host         : LAPTOP-CHCSI1R5 running 64-bit major release  (build 9200)
| Command      : upgrade_ip
| Device       : xcvu9p-flga2104-2L-e
------------------------------------------------------------------------------------

Upgrade Log for IP 'pucch0_ofdm_demodulation_v2_0_0'

1. Summary
----------

SUCCESS in the conversion of pucch0_ofdm_demodulation_v2_0_0 (xilinx.com:user:ofdm_demodulation_v2:2 (Rev. 6)) to Vivado generation flows.






Copyright 1986-2019 Xilinx, Inc. All Rights Reserved.
------------------------------------------------------------------------------------
| Tool Version : Vivado v.2019.2 (win64) Build 2708876 Wed Nov  6 21:40:23 MST 2019
| Date         : Tue Dec 30 01:52:29 2025
| Host         : LAPTOP-CHCSI1R5 running 64-bit major release  (build 9200)
| Command      : upgrade_ip
| Device       : xcvu9p-flga2104-2L-e
------------------------------------------------------------------------------------

Upgrade Log for IP 'pucch0_ofdm_demodulation_v2_0_0'

1. Summary
----------

SUCCESS in the conversion of pucch0_ofdm_demodulation_v2_0_0 (xilinx.com:user:ofdm_demodulation_v2:2 (Rev. 6)) to Vivado generation flows.






Copyright 1986-2019 Xilinx, Inc. All Rights Reserved.
------------------------------------------------------------------------------------
| Tool Version : Vivado v.2019.2 (win64) Build 2708876 Wed Nov  6 21:40:23 MST 2019
| Date         : Tue Dec 30 01:52:14 2025
| Host         : LAPTOP-CHCSI1R5 running 64-bit major release  (build 9200)
| Command      : upgrade_ip
| Device       : xcvu9p-flga2104-2L-e
------------------------------------------------------------------------------------

Upgrade Log for IP 'pucch0_ofdm_demodulation_v2_0_0'

1. Summary
----------

SUCCESS in the conversion of pucch0_ofdm_demodulation_v2_0_0 (xilinx.com:user:ofdm_demodulation_v2:2 (Rev. 6)) to Vivado generation flows.






Copyright 1986-2019 Xilinx, Inc. All Rights Reserved.
------------------------------------------------------------------------------------
| Tool Version : Vivado v.2019.2 (win64) Build 2708876 Wed Nov  6 21:40:23 MST 2019
| Date         : Tue Dec 30 01:49:21 2025
| Host         : LAPTOP-CHCSI1R5 running 64-bit major release  (build 9200)
| Command      : upgrade_ip
| Device       : xcvu9p-flga2104-2L-e
------------------------------------------------------------------------------------

Upgrade Log for IP 'pucch0_ofdm_demodulation_v2_0_0'

1. Summary
----------

SUCCESS in the conversion of pucch0_ofdm_demodulation_v2_0_0 (xilinx.com:user:ofdm_demodulation_v2:2 (Rev. 6)) to Vivado generation flows.






Copyright 1986-2019 Xilinx, Inc. All Rights Reserved.
------------------------------------------------------------------------------------
| Tool Version : Vivado v.2019.2 (win64) Build 2708876 Wed Nov  6 21:40:23 MST 2019
| Date         : Tue Dec 30 01:46:28 2025
| Host         : LAPTOP-CHCSI1R5 running 64-bit major release  (build 9200)
| Command      : upgrade_ip
| Device       : xcvu9p-flga2104-2L-e
------------------------------------------------------------------------------------

Upgrade Log for IP 'pucch0_cyclic_gen_0_1'

1. Summary
----------

SUCCESS in the conversion of pucch0_cyclic_gen_0_1 (xilinx.com:user:cyclic_gen:1.0 (Rev. 3)) to Vivado generation flows.






Copyright 1986-2019 Xilinx, Inc. All Rights Reserved.
------------------------------------------------------------------------------------
| Tool Version : Vivado v.2019.2 (win64) Build 2708876 Wed Nov  6 21:40:23 MST 2019
| Date         : Tue Dec 30 01:27:07 2025
| Host         : LAPTOP-CHCSI1R5 running 64-bit major release  (build 9200)
| Command      : upgrade_ip
| Device       : xcvu9p-flga2104-2L-e
------------------------------------------------------------------------------------

Upgrade Log for IP 'pucch0_correlation_0_0'

1. Summary
----------

SUCCESS in the upgrade of pucch0_correlation_0_0 (xilinx.com:user:correlation:1.0) from (Rev. 2) to (Rev. 3)






Copyright 1986-2019 Xilinx, Inc. All Rights Reserved.
------------------------------------------------------------------------------------
| Tool Version : Vivado v.2019.2 (win64) Build 2708876 Wed Nov  6 21:40:23 MST 2019
| Date         : Tue Dec 30 01:25:37 2025
| Host         : LAPTOP-CHCSI1R5 running 64-bit major release  (build 9200)
| Command      : upgrade_ip
| Device       : xcvu9p-flga2104-2L-e
------------------------------------------------------------------------------------

Upgrade Log for IP 'pucch0_correlation_0_0'

1. Summary
----------

SUCCESS in the conversion of pucch0_correlation_0_0 (xilinx.com:user:correlation:1.0 (Rev. 2)) to Vivado generation flows.






Copyright 1986-2019 Xilinx, Inc. All Rights Reserved.
------------------------------------------------------------------------------------
| Tool Version : Vivado v.2019.2 (win64) Build 2708876 Wed Nov  6 21:40:23 MST 2019
| Date         : Tue Dec 30 01:25:20 2025
| Host         : LAPTOP-CHCSI1R5 running 64-bit major release  (build 9200)
| Command      : upgrade_ip
| Device       : xcvu9p-flga2104-2L-e
------------------------------------------------------------------------------------

Upgrade Log for IP 'pucch0_correlation_0_0'

1. Summary
----------

SUCCESS in the conversion of pucch0_correlation_0_0 (xilinx.com:user:correlation:1.0 (Rev. 2)) to Vivado generation flows.






Copyright 1986-2019 Xilinx, Inc. All Rights Reserved.
------------------------------------------------------------------------------------
| Tool Version : Vivado v.2019.2 (win64) Build 2708876 Wed Nov  6 21:40:23 MST 2019
| Date         : Tue Dec 30 01:25:08 2025
| Host         : LAPTOP-CHCSI1R5 running 64-bit major release  (build 9200)
| Command      : upgrade_ip
| Device       : xcvu9p-flga2104-2L-e
------------------------------------------------------------------------------------

Upgrade Log for IP 'pucch0_correlation_0_0'

1. Summary
----------

SUCCESS in the conversion of pucch0_correlation_0_0 (xilinx.com:user:correlation:1.0 (Rev. 2)) to Vivado generation flows.






Copyright 1986-2019 Xilinx, Inc. All Rights Reserved.
------------------------------------------------------------------------------------
| Tool Version : Vivado v.2019.2 (win64) Build 2708876 Wed Nov  6 21:40:23 MST 2019
| Date         : Tue Dec 30 01:24:00 2025
| Host         : LAPTOP-CHCSI1R5 running 64-bit major release  (build 9200)
| Command      : upgrade_ip
| Device       : xcvu9p-flga2104-2L-e
------------------------------------------------------------------------------------

Upgrade Log for IP 'pucch0_cyclic_gen_0_1'

1. Summary
----------

SUCCESS in the upgrade of pucch0_cyclic_gen_0_1 (xilinx.com:user:cyclic_gen:1.0) from (Rev. 2) to (Rev. 3)






Copyright 1986-2019 Xilinx, Inc. All Rights Reserved.
------------------------------------------------------------------------------------
| Tool Version : Vivado v.2019.2 (win64) Build 2708876 Wed Nov  6 21:40:23 MST 2019
| Date         : Tue Dec 30 01:24:00 2025
| Host         : LAPTOP-CHCSI1R5 running 64-bit major release  (build 9200)
| Command      : upgrade_ip
| Device       : xcvu9p-flga2104-2L-e
------------------------------------------------------------------------------------

Upgrade Log for IP 'pucch0_cyclic_gen_0_0'

1. Summary
----------

SUCCESS in the upgrade of pucch0_cyclic_gen_0_0 (xilinx.com:user:cyclic_gen:1.0) from (Rev. 2) to (Rev. 3)






Copyright 1986-2019 Xilinx, Inc. All Rights Reserved.
------------------------------------------------------------------------------------
| Tool Version : Vivado v.2019.2 (win64) Build 2708876 Wed Nov  6 21:40:23 MST 2019
| Date         : Tue Dec 30 01:16:45 2025
| Host         : LAPTOP-CHCSI1R5 running 64-bit major release  (build 9200)
| Command      : upgrade_ip
| Device       : xcvu9p-flga2104-2L-e
------------------------------------------------------------------------------------

Upgrade Log for IP 'pucch0_ofdm_demodulation_v2_0_0'

1. Summary
----------

SUCCESS in the upgrade of pucch0_ofdm_demodulation_v2_0_0 (xilinx.com:user:ofdm_demodulation_v2:2) from (Rev. 5) to (Rev. 6)






Copyright 1986-2019 Xilinx, Inc. All Rights Reserved.
------------------------------------------------------------------------------------
| Tool Version : Vivado v.2019.2 (win64) Build 2708876 Wed Nov  6 21:40:23 MST 2019
| Date         : Tue Dec 30 01:15:02 2025
| Host         : LAPTOP-CHCSI1R5 running 64-bit major release  (build 9200)
| Command      : upgrade_ip
| Device       : xcvu9p-flga2104-2L-e
------------------------------------------------------------------------------------

Upgrade Log for IP 'pucch0_sync_cyclic_0_0'

1. Summary
----------

SUCCESS in the upgrade of pucch0_sync_cyclic_0_0 (xilinx.com:user:sync_cyclic:1.0) from (Rev. 4) to (Rev. 3)






Copyright 1986-2019 Xilinx, Inc. All Rights Reserved.
------------------------------------------------------------------------------------
| Tool Version : Vivado v.2019.2 (win64) Build 2708876 Wed Nov  6 21:40:23 MST 2019
| Date         : Tue Dec 30 00:51:07 2025
| Host         : LAPTOP-CHCSI1R5 running 64-bit major release  (build 9200)
| Command      : upgrade_ip
| Device       : xcvu9p-flga2104-2L-e
------------------------------------------------------------------------------------

Upgrade Log for IP 'pucch0_rx_duplication_0_0'

1. Summary
----------

SUCCESS in the upgrade of pucch0_rx_duplication_0_0 (xilinx.com:user:rx_duplication:1.0) from (Rev. 4) to (Rev. 2)






Copyright 1986-2019 Xilinx, Inc. All Rights Reserved.
------------------------------------------------------------------------------------
| Tool Version : Vivado v.2019.2 (win64) Build 2708876 Wed Nov  6 21:40:23 MST 2019
| Date         : Tue Dec 30 00:51:06 2025
| Host         : LAPTOP-CHCSI1R5 running 64-bit major release  (build 9200)
| Command      : upgrade_ip
| Device       : xcvu9p-flga2104-2L-e
------------------------------------------------------------------------------------

Upgrade Log for IP 'pucch0_frame_sync_0_4'

1. Summary
----------

SUCCESS in the upgrade of pucch0_frame_sync_0_4 (xilinx.com:user:frame_sync:1.0) from (Rev. 4) to (Rev. 2)






Copyright 1986-2019 Xilinx, Inc. All Rights Reserved.
------------------------------------------------------------------------------------
| Tool Version : Vivado v.2019.2 (win64) Build 2708876 Wed Nov  6 21:40:23 MST 2019
| Date         : Tue Dec 30 00:51:06 2025
| Host         : LAPTOP-CHCSI1R5 running 64-bit major release  (build 9200)
| Command      : upgrade_ip
| Device       : xcvu9p-flga2104-2L-e
------------------------------------------------------------------------------------

Upgrade Log for IP 'pucch0_frame_sync_0_3'

1. Summary
----------

SUCCESS in the upgrade of pucch0_frame_sync_0_3 (xilinx.com:user:frame_sync:1.0) from (Rev. 4) to (Rev. 2)






Copyright 1986-2019 Xilinx, Inc. All Rights Reserved.
------------------------------------------------------------------------------------
| Tool Version : Vivado v.2019.2 (win64) Build 2708876 Wed Nov  6 21:40:23 MST 2019
| Date         : Tue Dec 30 00:51:06 2025
| Host         : LAPTOP-CHCSI1R5 running 64-bit major release  (build 9200)
| Command      : upgrade_ip
| Device       : xcvu9p-flga2104-2L-e
------------------------------------------------------------------------------------

Upgrade Log for IP 'pucch0_demapping_0_0'

1. Summary
----------

SUCCESS in the conversion of pucch0_demapping_0_0 (xilinx.com:user:demapping:1.0 (Rev. 2)) to Vivado generation flows.






Copyright 1986-2019 Xilinx, Inc. All Rights Reserved.
------------------------------------------------------------------------------------
| Tool Version : Vivado v.2019.2 (win64) Build 2708876 Wed Nov  6 21:40:23 MST 2019
| Date         : Tue Dec 30 00:51:06 2025
| Host         : LAPTOP-CHCSI1R5 running 64-bit major release  (build 9200)
| Command      : upgrade_ip
| Device       : xcvu9p-flga2104-2L-e
------------------------------------------------------------------------------------

Upgrade Log for IP 'pucch0_correlation_0_0'

1. Summary
----------

SUCCESS in the upgrade of pucch0_correlation_0_0 (xilinx.com:user:correlation:1.0) from (Rev. 5) to (Rev. 2)






Copyright 1986-2019 Xilinx, Inc. All Rights Reserved.
------------------------------------------------------------------------------------
| Tool Version : Vivado v.2019.2 (win64) Build 2708876 Wed Nov  6 21:40:23 MST 2019
| Date         : Tue Dec 30 00:51:06 2025
| Host         : LAPTOP-CHCSI1R5 running 64-bit major release  (build 9200)
| Command      : upgrade_ip
| Device       : xcvu9p-flga2104-2L-e
------------------------------------------------------------------------------------

Upgrade Log for IP 'pucch0_combine_rx_sym_0_0'

1. Summary
----------

SUCCESS in the upgrade of pucch0_combine_rx_sym_0_0 (xilinx.com:user:combine_rx_sym:1.0) from (Rev. 3) to (Rev. 2)

