Copyright 1986-2019 Xilinx, Inc. All Rights Reserved.
------------------------------------------------------------------------------------
| Tool Version : Vivado v.2019.2 (win64) Build 2708876 Wed Nov  6 21:40:23 MST 2019
| Date         : Tue Dec 23 23:55:25 2025
| Host         : LAPTOP-CHCSI1R5 running 64-bit major release  (build 9200)
| Command      : upgrade_ip
| Device       : xcvu9p-flga2104-2L-e
------------------------------------------------------------------------------------

Upgrade Log for IP 'scramble_sequence_8bits_0'

1. Summary
----------

SUCCESS in the upgrade of scramble_sequence_8bits_0 (xilinx.com:user:scramble_sequence_8bits:1.0) from (Rev. 3) to (Rev. 4)






Copyright 1986-2019 Xilinx, Inc. All Rights Reserved.
------------------------------------------------------------------------------------
| Tool Version : Vivado v.2019.2 (win64) Build 2708876 Wed Nov  6 21:40:23 MST 2019
| Date         : Tue Dec 23 23:52:39 2025
| Host         : LAPTOP-CHCSI1R5 running 64-bit major release  (build 9200)
| Command      : upgrade_ip
| Device       : xcvu9p-flga2104-2L-e
------------------------------------------------------------------------------------

Upgrade Log for IP 'scramble_sequence_8bits_0'

1. Summary
----------

CAUTION (success, with warnings) in the upgrade of scramble_sequence_8bits_0 (xilinx.com:user:scramble_sequence_8bits:1.0) from (Rev. 2) to (Rev. 3)

After upgrade, an IP may have parameter and port differences compared to the original customization. Please review the parameters within the IP customization GUI to ensure proper functionality. Also, please review the updated IP instantiation template to ensure proper connectivity, and update your design if required.

2. Connection Warnings
----------------------

Detected external port differences while upgrading 'scramble_sequence_8bits_0'. These changes may impact your design.


-Upgraded port 'ID' width 31 differs from original width 6

-Upgraded port 'markP' width 31 differs from original width 8


