#-----------------------------------------------------------
# Vivado v2019.2 (64-bit)
# SW Build 2708876 on Wed Nov  6 21:40:23 MST 2019
# IP Build 2700528 on Thu Nov  7 00:09:20 MST 2019
# Start of session at: Sun Nov 23 20:28:33 2025
# Process ID: 23480
# Current directory: D:/FPGA/Vivaldo Project/PUCCH FORMAT 0/PUCCH-FORMAT-0/OFDM_Demodulation/OFDM_Demodulation/ctr_ofdm/ctr_ofdm
# Command line: vivado.exe -gui_launcher_event rodinguilauncherevent20680 D:\FPGA\Vivaldo Project\PUCCH FORMAT 0\PUCCH-FORMAT-0\OFDM_Demodulation\OFDM_Demodulation\ctr_ofdm\ctr_ofdm\ctr_ofdm.xpr
# Log file: D:/FPGA/Vivaldo Project/PUCCH FORMAT 0/PUCCH-FORMAT-0/OFDM_Demodulation/OFDM_Demodulation/ctr_ofdm/ctr_ofdm/vivado.log
# Journal file: D:/FPGA/Vivaldo Project/PUCCH FORMAT 0/PUCCH-FORMAT-0/OFDM_Demodulation/OFDM_Demodulation/ctr_ofdm/ctr_ofdm\vivado.jou
#-----------------------------------------------------------
start_gui
open_project {D:/FPGA/Vivaldo Project/PUCCH FORMAT 0/PUCCH-FORMAT-0/OFDM_Demodulation/OFDM_Demodulation/ctr_ofdm/ctr_ofdm/ctr_ofdm.xpr}
INFO: [ProjectBase 1-489] The host OS only allows 260 characters in a normal path. The project is stored in a path with more than 80 characters. If you experience issues with IP, Block Designs, or files not being found, please consider moving the project to a location with a shorter path. Alternately consider using the OS subst command to map part of the path to a drive letter.
Current project path is 'D:/FPGA/Vivaldo Project/PUCCH FORMAT 0/PUCCH-FORMAT-0/OFDM_Demodulation/OFDM_Demodulation/ctr_ofdm/ctr_ofdm'
Scanning sources...
Finished scanning sources
INFO: [IP_Flow 19-234] Refreshing IP repositories
INFO: [IP_Flow 19-1700] Loaded user IP repository 'd:/fpga/vivaldo project/pucch format 0/pucch-format-0/ofdm_demodulation/ofdm_demodulation/ctr_ofdm/ctr_ofdm'.
INFO: [IP_Flow 19-2313] Loaded Vivado IP repository 'D:/Xilinx/Vivado/2019.2/data/ip'.
open_project: Time (s): cpu = 00:00:10 ; elapsed = 00:00:05 . Memory (MB): peak = 957.078 ; gain = 252.492
update_compile_order -fileset sources_1
exit
INFO: [Common 17-206] Exiting Vivado at Sun Nov 23 20:28:58 2025...
