Copyright 1986-2019 Xilinx, Inc. All Rights Reserved.
------------------------------------------------------------------------------------
| Tool Version : Vivado v.2019.2 (win64) Build 2708876 Wed Nov  6 21:40:23 MST 2019
| Date         : Thu Dec 25 01:04:43 2025
| Host         : LAPTOP-CHCSI1R5 running 64-bit major release  (build 9200)
| Command      : upgrade_ip
| Device       : xcvu9p-flga2104-2L-e
------------------------------------------------------------------------------------

Upgrade Log for IP 'phase_generator_0'

1. Summary
----------

SUCCESS in the upgrade of phase_generator_0 (xilinx.com:user:phase_generator:1.0) from (Rev. 5) to (Rev. 6)






Copyright 1986-2019 Xilinx, Inc. All Rights Reserved.
------------------------------------------------------------------------------------
| Tool Version : Vivado v.2019.2 (win64) Build 2708876 Wed Nov  6 21:40:23 MST 2019
| Date         : Thu Dec 25 01:04:39 2025
| Host         : LAPTOP-CHCSI1R5 running 64-bit major release  (build 9200)
| Command      : upgrade_ip
| Device       : xcvu9p-flga2104-2L-e
------------------------------------------------------------------------------------

Upgrade Log for IP 'base_sequence_0'

1. Summary
----------

SUCCESS in the conversion of base_sequence_0 (xilinx.com:user:base_sequence:1.0 (Rev. 2)) to Vivado generation flows.






Copyright 1986-2019 Xilinx, Inc. All Rights Reserved.
------------------------------------------------------------------------------------
| Tool Version : Vivado v.2019.2 (win64) Build 2708876 Wed Nov  6 21:40:23 MST 2019
| Date         : Thu Dec 25 00:07:31 2025
| Host         : LAPTOP-CHCSI1R5 running 64-bit major release  (build 9200)
| Command      : upgrade_ip
| Device       : xcvu9p-flga2104-2L-e
------------------------------------------------------------------------------------

Upgrade Log for IP 'v1_base_sequence_0'

1. Summary
----------

SUCCESS in the conversion of v1_base_sequence_0 (xilinx.com:user:base_sequence:1.0 (Rev. 2)) to Vivado generation flows.






Copyright 1986-2019 Xilinx, Inc. All Rights Reserved.
------------------------------------------------------------------------------------
| Tool Version : Vivado v.2019.2 (win64) Build 2708876 Wed Nov  6 21:40:23 MST 2019
| Date         : Thu Dec 25 00:04:23 2025
| Host         : LAPTOP-CHCSI1R5 running 64-bit major release  (build 9200)
| Command      : upgrade_ip
| Device       : xcvu9p-flga2104-2L-e
------------------------------------------------------------------------------------

Upgrade Log for IP 'v1_phase_generator_0'

1. Summary
----------

SUCCESS in the conversion of v1_phase_generator_0 (xilinx.com:user:phase_generator:1.0 (Rev. 4)) to Vivado generation flows.






Copyright 1986-2019 Xilinx, Inc. All Rights Reserved.
------------------------------------------------------------------------------------
| Tool Version : Vivado v.2019.2 (win64) Build 2708876 Wed Nov  6 21:40:23 MST 2019
| Date         : Thu Dec 25 00:04:22 2025
| Host         : LAPTOP-CHCSI1R5 running 64-bit major release  (build 9200)
| Command      : upgrade_ip
| Device       : xcvu9p-flga2104-2L-e
------------------------------------------------------------------------------------

Upgrade Log for IP 'v1_base_sequence_0'

1. Summary
----------

SUCCESS in the conversion of v1_base_sequence_0 (xilinx.com:user:base_sequence:1.0 (Rev. 2)) to Vivado generation flows.






Copyright 1986-2019 Xilinx, Inc. All Rights Reserved.
------------------------------------------------------------------------------------
| Tool Version : Vivado v.2019.2 (win64) Build 2708876 Wed Nov  6 21:40:23 MST 2019
| Date         : Wed Dec 24 23:58:13 2025
| Host         : LAPTOP-CHCSI1R5 running 64-bit major release  (build 9200)
| Command      : upgrade_ip
| Device       : xcvu9p-flga2104-2L-e
------------------------------------------------------------------------------------

Upgrade Log for IP 'v1_phase_generator_0'

1. Summary
----------

SUCCESS in the conversion of v1_phase_generator_0 (xilinx.com:user:phase_generator:1.0 (Rev. 4)) to Vivado generation flows.






Copyright 1986-2019 Xilinx, Inc. All Rights Reserved.
------------------------------------------------------------------------------------
| Tool Version : Vivado v.2019.2 (win64) Build 2708876 Wed Nov  6 21:40:23 MST 2019
| Date         : Wed Dec 24 23:51:48 2025
| Host         : LAPTOP-CHCSI1R5 running 64-bit major release  (build 9200)
| Command      : upgrade_ip
| Device       : xcvu9p-flga2104-2L-e
------------------------------------------------------------------------------------

Upgrade Log for IP 'v1_phase_generator_0'

1. Summary
----------

SUCCESS in the upgrade of v1_phase_generator_0 (xilinx.com:user:phase_generator:1.0) from (Rev. 3) to (Rev. 4)






Copyright 1986-2019 Xilinx, Inc. All Rights Reserved.
------------------------------------------------------------------------------------
| Tool Version : Vivado v.2019.2 (win64) Build 2708876 Wed Nov  6 21:40:23 MST 2019
| Date         : Wed Dec 24 23:47:17 2025
| Host         : LAPTOP-CHCSI1R5 running 64-bit major release  (build 9200)
| Command      : upgrade_ip
| Device       : xcvu9p-flga2104-2L-e
------------------------------------------------------------------------------------

Upgrade Log for IP 'phase_generator_0'

1. Summary
----------

SUCCESS in the upgrade of phase_generator_0 (xilinx.com:user:phase_generator:1.0) from (Rev. 2) to (Rev. 3)






Copyright 1986-2019 Xilinx, Inc. All Rights Reserved.
------------------------------------------------------------------------------------
| Tool Version : Vivado v.2019.2 (win64) Build 2708876 Wed Nov  6 21:40:23 MST 2019
| Date         : Wed Dec 24 23:40:05 2025
| Host         : LAPTOP-CHCSI1R5 running 64-bit major release  (build 9200)
| Command      : upgrade_ip
| Device       : xcvu9p-flga2104-2L-e
------------------------------------------------------------------------------------

Upgrade Log for IP 'phase_generator_0'

1. Summary
----------

CAUTION (success, with warnings) in the upgrade of phase_generator_0 (xilinx.com:user:phase_generator:1.0) from (Rev. 3) to (Rev. 2)

After upgrade, an IP may have parameter and port differences compared to the original customization. Please review the parameters within the IP customization GUI to ensure proper functionality. Also, please review the updated IP instantiation template to ensure proper connectivity, and update your design if required.

2. Connection Warnings
----------------------

Detected external port differences while upgrading 'phase_generator_0'. These changes may impact your design.


-Upgraded port 'phase' width 32 differs from original width 33







Copyright 1986-2019 Xilinx, Inc. All Rights Reserved.
------------------------------------------------------------------------------------
| Tool Version : Vivado v.2019.2 (win64) Build 2708876 Wed Nov  6 21:40:23 MST 2019
| Date         : Wed Dec 24 23:21:22 2025
| Host         : LAPTOP-CHCSI1R5 running 64-bit major release  (build 9200)
| Command      : upgrade_ip
| Device       : xcvu9p-flga2104-2L-e
------------------------------------------------------------------------------------

Upgrade Log for IP 'base_sequence_0'

1. Summary
----------

SUCCESS in the conversion of base_sequence_0 (xilinx.com:user:base_sequence:1.0 (Rev. 2)) to Vivado generation flows.

