#-----------------------------------------------------------
# Vivado v2019.2 (64-bit)
# SW Build 2708876 on Wed Nov  6 21:40:23 MST 2019
# IP Build 2700528 on Thu Nov  7 00:09:20 MST 2019
# Start of session at: Wed Dec 24 22:14:55 2025
# Process ID: 8940
# Current directory: D:/FPGA/Vivaldo Project/PUCCH-FORMAT-0/Cyclic_Shift_Generator/cyclic_shift_generator
# Command line: vivado.exe -gui_launcher_event rodinguilauncherevent9276 D:\FPGA\Vivaldo Project\PUCCH-FORMAT-0\Cyclic_Shift_Generator\cyclic_shift_generator\cyclic_shift_generator.xpr
# Log file: D:/FPGA/Vivaldo Project/PUCCH-FORMAT-0/Cyclic_Shift_Generator/cyclic_shift_generator/vivado.log
# Journal file: D:/FPGA/Vivaldo Project/PUCCH-FORMAT-0/Cyclic_Shift_Generator/cyclic_shift_generator\vivado.jou
#-----------------------------------------------------------
start_gui
open_project {D:/FPGA/Vivaldo Project/PUCCH-FORMAT-0/Cyclic_Shift_Generator/cyclic_shift_generator/cyclic_shift_generator.xpr}
INFO: [ProjectBase 1-489] The host OS only allows 260 characters in a normal path. The project is stored in a path with more than 80 characters. If you experience issues with IP, Block Designs, or files not being found, please consider moving the project to a location with a shorter path. Alternately consider using the OS subst command to map part of the path to a drive letter.
Current project path is 'D:/FPGA/Vivaldo Project/PUCCH-FORMAT-0/Cyclic_Shift_Generator/cyclic_shift_generator'
CRITICAL WARNING: [Project 1-19] Could not find the file 'D:/FPGA/Vivaldo Project/PUCCH-FORMAT-0/Cyclic_Shift_Generator/cyclic_shift_generator/cyclic_shift_generator.srcs/sources_1/ip/base_sequence_0/base_sequence.srcs/sources_1/ip/phi_matrix_0/phi_matrix.srcs/sources_1/new/phi.coe'.
Scanning sources...
Finished scanning sources
INFO: [IP_Flow 19-234] Refreshing IP repositories
INFO: [IP_Flow 19-1700] Loaded user IP repository 'd:/FPGA/Vivaldo Project/PUCCH-FORMAT-0/Cyclic_Shift_Generator'.
WARNING: [IP_Flow 19-3656] If you move the project, the path for repository 'd:/FPGA/Vivaldo Project/PUCCH-FORMAT-0/Cyclic_Shift_Generator' may become invalid. A better location for the repository would be in a path adjacent to the project. (Current project location is 'd:/FPGA/Vivaldo Project/PUCCH-FORMAT-0/Cyclic_Shift_Generator/cyclic_shift_generator'.)
INFO: [IP_Flow 19-2313] Loaded Vivado IP repository 'D:/Xilinx/Vivado/2019.2/data/ip'.
open_project: Time (s): cpu = 00:00:13 ; elapsed = 00:00:07 . Memory (MB): peak = 899.750 ; gain = 217.012
update_compile_order -fileset sources_1
create_ip -name base_sequence -vendor xilinx.com -library user -version 1.0 -module_name base_sequence_0 -dir {d:/FPGA/Vivaldo Project/PUCCH-FORMAT-0/Cyclic_Shift_Generator/cyclic_shift_generator/cyclic_shift_generator.srcs/sources_1/ip}
generate_target {instantiation_template} [get_files {{d:/FPGA/Vivaldo Project/PUCCH-FORMAT-0/Cyclic_Shift_Generator/cyclic_shift_generator/cyclic_shift_generator.srcs/sources_1/ip/base_sequence_0/base_sequence_0.xci}}]
INFO: [IP_Flow 19-1686] Generating 'Instantiation Template' target for IP 'base_sequence_0'...
update_compile_order -fileset sources_1
set_property generate_synth_checkpoint false [get_files  {{d:/FPGA/Vivaldo Project/PUCCH-FORMAT-0/Cyclic_Shift_Generator/cyclic_shift_generator/cyclic_shift_generator.srcs/sources_1/ip/base_sequence_0/base_sequence_0.xci}}]
generate_target all [get_files  {{d:/FPGA/Vivaldo Project/PUCCH-FORMAT-0/Cyclic_Shift_Generator/cyclic_shift_generator/cyclic_shift_generator.srcs/sources_1/ip/base_sequence_0/base_sequence_0.xci}}]
INFO: [IP_Flow 19-1686] Generating 'Instantiation Template' target for IP 'base_sequence_0'...
INFO: [IP_Flow 19-1686] Generating 'Synthesis' target for IP 'base_sequence_0'...
INFO: [IP_Flow 19-1686] Generating 'Simulation' target for IP 'base_sequence_0'...
INFO: [IP_Flow 19-1686] Generating 'Test Bench' target for IP 'base_sequence_0'...
INFO: [IP_Flow 19-3422] Upgraded scramble_sequence_8bits_0 (scramble_sequence_8bits_v1_0 1.0) from revision 2 to revision 4
ERROR: [Common 17-680] Path length exceeds 260-Byte maximum allowed by Windows: d:/FPGA/Vivaldo Project/PUCCH-FORMAT-0/Cyclic_Shift_Generator/cyclic_shift_generator/cyclic_shift_generator.srcs/sources_1/ip/base_sequence_0/base_sequence.srcs/sources_1/ip/phi_matrix_0/phi_matrix.srcs/sources_1/ip/blk_mem_gen_0/hdl/blk_mem_gen_v8_4_vhsyn_rfs.vhd
Please consider using the OS subst command to shorten the path length by mapping part of the path to a virtual drive letter. See Answer Record AR52787 for more information.
Resolution: In Windows 7 or later, the mklink command can also be used to create a symbolic link and shorten the path.
create_ip -name phase_generator -vendor xilinx.com -library user -version 1.0 -module_name phase_generator_0 -dir {d:/FPGA/Vivaldo Project/PUCCH-FORMAT-0/Cyclic_Shift_Generator/cyclic_shift_generator/cyclic_shift_generator.srcs/sources_1/ip}
generate_target {instantiation_template} [get_files {{d:/FPGA/Vivaldo Project/PUCCH-FORMAT-0/Cyclic_Shift_Generator/cyclic_shift_generator/cyclic_shift_generator.srcs/sources_1/ip/phase_generator_0/phase_generator_0.xci}}]
INFO: [IP_Flow 19-1686] Generating 'Instantiation Template' target for IP 'phase_generator_0'...
set_property generate_synth_checkpoint false [get_files  {{d:/FPGA/Vivaldo Project/PUCCH-FORMAT-0/Cyclic_Shift_Generator/cyclic_shift_generator/cyclic_shift_generator.srcs/sources_1/ip/phase_generator_0/phase_generator_0.xci}}]
generate_target all [get_files  {{d:/FPGA/Vivaldo Project/PUCCH-FORMAT-0/Cyclic_Shift_Generator/cyclic_shift_generator/cyclic_shift_generator.srcs/sources_1/ip/phase_generator_0/phase_generator_0.xci}}]
INFO: [IP_Flow 19-1686] Generating 'Instantiation Template' target for IP 'phase_generator_0'...
INFO: [IP_Flow 19-1686] Generating 'Synthesis' target for IP 'phase_generator_0'...
INFO: [IP_Flow 19-1686] Generating 'Simulation' target for IP 'phase_generator_0'...
INFO: [IP_Flow 19-1686] Generating 'Test Bench' target for IP 'phase_generator_0'...
export_ip_user_files -of_objects [get_files {{d:/FPGA/Vivaldo Project/PUCCH-FORMAT-0/Cyclic_Shift_Generator/cyclic_shift_generator/cyclic_shift_generator.srcs/sources_1/ip/phase_generator_0/phase_generator_0.xci}}] -no_script -sync -force -quiet
export_simulation -of_objects [get_files {{d:/FPGA/Vivaldo Project/PUCCH-FORMAT-0/Cyclic_Shift_Generator/cyclic_shift_generator/cyclic_shift_generator.srcs/sources_1/ip/phase_generator_0/phase_generator_0.xci}}] -directory {D:/FPGA/Vivaldo Project/PUCCH-FORMAT-0/Cyclic_Shift_Generator/cyclic_shift_generator/cyclic_shift_generator.ip_user_files/sim_scripts} -ip_user_files_dir {D:/FPGA/Vivaldo Project/PUCCH-FORMAT-0/Cyclic_Shift_Generator/cyclic_shift_generator/cyclic_shift_generator.ip_user_files} -ipstatic_source_dir {D:/FPGA/Vivaldo Project/PUCCH-FORMAT-0/Cyclic_Shift_Generator/cyclic_shift_generator/cyclic_shift_generator.ip_user_files/ipstatic} -lib_map_path [list {modelsim=D:/FPGA/Vivaldo Project/PUCCH-FORMAT-0/Cyclic_Shift_Generator/cyclic_shift_generator/cyclic_shift_generator.cache/compile_simlib/modelsim} {questa=D:/FPGA/Vivaldo Project/PUCCH-FORMAT-0/Cyclic_Shift_Generator/cyclic_shift_generator/cyclic_shift_generator.cache/compile_simlib/questa} {riviera=D:/FPGA/Vivaldo Project/PUCCH-FORMAT-0/Cyclic_Shift_Generator/cyclic_shift_generator/cyclic_shift_generator.cache/compile_simlib/riviera} {activehdl=D:/FPGA/Vivaldo Project/PUCCH-FORMAT-0/Cyclic_Shift_Generator/cyclic_shift_generator/cyclic_shift_generator.cache/compile_simlib/activehdl}] -use_ip_compiled_libs -force -quiet
update_compile_order -fileset sources_1
export_ip_user_files -of_objects  [get_files {{d:/FPGA/Vivaldo Project/PUCCH-FORMAT-0/Cyclic_Shift_Generator/cyclic_shift_generator/cyclic_shift_generator.srcs/sources_1/ip/base_sequence_0/base_sequence_0.xci}}] -no_script -reset -force -quiet
export_ip_user_files -of_objects  [get_files {{d:/FPGA/Vivaldo Project/PUCCH-FORMAT-0/Cyclic_Shift_Generator/cyclic_shift_generator/cyclic_shift_generator.srcs/sources_1/ip/phase_generator_0/phase_generator_0.xci}}] -no_script -reset -force -quiet
remove_files  {{d:/FPGA/Vivaldo Project/PUCCH-FORMAT-0/Cyclic_Shift_Generator/cyclic_shift_generator/cyclic_shift_generator.srcs/sources_1/ip/base_sequence_0/base_sequence_0.xci} {d:/FPGA/Vivaldo Project/PUCCH-FORMAT-0/Cyclic_Shift_Generator/cyclic_shift_generator/cyclic_shift_generator.srcs/sources_1/ip/phase_generator_0/phase_generator_0.xci}}
file delete -force {d:/FPGA/Vivaldo Project/PUCCH-FORMAT-0/Cyclic_Shift_Generator/cyclic_shift_generator/cyclic_shift_generator.srcs/sources_1/ip/base_sequence_0} {d:/FPGA/Vivaldo Project/PUCCH-FORMAT-0/Cyclic_Shift_Generator/cyclic_shift_generator/cyclic_shift_generator.srcs/sources_1/ip/phase_generator_0}
error deleting "D:/FPGA/Vivaldo Project/PUCCH-FORMAT-0/Cyclic_Shift_Generator/cyclic_shift_generator/cyclic_shift_generator.srcs/sources_1/ip/phase_generator_0\phase_generator.srcs\sources_1\ip\modulo_12_0\ip\mult_gen_0\hdl\xbip_utils_v3_0_vh_rfs.vhd": permission denied
exit
INFO: [Common 17-206] Exiting Vivado at Wed Dec 24 22:17:08 2025...
