#-----------------------------------------------------------
# Vivado v2019.2 (64-bit)
# SW Build 2708876 on Wed Nov  6 21:40:23 MST 2019
# IP Build 2700528 on Thu Nov  7 00:09:20 MST 2019
# Start of session at: Tue Dec 30 01:13:33 2025
# Process ID: 15836
# Current directory: D:/FPGA/Vivaldo Project/PUCCH-FORMAT-0/sync_cyclic
# Command line: vivado.exe -gui_launcher_event rodinguilauncherevent17128 D:\FPGA\Vivaldo Project\PUCCH-FORMAT-0\sync_cyclic\sync_cyclic.xpr
# Log file: D:/FPGA/Vivaldo Project/PUCCH-FORMAT-0/sync_cyclic/vivado.log
# Journal file: D:/FPGA/Vivaldo Project/PUCCH-FORMAT-0/sync_cyclic\vivado.jou
#-----------------------------------------------------------
start_gui
open_project {D:/FPGA/Vivaldo Project/PUCCH-FORMAT-0/sync_cyclic/sync_cyclic.xpr}
Scanning sources...
Finished scanning sources
WARNING: [filemgmt 56-3] IP Repository Path: Could not find the directory 'D:/FPGA/Vivaldo Project/PUCCH-FORMAT-0/ofdm_demodulation/fpga/vivaldo project/pucch-format-0/sync_cyclic/sync_cyclic'.
INFO: [IP_Flow 19-234] Refreshing IP repositories
INFO: [IP_Flow 19-1700] Loaded user IP repository 'd:/fpga/vivaldo project/pucch-format-0/sync_cyclic'.
WARNING: [IP_Flow 19-2248] Failed to load user IP repository 'd:/FPGA/Vivaldo Project/PUCCH-FORMAT-0/ofdm_demodulation/fpga/vivaldo project/pucch-format-0/sync_cyclic/sync_cyclic'; Can't find the specified path.
If this directory should no longer be in your list of user repositories, go to the IP Settings dialog and remove it.
INFO: [IP_Flow 19-2313] Loaded Vivado IP repository 'D:/Xilinx/Vivado/2019.2/data/ip'.
open_project: Time (s): cpu = 00:00:14 ; elapsed = 00:00:07 . Memory (MB): peak = 916.102 ; gain = 230.445
update_compile_order -fileset sources_1
export_ip_user_files -of_objects  [get_files {{D:/fpga/vivaldo project/pucch-format-0/sync_cyclic/component.xml}}] -no_script -reset -force -quiet
remove_files  {{D:/fpga/vivaldo project/pucch-format-0/sync_cyclic/component.xml}}
ipx::package_project -root_dir {d:/fpga/vivaldo project/pucch-format-0/sync_cyclic} -vendor xilinx.com -library user -taxonomy /UserIP -force
INFO: [IP_Flow 19-5107] Inferred bus interface 'rst' of definition 'xilinx.com:signal:reset:1.0' (from Xilinx Repository).
INFO: [IP_Flow 19-5107] Inferred bus interface 'clk' of definition 'xilinx.com:signal:clock:1.0' (from Xilinx Repository).
INFO: [IP_Flow 19-4728] Bus Interface 'clk': Added interface parameter 'ASSOCIATED_RESET' with value 'rst'.
WARNING: [IP_Flow 19-3153] Bus Interface 'clk': ASSOCIATED_BUSIF bus parameter is missing.
INFO: [IP_Flow 19-2181] Payment Required is not set for this core.
INFO: [IP_Flow 19-2187] The Product Guide file is missing.
ipx::remove_bus_interface rst [ipx::current_core]
ipx::remove_bus_interface clk [ipx::current_core]
set_property core_revision 2 [ipx::current_core]
ipx::create_xgui_files [ipx::current_core]
ipx::update_checksums [ipx::current_core]
ipx::save_core [ipx::current_core]
update_ip_catalog -rebuild -repo_path {d:/fpga/vivaldo project/pucch-format-0/sync_cyclic}
INFO: [IP_Flow 19-725] Reloaded user IP repository 'd:/fpga/vivaldo project/pucch-format-0/sync_cyclic'
set_property supported_families {} [ipx::current_core]
set_property supported_families {artix7 Production artix7l Production qartix7 Production qkintex7 Production qkintex7l Production kintexu Production kintexuplus Production qvirtex7 Production virtexuplus Production qzynq Production zynquplus Production kintex7 Production kintex7l Production spartan7 Production virtex7 Production virtexu Production virtexuplus58g Production virtexuplusHBM Production aartix7 Production akintex7 Production aspartan7 Production azynq Production zynq Production} [ipx::current_core]
set_property core_revision 3 [ipx::current_core]
ipx::create_xgui_files [ipx::current_core]
ipx::update_checksums [ipx::current_core]
ipx::save_core [ipx::current_core]
update_ip_catalog -rebuild -repo_path {d:/fpga/vivaldo project/pucch-format-0/sync_cyclic}
INFO: [IP_Flow 19-725] Reloaded user IP repository 'd:/fpga/vivaldo project/pucch-format-0/sync_cyclic'
exit
INFO: [Common 17-206] Exiting Vivado at Tue Dec 30 01:15:15 2025...
