Vivado Simulator 2019.2
Copyright 1986-1999, 2001-2019 Xilinx, Inc. All Rights Reserved.
Running: D:/Xilinx/Vivado/2019.2/bin/unwrapped/win64.o/xelab.exe -wto 6f3f20f9a0b54c4c8b83b8158bc6165a --incr --debug typical --relax --mt 2 -L xbip_utils_v3_0_10 -L c_reg_fd_v12_0_6 -L xbip_dsp48_wrapper_v3_0_4 -L xbip_pipe_v3_0_6 -L xbip_dsp48_addsub_v3_0_6 -L xbip_addsub_v3_0_6 -L c_addsub_v12_0_14 -L xbip_bram18k_v3_0_6 -L mult_gen_v12_0_16 -L axi_utils_v2_0_6 -L cordic_v6_0_16 -L xil_defaultlib -L cmpy_v6_0_18 -L fifo_generator_v13_2_5 -L unisims_ver -L unimacro_ver -L secureip -L xpm --snapshot tb_behav xil_defaultlib.tb xil_defaultlib.glbl -log elaborate.log 
Using 2 slave threads.
Starting static elaboration
Pass Through NonSizing Optimizer
WARNING: [VRFC 10-3715] size mismatch in mixed language port association, vhdl port 'm_axis_dout_tdata' [D:/FPGA/Vivaldo Project/PUCCH-FORMAT-0/correlation/correlation.srcs/sources_1/new/correlation.v:120]
Completed static elaboration
Starting simulation data flow analysis
Completed simulation data flow analysis
Time Resolution for simulation is 1ps
Compiling package std.standard
Compiling package std.textio
Compiling package ieee.std_logic_1164
Compiling package ieee.numeric_std
Compiling package xbip_utils_v3_0_10.xbip_utils_v3_0_10_pkg
Compiling package cmpy_v6_0_18.cmpy_v6_0_18_viv_comp
Compiling package axi_utils_v2_0_6.axi_utils_v2_0_6_pkg
Compiling package mult_gen_v12_0_16.mult_gen_v12_0_16_pkg
Compiling package ieee.std_logic_arith
Compiling package ieee.std_logic_signed
Compiling package cmpy_v6_0_18.cmpy_v6_0_18_pkg
Compiling package unisim.vcomponents
Compiling package mult_gen_v12_0_16.dsp_pkg
Compiling package ieee.vital_timing
Compiling package ieee.vital_primitives
Compiling package unisim.vpkg
Compiling package mult_gen_v12_0_16.mult_gen_v12_0_16_viv_comp
Compiling package ieee.std_logic_unsigned
Compiling package cordic_v6_0_16.cordic_v6_0_16_viv_comp
Compiling package xbip_pipe_v3_0_6.xbip_pipe_v3_0_6_viv_comp
Compiling package ieee.math_real
Compiling package axi_utils_v2_0_6.global_util_pkg
Compiling package axi_utils_v2_0_6.axi_utils_comps
Compiling package cordic_v6_0_16.cordic_pack
Compiling package cordic_v6_0_16.cordic_hdl_comps
Compiling package c_addsub_v12_0_14.c_addsub_v12_0_14_viv_comp
Compiling package xbip_addsub_v3_0_6.xbip_addsub_v3_0_6_viv_comp
Compiling package c_addsub_v12_0_14.c_addsub_v12_0_14_pkg
Compiling package c_addsub_v12_0_14.c_addsub_v12_0_14_pkg_legacy
Compiling package c_reg_fd_v12_0_6.c_reg_fd_v12_0_6_viv_comp
Compiling module fifo_generator_v13_2_5.fifo_generator_v13_2_5_bhv_ver_s...
Compiling module fifo_generator_v13_2_5.fifo_generator_v13_2_5_CONV_VER(...
Compiling module fifo_generator_v13_2_5.fifo_generator_vlog_beh(C_COMMON...
Compiling module xil_defaultlib.correlation_fifo_generator_0
Compiling module xil_defaultlib.correlation_fifo_generator_1
Compiling module fifo_generator_v13_2_5.fifo_generator_v13_2_5_bhv_ver_s...
Compiling module fifo_generator_v13_2_5.fifo_generator_v13_2_5_CONV_VER(...
Compiling module fifo_generator_v13_2_5.fifo_generator_vlog_beh(C_COMMON...
Compiling module xil_defaultlib.xcorr_fifo
Compiling architecture xilinx of entity cmpy_v6_0_18.delay_line [\delay_line(c_xdevicefamily="vir...]
Compiling architecture xilinx of entity cmpy_v6_0_18.delay_line [\delay_line(c_xdevicefamily="vir...]
Compiling architecture xilinx of entity cmpy_v6_0_18.delay_line [\delay_line(c_xdevicefamily="vir...]
Compiling architecture xilinx of entity cmpy_v6_0_18.delay_line [\delay_line(c_xdevicefamily="vir...]
Compiling architecture xilinx of entity mult_gen_v12_0_16.delay_line [\delay_line(c_xdevicefamily="vir...]
Compiling architecture xilinx of entity mult_gen_v12_0_16.delay_line [\delay_line(c_xdevicefamily="vir...]
Compiling architecture dsp48e2_v of entity unisim.DSP48E2 [\DSP48E2(acascreg=2,alumodereg=0...]
Compiling architecture xilinx of entity mult_gen_v12_0_16.delay_line [\delay_line(c_xdevicefamily="vir...]
Compiling architecture xilinx of entity mult_gen_v12_0_16.op_resize [\op_resize(ai_width=17,ao_width=...]
Compiling architecture xilinx of entity mult_gen_v12_0_16.dsp [\dsp(c_xdevicefamily="virtexuplu...]
Compiling architecture xilinx of entity cmpy_v6_0_18.cmpy_3_dsp48_mult [\cmpy_3_dsp48_mult(c_xdevicefami...]
Compiling architecture xilinx of entity mult_gen_v12_0_16.delay_line [\delay_line(c_xdevicefamily="vir...]
Compiling architecture xilinx of entity mult_gen_v12_0_16.delay_line [\delay_line(c_xdevicefamily="vir...]
Compiling architecture dsp48e2_v of entity unisim.DSP48E2 [\DSP48E2(alumodereg=0,amultsel="...]
Compiling architecture xilinx of entity mult_gen_v12_0_16.dsp [\dsp(c_xdevicefamily="virtexuplu...]
Compiling architecture xilinx of entity cmpy_v6_0_18.cmpy_3_dsp48_mult [\cmpy_3_dsp48_mult(c_xdevicefami...]
Compiling architecture xilinx of entity mult_gen_v12_0_16.dsp [\dsp(c_xdevicefamily="virtexuplu...]
Compiling architecture xilinx of entity cmpy_v6_0_18.cmpy_3_dsp48_mult [\cmpy_3_dsp48_mult(c_xdevicefami...]
Compiling architecture xilinx of entity cmpy_v6_0_18.input_negation [\input_negation(c_xdevicefamily=...]
Compiling architecture xilinx of entity cmpy_v6_0_18.delay_line [\delay_line(c_xdevicefamily="vir...]
Compiling architecture xilinx of entity cmpy_v6_0_18.delay_line [\delay_line(c_xdevicefamily="vir...]
Compiling architecture xilinx of entity cmpy_v6_0_18.cmpy_3_dsp48 [\cmpy_3_dsp48(c_xdevicefamily="v...]
Compiling architecture xilinx of entity cmpy_v6_0_18.cmpy_v6_0_18_synth [\cmpy_v6_0_18_synth(c_xdevicefam...]
Compiling architecture xilinx of entity cmpy_v6_0_18.cmpy_v6_0_18_viv [\cmpy_v6_0_18_viv(c_xdevicefamil...]
Compiling architecture xilinx of entity cmpy_v6_0_18.cmpy_v6_0_18 [\cmpy_v6_0_18(c_xdevicefamily="v...]
Compiling architecture xcorr_cmpy_0_arch of entity xil_defaultlib.xcorr_cmpy_0 [xcorr_cmpy_0_default]
Compiling architecture xcorr_cmpy_1_arch of entity xil_defaultlib.xcorr_cmpy_1 [xcorr_cmpy_1_default]
Compiling architecture xcorr_cmpy_2_arch of entity xil_defaultlib.xcorr_cmpy_2 [xcorr_cmpy_2_default]
Compiling architecture xcorr_cmpy_3_arch of entity xil_defaultlib.xcorr_cmpy_3 [xcorr_cmpy_3_default]
Compiling architecture xcorr_cmpy_4_arch of entity xil_defaultlib.xcorr_cmpy_4 [xcorr_cmpy_4_default]
Compiling architecture xcorr_cmpy_5_arch of entity xil_defaultlib.xcorr_cmpy_5 [xcorr_cmpy_5_default]
Compiling architecture xcorr_cmpy_6_arch of entity xil_defaultlib.xcorr_cmpy_6 [xcorr_cmpy_6_default]
Compiling architecture xcorr_cmpy_7_arch of entity xil_defaultlib.xcorr_cmpy_7 [xcorr_cmpy_7_default]
Compiling architecture xcorr_cmpy_8_arch of entity xil_defaultlib.xcorr_cmpy_8 [xcorr_cmpy_8_default]
Compiling architecture xcorr_cmpy_9_arch of entity xil_defaultlib.xcorr_cmpy_9 [xcorr_cmpy_9_default]
Compiling architecture xcorr_cmpy_10_arch of entity xil_defaultlib.xcorr_cmpy_10 [xcorr_cmpy_10_default]
Compiling architecture xcorr_cmpy_11_arch of entity xil_defaultlib.xcorr_cmpy_11 [xcorr_cmpy_11_default]
Compiling module xil_defaultlib.xcorr_12
Compiling module xil_defaultlib.correlation_xcorr_12_0
Compiling architecture lut2_v of entity unisim.LUT2 [\LUT2(init="1000")(0,3)\]
Compiling architecture mult_and_v of entity unisim.MULT_AND [mult_and_default]
Compiling architecture muxcy_v of entity unisim.MUXCY [muxcy_default]
Compiling architecture xorcy_v of entity unisim.XORCY [xorcy_default]
Compiling architecture xilinx of entity mult_gen_v12_0_16.op_resize [\op_resize(ai_width=21,bi_width=...]
Compiling architecture xilinx of entity mult_gen_v12_0_16.luts [\luts(c_xdevicefamily="virtexupl...]
Compiling architecture xilinx of entity mult_gen_v12_0_16.mult_gen_v12_0_16_viv [\mult_gen_v12_0_16_viv(c_verbosi...]
Compiling architecture xilinx of entity mult_gen_v12_0_16.mult_gen_v12_0_16 [\mult_gen_v12_0_16(c_xdevicefami...]
Compiling architecture correlation_mult_gen_0_arch of entity xil_defaultlib.correlation_mult_gen_0 [correlation_mult_gen_0_default]
Compiling architecture correlation_mult_gen_1_arch of entity xil_defaultlib.correlation_mult_gen_1 [correlation_mult_gen_1_default]
Compiling architecture synth of entity xbip_pipe_v3_0_6.xbip_pipe_v3_0_6_viv [\xbip_pipe_v3_0_6_viv(c_latency=...]
Compiling architecture struct_all of entity cordic_v6_0_16.delay [\delay(delay_len=1,family="virte...]
Compiling architecture rtl of entity c_addsub_v12_0_14.c_addsub_v12_0_14_lut6_legacy [\c_addsub_v12_0_14_lut6_legacy(c...]
Compiling architecture synth of entity c_addsub_v12_0_14.c_addsub_v12_0_14_fabric_legacy [\c_addsub_v12_0_14_fabric_legacy...]
Compiling architecture synth of entity c_addsub_v12_0_14.c_addsub_v12_0_14_legacy [\c_addsub_v12_0_14_legacy(c_fami...]
Compiling architecture synth of entity c_addsub_v12_0_14.c_addsub_v12_0_14_viv [\c_addsub_v12_0_14_viv(c_xdevice...]
Compiling architecture synth of entity cordic_v6_0_16.addsub [\addsub(family="virtexuplus",add...]
Compiling architecture struct_all of entity cordic_v6_0_16.delay [\delay(delay_len=1,family="virte...]
Compiling architecture struct_all of entity cordic_v6_0_16.delay [\delay(delay_len=10,family="virt...]
Compiling architecture synth of entity cordic_v6_0_16.cordic_sqrt_mod [\cordic_sqrt_mod(p_xdevicefamily...]
Compiling architecture struct_all of entity cordic_v6_0_16.delay [\delay(delay_len=1,family="virte...]
Compiling architecture rtl of entity c_addsub_v12_0_14.c_addsub_v12_0_14_lut6_legacy [\c_addsub_v12_0_14_lut6_legacy(c...]
Compiling architecture synth of entity c_addsub_v12_0_14.c_addsub_v12_0_14_fabric_legacy [\c_addsub_v12_0_14_fabric_legacy...]
Compiling architecture synth of entity c_addsub_v12_0_14.c_addsub_v12_0_14_legacy [\c_addsub_v12_0_14_legacy(c_fami...]
Compiling architecture synth of entity c_addsub_v12_0_14.c_addsub_v12_0_14_viv [\c_addsub_v12_0_14_viv(c_xdevice...]
Compiling architecture synth of entity cordic_v6_0_16.addsub [\addsub(family="virtexuplus",add...]
Compiling architecture struct_all of entity cordic_v6_0_16.delay [\delay(delay_len=11,family="virt...]
Compiling architecture synth of entity cordic_v6_0_16.cordic_sqrt_mod [\cordic_sqrt_mod(p_xdevicefamily...]
Compiling architecture rtl of entity c_addsub_v12_0_14.c_addsub_v12_0_14_lut6_legacy [\c_addsub_v12_0_14_lut6_legacy(c...]
Compiling architecture synth of entity c_addsub_v12_0_14.c_addsub_v12_0_14_fabric_legacy [\c_addsub_v12_0_14_fabric_legacy...]
Compiling architecture synth of entity c_addsub_v12_0_14.c_addsub_v12_0_14_legacy [\c_addsub_v12_0_14_legacy(c_fami...]
Compiling architecture synth of entity c_addsub_v12_0_14.c_addsub_v12_0_14_viv [\c_addsub_v12_0_14_viv(c_xdevice...]
Compiling architecture synth of entity cordic_v6_0_16.addsub [\addsub(family="virtexuplus",add...]
Compiling architecture struct_all of entity cordic_v6_0_16.delay [\delay(delay_len=1,family="virte...]
Compiling architecture struct_all of entity cordic_v6_0_16.delay [\delay(delay_len=9,family="virte...]
Compiling architecture synth of entity cordic_v6_0_16.cordic_sqrt_mod [\cordic_sqrt_mod(p_xdevicefamily...]
Compiling architecture struct_all of entity cordic_v6_0_16.delay [\delay(delay_len=1,family="virte...]
Compiling architecture rtl of entity c_addsub_v12_0_14.c_addsub_v12_0_14_lut6_legacy [\c_addsub_v12_0_14_lut6_legacy(c...]
Compiling architecture synth of entity c_addsub_v12_0_14.c_addsub_v12_0_14_fabric_legacy [\c_addsub_v12_0_14_fabric_legacy...]
Compiling architecture synth of entity c_addsub_v12_0_14.c_addsub_v12_0_14_legacy [\c_addsub_v12_0_14_legacy(c_fami...]
Compiling architecture synth of entity c_addsub_v12_0_14.c_addsub_v12_0_14_viv [\c_addsub_v12_0_14_viv(c_xdevice...]
Compiling architecture synth of entity cordic_v6_0_16.addsub [\addsub(family="virtexuplus",add...]
Compiling architecture struct_all of entity cordic_v6_0_16.delay [\delay(delay_len=12,family="virt...]
Compiling architecture synth of entity cordic_v6_0_16.cordic_sqrt_mod [\cordic_sqrt_mod(p_xdevicefamily...]
Compiling architecture rtl of entity c_addsub_v12_0_14.c_addsub_v12_0_14_lut6_legacy [\c_addsub_v12_0_14_lut6_legacy(c...]
Compiling architecture synth of entity c_addsub_v12_0_14.c_addsub_v12_0_14_fabric_legacy [\c_addsub_v12_0_14_fabric_legacy...]
Compiling architecture synth of entity c_addsub_v12_0_14.c_addsub_v12_0_14_legacy [\c_addsub_v12_0_14_legacy(c_fami...]
Compiling architecture synth of entity c_addsub_v12_0_14.c_addsub_v12_0_14_viv [\c_addsub_v12_0_14_viv(c_xdevice...]
Compiling architecture synth of entity cordic_v6_0_16.addsub [\addsub(family="virtexuplus",add...]
Compiling architecture struct_all of entity cordic_v6_0_16.delay [\delay(delay_len=1,family="virte...]
Compiling architecture struct_all of entity cordic_v6_0_16.delay [\delay(delay_len=8,family="virte...]
Compiling architecture synth of entity cordic_v6_0_16.cordic_sqrt_mod [\cordic_sqrt_mod(p_xdevicefamily...]
Compiling architecture struct_all of entity cordic_v6_0_16.delay [\delay(delay_len=1,family="virte...]
Compiling architecture rtl of entity c_addsub_v12_0_14.c_addsub_v12_0_14_lut6_legacy [\c_addsub_v12_0_14_lut6_legacy(c...]
Compiling architecture synth of entity c_addsub_v12_0_14.c_addsub_v12_0_14_fabric_legacy [\c_addsub_v12_0_14_fabric_legacy...]
Compiling architecture synth of entity c_addsub_v12_0_14.c_addsub_v12_0_14_legacy [\c_addsub_v12_0_14_legacy(c_fami...]
Compiling architecture synth of entity c_addsub_v12_0_14.c_addsub_v12_0_14_viv [\c_addsub_v12_0_14_viv(c_xdevice...]
Compiling architecture synth of entity cordic_v6_0_16.addsub [\addsub(family="virtexuplus",add...]
Compiling architecture struct_all of entity cordic_v6_0_16.delay [\delay(delay_len=13,family="virt...]
Compiling architecture synth of entity cordic_v6_0_16.cordic_sqrt_mod [\cordic_sqrt_mod(p_xdevicefamily...]
Compiling architecture rtl of entity c_addsub_v12_0_14.c_addsub_v12_0_14_lut6_legacy [\c_addsub_v12_0_14_lut6_legacy(c...]
Compiling architecture synth of entity c_addsub_v12_0_14.c_addsub_v12_0_14_fabric_legacy [\c_addsub_v12_0_14_fabric_legacy...]
Compiling architecture synth of entity c_addsub_v12_0_14.c_addsub_v12_0_14_legacy [\c_addsub_v12_0_14_legacy(c_fami...]
Compiling architecture synth of entity c_addsub_v12_0_14.c_addsub_v12_0_14_viv [\c_addsub_v12_0_14_viv(c_xdevice...]
Compiling architecture synth of entity cordic_v6_0_16.addsub [\addsub(family="virtexuplus",add...]
Compiling architecture struct_all of entity cordic_v6_0_16.delay [\delay(delay_len=1,family="virte...]
Compiling architecture struct_all of entity cordic_v6_0_16.delay [\delay(delay_len=7,family="virte...]
Compiling architecture synth of entity cordic_v6_0_16.cordic_sqrt_mod [\cordic_sqrt_mod(p_xdevicefamily...]
Compiling architecture struct_all of entity cordic_v6_0_16.delay [\delay(delay_len=1,family="virte...]
Compiling architecture rtl of entity c_addsub_v12_0_14.c_addsub_v12_0_14_lut6_legacy [\c_addsub_v12_0_14_lut6_legacy(c...]
Compiling architecture synth of entity c_addsub_v12_0_14.c_addsub_v12_0_14_fabric_legacy [\c_addsub_v12_0_14_fabric_legacy...]
Compiling architecture synth of entity c_addsub_v12_0_14.c_addsub_v12_0_14_legacy [\c_addsub_v12_0_14_legacy(c_fami...]
Compiling architecture synth of entity c_addsub_v12_0_14.c_addsub_v12_0_14_viv [\c_addsub_v12_0_14_viv(c_xdevice...]
Compiling architecture synth of entity cordic_v6_0_16.addsub [\addsub(family="virtexuplus",add...]
Compiling architecture struct_all of entity cordic_v6_0_16.delay [\delay(delay_len=14,family="virt...]
Compiling architecture synth of entity cordic_v6_0_16.cordic_sqrt_mod [\cordic_sqrt_mod(p_xdevicefamily...]
Compiling architecture rtl of entity c_addsub_v12_0_14.c_addsub_v12_0_14_lut6_legacy [\c_addsub_v12_0_14_lut6_legacy(c...]
Compiling architecture synth of entity c_addsub_v12_0_14.c_addsub_v12_0_14_fabric_legacy [\c_addsub_v12_0_14_fabric_legacy...]
Compiling architecture synth of entity c_addsub_v12_0_14.c_addsub_v12_0_14_legacy [\c_addsub_v12_0_14_legacy(c_fami...]
Compiling architecture synth of entity c_addsub_v12_0_14.c_addsub_v12_0_14_viv [\c_addsub_v12_0_14_viv(c_xdevice...]
Compiling architecture synth of entity cordic_v6_0_16.addsub [\addsub(family="virtexuplus",add...]
Compiling architecture struct_all of entity cordic_v6_0_16.delay [\delay(delay_len=1,family="virte...]
Compiling architecture struct_all of entity cordic_v6_0_16.delay [\delay(delay_len=6,family="virte...]
Compiling architecture synth of entity cordic_v6_0_16.cordic_sqrt_mod [\cordic_sqrt_mod(p_xdevicefamily...]
Compiling architecture struct_all of entity cordic_v6_0_16.delay [\delay(delay_len=1,family="virte...]
Compiling architecture rtl of entity c_addsub_v12_0_14.c_addsub_v12_0_14_lut6_legacy [\c_addsub_v12_0_14_lut6_legacy(c...]
Compiling architecture synth of entity c_addsub_v12_0_14.c_addsub_v12_0_14_fabric_legacy [\c_addsub_v12_0_14_fabric_legacy...]
Compiling architecture synth of entity c_addsub_v12_0_14.c_addsub_v12_0_14_legacy [\c_addsub_v12_0_14_legacy(c_fami...]
Compiling architecture synth of entity c_addsub_v12_0_14.c_addsub_v12_0_14_viv [\c_addsub_v12_0_14_viv(c_xdevice...]
Compiling architecture synth of entity cordic_v6_0_16.addsub [\addsub(family="virtexuplus",add...]
Compiling architecture struct_all of entity cordic_v6_0_16.delay [\delay(delay_len=15,family="virt...]
Compiling architecture synth of entity cordic_v6_0_16.cordic_sqrt_mod [\cordic_sqrt_mod(p_xdevicefamily...]
Compiling architecture rtl of entity c_addsub_v12_0_14.c_addsub_v12_0_14_lut6_legacy [\c_addsub_v12_0_14_lut6_legacy(c...]
Compiling architecture synth of entity c_addsub_v12_0_14.c_addsub_v12_0_14_fabric_legacy [\c_addsub_v12_0_14_fabric_legacy...]
Compiling architecture synth of entity c_addsub_v12_0_14.c_addsub_v12_0_14_legacy [\c_addsub_v12_0_14_legacy(c_fami...]
Compiling architecture synth of entity c_addsub_v12_0_14.c_addsub_v12_0_14_viv [\c_addsub_v12_0_14_viv(c_xdevice...]
Compiling architecture synth of entity cordic_v6_0_16.addsub [\addsub(family="virtexuplus",add...]
Compiling architecture struct_all of entity cordic_v6_0_16.delay [\delay(delay_len=1,family="virte...]
Compiling architecture struct_all of entity cordic_v6_0_16.delay [\delay(delay_len=5,family="virte...]
Compiling architecture synth of entity cordic_v6_0_16.cordic_sqrt_mod [\cordic_sqrt_mod(p_xdevicefamily...]
Compiling architecture struct_all of entity cordic_v6_0_16.delay [\delay(delay_len=1,family="virte...]
Compiling architecture rtl of entity c_addsub_v12_0_14.c_addsub_v12_0_14_lut6_legacy [\c_addsub_v12_0_14_lut6_legacy(c...]
Compiling architecture synth of entity c_addsub_v12_0_14.c_addsub_v12_0_14_fabric_legacy [\c_addsub_v12_0_14_fabric_legacy...]
Compiling architecture synth of entity c_addsub_v12_0_14.c_addsub_v12_0_14_legacy [\c_addsub_v12_0_14_legacy(c_fami...]
Compiling architecture synth of entity c_addsub_v12_0_14.c_addsub_v12_0_14_viv [\c_addsub_v12_0_14_viv(c_xdevice...]
Compiling architecture synth of entity cordic_v6_0_16.addsub [\addsub(family="virtexuplus",add...]
Compiling architecture struct_all of entity cordic_v6_0_16.delay [\delay(delay_len=16,family="virt...]
Compiling architecture synth of entity cordic_v6_0_16.cordic_sqrt_mod [\cordic_sqrt_mod(p_xdevicefamily...]
Compiling architecture rtl of entity c_addsub_v12_0_14.c_addsub_v12_0_14_lut6_legacy [\c_addsub_v12_0_14_lut6_legacy(c...]
Compiling architecture synth of entity c_addsub_v12_0_14.c_addsub_v12_0_14_fabric_legacy [\c_addsub_v12_0_14_fabric_legacy...]
Compiling architecture synth of entity c_addsub_v12_0_14.c_addsub_v12_0_14_legacy [\c_addsub_v12_0_14_legacy(c_fami...]
Compiling architecture synth of entity c_addsub_v12_0_14.c_addsub_v12_0_14_viv [\c_addsub_v12_0_14_viv(c_xdevice...]
Compiling architecture synth of entity cordic_v6_0_16.addsub [\addsub(family="virtexuplus",add...]
Compiling architecture struct_all of entity cordic_v6_0_16.delay [\delay(delay_len=1,family="virte...]
Compiling architecture struct_all of entity cordic_v6_0_16.delay [\delay(delay_len=4,family="virte...]
Compiling architecture synth of entity cordic_v6_0_16.cordic_sqrt_mod [\cordic_sqrt_mod(p_xdevicefamily...]
Compiling architecture struct_all of entity cordic_v6_0_16.delay [\delay(delay_len=1,family="virte...]
Compiling architecture rtl of entity c_addsub_v12_0_14.c_addsub_v12_0_14_lut6_legacy [\c_addsub_v12_0_14_lut6_legacy(c...]
Compiling architecture synth of entity c_addsub_v12_0_14.c_addsub_v12_0_14_fabric_legacy [\c_addsub_v12_0_14_fabric_legacy...]
Compiling architecture synth of entity c_addsub_v12_0_14.c_addsub_v12_0_14_legacy [\c_addsub_v12_0_14_legacy(c_fami...]
Compiling architecture synth of entity c_addsub_v12_0_14.c_addsub_v12_0_14_viv [\c_addsub_v12_0_14_viv(c_xdevice...]
Compiling architecture synth of entity cordic_v6_0_16.addsub [\addsub(family="virtexuplus",add...]
Compiling architecture struct_all of entity cordic_v6_0_16.delay [\delay(delay_len=17,family="virt...]
Compiling architecture synth of entity cordic_v6_0_16.cordic_sqrt_mod [\cordic_sqrt_mod(p_xdevicefamily...]
Compiling architecture rtl of entity c_addsub_v12_0_14.c_addsub_v12_0_14_lut6_legacy [\c_addsub_v12_0_14_lut6_legacy(c...]
Compiling architecture synth of entity c_addsub_v12_0_14.c_addsub_v12_0_14_fabric_legacy [\c_addsub_v12_0_14_fabric_legacy...]
Compiling architecture synth of entity c_addsub_v12_0_14.c_addsub_v12_0_14_legacy [\c_addsub_v12_0_14_legacy(c_fami...]
Compiling architecture synth of entity c_addsub_v12_0_14.c_addsub_v12_0_14_viv [\c_addsub_v12_0_14_viv(c_xdevice...]
Compiling architecture synth of entity cordic_v6_0_16.addsub [\addsub(family="virtexuplus",add...]
Compiling architecture struct_all of entity cordic_v6_0_16.delay [\delay(delay_len=1,family="virte...]
Compiling architecture struct_all of entity cordic_v6_0_16.delay [\delay(delay_len=3,family="virte...]
Compiling architecture synth of entity cordic_v6_0_16.cordic_sqrt_mod [\cordic_sqrt_mod(p_xdevicefamily...]
Compiling architecture struct_all of entity cordic_v6_0_16.delay [\delay(delay_len=1,family="virte...]
Compiling architecture rtl of entity c_addsub_v12_0_14.c_addsub_v12_0_14_lut6_legacy [\c_addsub_v12_0_14_lut6_legacy(c...]
Compiling architecture synth of entity c_addsub_v12_0_14.c_addsub_v12_0_14_fabric_legacy [\c_addsub_v12_0_14_fabric_legacy...]
Compiling architecture synth of entity c_addsub_v12_0_14.c_addsub_v12_0_14_legacy [\c_addsub_v12_0_14_legacy(c_fami...]
Compiling architecture synth of entity c_addsub_v12_0_14.c_addsub_v12_0_14_viv [\c_addsub_v12_0_14_viv(c_xdevice...]
Compiling architecture synth of entity cordic_v6_0_16.addsub [\addsub(family="virtexuplus",add...]
Compiling architecture struct_all of entity cordic_v6_0_16.delay [\delay(delay_len=18,family="virt...]
Compiling architecture synth of entity cordic_v6_0_16.cordic_sqrt_mod [\cordic_sqrt_mod(p_xdevicefamily...]
Compiling architecture rtl of entity c_addsub_v12_0_14.c_addsub_v12_0_14_lut6_legacy [\c_addsub_v12_0_14_lut6_legacy(c...]
Compiling architecture synth of entity c_addsub_v12_0_14.c_addsub_v12_0_14_fabric_legacy [\c_addsub_v12_0_14_fabric_legacy...]
Compiling architecture synth of entity c_addsub_v12_0_14.c_addsub_v12_0_14_legacy [\c_addsub_v12_0_14_legacy(c_fami...]
Compiling architecture synth of entity c_addsub_v12_0_14.c_addsub_v12_0_14_viv [\c_addsub_v12_0_14_viv(c_xdevice...]
Compiling architecture synth of entity cordic_v6_0_16.addsub [\addsub(family="virtexuplus",add...]
Compiling architecture struct_all of entity cordic_v6_0_16.delay [\delay(delay_len=1,family="virte...]
Compiling architecture struct_all of entity cordic_v6_0_16.delay [\delay(delay_len=2,family="virte...]
Compiling architecture synth of entity cordic_v6_0_16.cordic_sqrt_mod [\cordic_sqrt_mod(p_xdevicefamily...]
Compiling architecture struct_all of entity cordic_v6_0_16.delay [\delay(delay_len=1,family="virte...]
Compiling architecture rtl of entity c_addsub_v12_0_14.c_addsub_v12_0_14_lut6_legacy [\c_addsub_v12_0_14_lut6_legacy(c...]
Compiling architecture synth of entity c_addsub_v12_0_14.c_addsub_v12_0_14_fabric_legacy [\c_addsub_v12_0_14_fabric_legacy...]
Compiling architecture synth of entity c_addsub_v12_0_14.c_addsub_v12_0_14_legacy [\c_addsub_v12_0_14_legacy(c_fami...]
Compiling architecture synth of entity c_addsub_v12_0_14.c_addsub_v12_0_14_viv [\c_addsub_v12_0_14_viv(c_xdevice...]
Compiling architecture synth of entity cordic_v6_0_16.addsub [\addsub(family="virtexuplus",add...]
Compiling architecture struct_all of entity cordic_v6_0_16.delay [\delay(delay_len=19,family="virt...]
Compiling architecture synth of entity cordic_v6_0_16.cordic_sqrt_mod [\cordic_sqrt_mod(p_xdevicefamily...]
Compiling architecture rtl of entity c_addsub_v12_0_14.c_addsub_v12_0_14_lut6_legacy [\c_addsub_v12_0_14_lut6_legacy(c...]
Compiling architecture synth of entity c_addsub_v12_0_14.c_addsub_v12_0_14_fabric_legacy [\c_addsub_v12_0_14_fabric_legacy...]
Compiling architecture synth of entity c_addsub_v12_0_14.c_addsub_v12_0_14_legacy [\c_addsub_v12_0_14_legacy(c_fami...]
Compiling architecture synth of entity c_addsub_v12_0_14.c_addsub_v12_0_14_viv [\c_addsub_v12_0_14_viv(c_xdevice...]
Compiling architecture synth of entity cordic_v6_0_16.addsub [\addsub(family="virtexuplus",add...]
Compiling architecture struct_all of entity cordic_v6_0_16.delay [\delay(delay_len=1,family="virte...]
Compiling architecture struct_all of entity cordic_v6_0_16.delay [\delay(delay_len=1,family="virte...]
Compiling architecture synth of entity cordic_v6_0_16.cordic_sqrt_mod [\cordic_sqrt_mod(p_xdevicefamily...]
Compiling architecture struct_all of entity cordic_v6_0_16.delay [\delay(delay_len=1,family="virte...]
Compiling architecture rtl of entity c_addsub_v12_0_14.c_addsub_v12_0_14_lut6_legacy [\c_addsub_v12_0_14_lut6_legacy(c...]
Compiling architecture synth of entity c_addsub_v12_0_14.c_addsub_v12_0_14_fabric_legacy [\c_addsub_v12_0_14_fabric_legacy...]
Compiling architecture synth of entity c_addsub_v12_0_14.c_addsub_v12_0_14_legacy [\c_addsub_v12_0_14_legacy(c_fami...]
Compiling architecture synth of entity c_addsub_v12_0_14.c_addsub_v12_0_14_viv [\c_addsub_v12_0_14_viv(c_xdevice...]
Compiling architecture synth of entity cordic_v6_0_16.addsub [\addsub(family="virtexuplus",add...]
Compiling architecture struct_all of entity cordic_v6_0_16.delay [\delay(delay_len=20,family="virt...]
Compiling architecture synth of entity cordic_v6_0_16.cordic_sqrt_mod [\cordic_sqrt_mod(p_xdevicefamily...]
Compiling architecture rtl of entity c_addsub_v12_0_14.c_addsub_v12_0_14_lut6_legacy [\c_addsub_v12_0_14_lut6_legacy(c...]
Compiling architecture synth of entity c_addsub_v12_0_14.c_addsub_v12_0_14_fabric_legacy [\c_addsub_v12_0_14_fabric_legacy...]
Compiling architecture synth of entity c_addsub_v12_0_14.c_addsub_v12_0_14_legacy [\c_addsub_v12_0_14_legacy(c_fami...]
Compiling architecture synth of entity c_addsub_v12_0_14.c_addsub_v12_0_14_viv [\c_addsub_v12_0_14_viv(c_xdevice...]
Compiling architecture synth of entity cordic_v6_0_16.addsub [\addsub(family="virtexuplus",add...]
Compiling architecture struct_all of entity cordic_v6_0_16.delay [\delay(delay_len=1,family="virte...]
Compiling architecture struct_all of entity cordic_v6_0_16.delay [\delay(delay_len=0,family="virte...]
Compiling architecture synth of entity cordic_v6_0_16.cordic_sqrt_mod [\cordic_sqrt_mod(p_xdevicefamily...]
Compiling architecture rtl of entity c_addsub_v12_0_14.c_addsub_v12_0_14_lut6_legacy [\c_addsub_v12_0_14_lut6_legacy(c...]
Compiling architecture synth of entity c_addsub_v12_0_14.c_addsub_v12_0_14_fabric_legacy [\c_addsub_v12_0_14_fabric_legacy...]
Compiling architecture synth of entity c_addsub_v12_0_14.c_addsub_v12_0_14_legacy [\c_addsub_v12_0_14_legacy(c_fami...]
Compiling architecture synth of entity c_addsub_v12_0_14.c_addsub_v12_0_14_viv [\c_addsub_v12_0_14_viv(c_xdevice...]
Compiling architecture synth of entity cordic_v6_0_16.addsub [\addsub(family="virtexuplus",add...]
Compiling architecture struct_all of entity cordic_v6_0_16.delay [\delay(delay_len=21,family="virt...]
Compiling architecture synth of entity cordic_v6_0_16.cordic_sqrt_mod [\cordic_sqrt_mod(p_xdevicefamily...]
Compiling architecture struct_all of entity cordic_v6_0_16.delay [\delay(delay_len=1,family="virte...]
Compiling architecture struct_all of entity cordic_v6_0_16.delay_bit [\delay_bit(delay_len=1,family="v...]
Compiling architecture struct_all of entity cordic_v6_0_16.delay_bit [\delay_bit(delay_len=22,family="...]
Compiling architecture synth of entity cordic_v6_0_16.cordic_sqrt [\cordic_sqrt(p_xdevicefamily="vi...]
Compiling architecture synth of entity cordic_v6_0_16.cordic_v6_0_16_synth [\cordic_v6_0_16_synth(c_architec...]
Compiling architecture synth of entity cordic_v6_0_16.cordic_v6_0_16_viv [\cordic_v6_0_16_viv(c_architectu...]
Compiling architecture xilinx of entity cordic_v6_0_16.cordic_v6_0_16 [\cordic_v6_0_16(c_architecture=2...]
Compiling architecture correlation_cordic_0_arch of entity xil_defaultlib.correlation_cordic_0 [correlation_cordic_0_default]
Compiling module xil_defaultlib.correlation
Compiling module xil_defaultlib.tb
Compiling module xil_defaultlib.glbl
Built simulation snapshot tb_behav
