INFO: [VRFC 10-163] Analyzing VHDL file "D:/FPGA/Vivaldo Project/PUCCH-FORMAT-0/correlation/correlation.srcs/sources_1/ip/correlation_cordic_0/sim/correlation_cordic_0.vhd" into library xil_defaultlib
INFO: [VRFC 10-3107] analyzing entity 'correlation_cordic_0'
INFO: [VRFC 10-163] Analyzing VHDL file "D:/FPGA/Vivaldo Project/PUCCH-FORMAT-0/correlation/correlation.srcs/sources_1/ip/correlation_mult_gen_1/sim/correlation_mult_gen_1.vhd" into library xil_defaultlib
INFO: [VRFC 10-3107] analyzing entity 'correlation_mult_gen_1'
INFO: [VRFC 10-163] Analyzing VHDL file "D:/FPGA/Vivaldo Project/PUCCH-FORMAT-0/correlation/correlation.srcs/sources_1/ip/correlation_mult_gen_0/sim/correlation_mult_gen_0.vhd" into library xil_defaultlib
INFO: [VRFC 10-3107] analyzing entity 'correlation_mult_gen_0'
INFO: [VRFC 10-163] Analyzing VHDL file "D:/FPGA/Vivaldo Project/PUCCH-FORMAT-0/correlation/correlation.srcs/sources_1/ip/correlation_xcorr_12_0/xcorr_12.srcs/sources_1/ip/xcorr_cmpy_11/sim/xcorr_cmpy_11.vhd" into library xil_defaultlib
INFO: [VRFC 10-3107] analyzing entity 'xcorr_cmpy_11'
INFO: [VRFC 10-163] Analyzing VHDL file "D:/FPGA/Vivaldo Project/PUCCH-FORMAT-0/correlation/correlation.srcs/sources_1/ip/correlation_xcorr_12_0/xcorr_12.srcs/sources_1/ip/xcorr_cmpy_10/sim/xcorr_cmpy_10.vhd" into library xil_defaultlib
INFO: [VRFC 10-3107] analyzing entity 'xcorr_cmpy_10'
INFO: [VRFC 10-163] Analyzing VHDL file "D:/FPGA/Vivaldo Project/PUCCH-FORMAT-0/correlation/correlation.srcs/sources_1/ip/correlation_xcorr_12_0/xcorr_12.srcs/sources_1/ip/xcorr_cmpy_9/sim/xcorr_cmpy_9.vhd" into library xil_defaultlib
INFO: [VRFC 10-3107] analyzing entity 'xcorr_cmpy_9'
INFO: [VRFC 10-163] Analyzing VHDL file "D:/FPGA/Vivaldo Project/PUCCH-FORMAT-0/correlation/correlation.srcs/sources_1/ip/correlation_xcorr_12_0/xcorr_12.srcs/sources_1/ip/xcorr_cmpy_8/sim/xcorr_cmpy_8.vhd" into library xil_defaultlib
INFO: [VRFC 10-3107] analyzing entity 'xcorr_cmpy_8'
INFO: [VRFC 10-163] Analyzing VHDL file "D:/FPGA/Vivaldo Project/PUCCH-FORMAT-0/correlation/correlation.srcs/sources_1/ip/correlation_xcorr_12_0/xcorr_12.srcs/sources_1/ip/xcorr_cmpy_7/sim/xcorr_cmpy_7.vhd" into library xil_defaultlib
INFO: [VRFC 10-3107] analyzing entity 'xcorr_cmpy_7'
INFO: [VRFC 10-163] Analyzing VHDL file "D:/FPGA/Vivaldo Project/PUCCH-FORMAT-0/correlation/correlation.srcs/sources_1/ip/correlation_xcorr_12_0/xcorr_12.srcs/sources_1/ip/xcorr_cmpy_6/sim/xcorr_cmpy_6.vhd" into library xil_defaultlib
INFO: [VRFC 10-3107] analyzing entity 'xcorr_cmpy_6'
INFO: [VRFC 10-163] Analyzing VHDL file "D:/FPGA/Vivaldo Project/PUCCH-FORMAT-0/correlation/correlation.srcs/sources_1/ip/correlation_xcorr_12_0/xcorr_12.srcs/sources_1/ip/xcorr_cmpy_5/sim/xcorr_cmpy_5.vhd" into library xil_defaultlib
INFO: [VRFC 10-3107] analyzing entity 'xcorr_cmpy_5'
INFO: [VRFC 10-163] Analyzing VHDL file "D:/FPGA/Vivaldo Project/PUCCH-FORMAT-0/correlation/correlation.srcs/sources_1/ip/correlation_xcorr_12_0/xcorr_12.srcs/sources_1/ip/xcorr_cmpy_4/sim/xcorr_cmpy_4.vhd" into library xil_defaultlib
INFO: [VRFC 10-3107] analyzing entity 'xcorr_cmpy_4'
INFO: [VRFC 10-163] Analyzing VHDL file "D:/FPGA/Vivaldo Project/PUCCH-FORMAT-0/correlation/correlation.srcs/sources_1/ip/correlation_xcorr_12_0/xcorr_12.srcs/sources_1/ip/xcorr_cmpy_3/sim/xcorr_cmpy_3.vhd" into library xil_defaultlib
INFO: [VRFC 10-3107] analyzing entity 'xcorr_cmpy_3'
INFO: [VRFC 10-163] Analyzing VHDL file "D:/FPGA/Vivaldo Project/PUCCH-FORMAT-0/correlation/correlation.srcs/sources_1/ip/correlation_xcorr_12_0/xcorr_12.srcs/sources_1/ip/xcorr_cmpy_2/sim/xcorr_cmpy_2.vhd" into library xil_defaultlib
INFO: [VRFC 10-3107] analyzing entity 'xcorr_cmpy_2'
INFO: [VRFC 10-163] Analyzing VHDL file "D:/FPGA/Vivaldo Project/PUCCH-FORMAT-0/correlation/correlation.srcs/sources_1/ip/correlation_xcorr_12_0/xcorr_12.srcs/sources_1/ip/xcorr_cmpy_1/sim/xcorr_cmpy_1.vhd" into library xil_defaultlib
INFO: [VRFC 10-3107] analyzing entity 'xcorr_cmpy_1'
INFO: [VRFC 10-163] Analyzing VHDL file "D:/FPGA/Vivaldo Project/PUCCH-FORMAT-0/correlation/correlation.srcs/sources_1/ip/correlation_xcorr_12_0/xcorr_12.srcs/sources_1/ip/xcorr_cmpy_0/sim/xcorr_cmpy_0.vhd" into library xil_defaultlib
INFO: [VRFC 10-3107] analyzing entity 'xcorr_cmpy_0'
